              vi-12138   [000] d..1.  9254.327525: workqueue_queue_work: work struct=000000008e85958b function=flush_to_ldisc workqueue=events_unbound req_cpu=8192 cpu=-1
            sudo-2677    [001] d..1.  9254.327727: workqueue_queue_work: work struct=00000000d4bb5238 function=flush_to_ldisc workqueue=events_unbound req_cpu=8192 cpu=-1
              vi-12138   [000] d..1.  9254.327767: workqueue_queue_work: work struct=000000008e85958b function=flush_to_ldisc workqueue=events_unbound req_cpu=8192 cpu=-1
            sudo-2677    [002] d..1.  9254.327865: workqueue_queue_work: work struct=00000000d4bb5238 function=flush_to_ldisc workqueue=events_unbound req_cpu=8192 cpu=-1
      KMS thread-1775    [002] d..1.  9254.335060: workqueue_queue_work: work struct=00000000904818ba function=radeon_flip_work_func [radeon] workqueue=radeon-crtc req_cpu=8192 cpu=2
          <idle>-0       [001] d.h2.  9254.338059: workqueue_queue_work: work struct=00000000d03bb19a function=radeon_unpin_work_func [radeon] workqueue=radeon-crtc req_cpu=8192 cpu=1
          <idle>-0       [002] d.h4.  9254.343209: workqueue_queue_work: work struct=0000000087ec34eb function=console_callback workqueue=events req_cpu=8192 cpu=2
 gnome-terminal--2648    [000] d..1.  9254.357245: workqueue_queue_work: work struct=000000000eec7af9 function=flush_to_ldisc workqueue=events_unbound req_cpu=8192 cpu=-1
            sudo-2677    [001] d..1.  9254.357421: workqueue_queue_work: work struct=00000000526d5dbc function=flush_to_ldisc workqueue=events_unbound req_cpu=8192 cpu=-1
              vi-12138   [001] d..1.  9254.357675: workqueue_queue_work: work struct=000000008e85958b function=flush_to_ldisc workqueue=events_unbound req_cpu=8192 cpu=-1
            sudo-2677    [003] d..1.  9254.357780: workqueue_queue_work: work struct=00000000d4bb5238 function=flush_to_ldisc workqueue=events_unbound req_cpu=8192 cpu=-1
              vi-12138   [001] d..1.  9254.360990: workqueue_queue_work: work struct=000000008e85958b function=flush_to_ldisc workqueue=events_unbound req_cpu=8192 cpu=-1
            sudo-2677    [003] d..1.  9254.361174: workqueue_queue_work: work struct=00000000d4bb5238 function=flush_to_ldisc workqueue=events_unbound req_cpu=8192 cpu=-1
              vi-12138   [001] d..1.  9254.361207: workqueue_queue_work: work struct=000000008e85958b function=flush_to_ldisc workqueue=events_unbound req_cpu=8192 cpu=-1
            sudo-2677    [000] d..1.  9254.361338: workqueue_queue_work: work struct=00000000d4bb5238 function=flush_to_ldisc workqueue=events_unbound req_cpu=8192 cpu=-1
      KMS thread-1775    [002] d..1.  9254.368161: workqueue_queue_work: work struct=00000000462b7c74 function=radeon_flip_work_func [radeon] workqueue=radeon-crtc req_cpu=8192 cpu=2
          <idle>-0       [001] d.h2.  9254.371410: workqueue_queue_work: work struct=00000000ddb942a0 function=radeon_unpin_work_func [radeon] workqueue=radeon-crtc req_cpu=8192 cpu=1
          <idle>-0       [002] d.h4.  9254.379975: workqueue_queue_work: work struct=0000000087ec34eb function=console_callback workqueue=events req_cpu=8192 cpu=2
 gnome-terminal--2648    [003] d..1.  9254.391542: workqueue_queue_work: work struct=000000000eec7af9 function=flush_to_ldisc workqueue=events_unbound req_cpu=8192 cpu=-1
            sudo-2677    [000] d..1.  9254.391753: workqueue_queue_work: work struct=00000000526d5dbc function=flush_to_ldisc workqueue=events_unbound req_cpu=8192 cpu=-1
              vi-12138   [001] d..1.  9254.392006: workqueue_queue_work: work struct=000000008e85958b function=flush_to_ldisc workqueue=events_unbound req_cpu=8192 cpu=-1
            sudo-2677    [000] d..1.  9254.392126: workqueue_queue_work: work struct=00000000d4bb5238 function=flush_to_ldisc workqueue=events_unbound req_cpu=8192 cpu=-1
              vi-12138   [001] d..1.  9254.395433: workqueue_queue_work: work struct=000000008e85958b function=flush_to_ldisc workqueue=events_unbound req_cpu=8192 cpu=-1
            sudo-2677    [000] d..1.  9254.395604: workqueue_queue_work: work struct=00000000d4bb5238 function=flush_to_ldisc workqueue=events_unbound req_cpu=8192 cpu=-1
              vi-12138   [001] d..1.  9254.395689: workqueue_queue_work: work struct=000000008e85958b function=flush_to_ldisc workqueue=events_unbound req_cpu=8192 cpu=-1
            sudo-2677    [000] d..1.  9254.395780: workqueue_queue_work: work struct=00000000d4bb5238 function=flush_to_ldisc workqueue=events_unbound req_cpu=8192 cpu=-1
      KMS thread-1775    [002] d..1.  9254.401701: workqueue_queue_work: work struct=000000003c0e3b9b function=radeon_flip_work_func [radeon] workqueue=radeon-crtc req_cpu=8192 cpu=2
          <idle>-0       [001] d.h2.  9254.404757: workqueue_queue_work: work struct=00000000966f1c0a function=radeon_unpin_work_func [radeon] workqueue=radeon-crtc req_cpu=8192 cpu=1
     gnome-shell-1740    [002] d.h3.  9254.416025: workqueue_queue_work: work struct=0000000087ec34eb function=console_callback workqueue=events req_cpu=8192 cpu=2
          <idle>-0       [002] D.s3.  9254.424732: workqueue_queue_work: work struct=00000000fa8fa0a3 function=cfg80211_wiphy_work [cfg80211] workqueue=events req_cpu=8192 cpu=2
 gnome-terminal--2648    [003] d..1.  9254.424921: workqueue_queue_work: work struct=000000000eec7af9 function=flush_to_ldisc workqueue=events_unbound req_cpu=8192 cpu=-1
            sudo-2677    [000] d..1.  9254.425155: workqueue_queue_work: work struct=00000000526d5dbc function=flush_to_ldisc workqueue=events_unbound req_cpu=8192 cpu=-1
              vi-12138   [000] d..1.  9254.425422: workqueue_queue_work: work struct=000000008e85958b function=flush_to_ldisc workqueue=events_unbound req_cpu=8192 cpu=-1
            sudo-2677    [003] d..1.  9254.425598: workqueue_queue_work: work struct=00000000d4bb5238 function=flush_to_ldisc workqueue=events_unbound req_cpu=8192 cpu=-1
              vi-12138   [000] d..1.  9254.428929: workqueue_queue_work: work struct=000000008e85958b function=flush_to_ldisc workqueue=events_unbound req_cpu=8192 cpu=-1
            sudo-2677    [003] d..1.  9254.429149: workqueue_queue_work: work struct=00000000d4bb5238 function=flush_to_ldisc workqueue=events_unbound req_cpu=8192 cpu=-1
              vi-12138   [000] d..1.  9254.429267: workqueue_queue_work: work struct=000000008e85958b function=flush_to_ldisc workqueue=events_unbound req_cpu=8192 cpu=-1
            sudo-2677    [003] d..1.  9254.429385: workqueue_queue_work: work struct=00000000d4bb5238 function=flush_to_ldisc workqueue=events_unbound req_cpu=8192 cpu=-1
      KMS thread-1775    [002] d..1.  9254.434202: workqueue_queue_work: work struct=00000000c2ca1564 function=radeon_flip_work_func [radeon] workqueue=radeon-crtc req_cpu=8192 cpu=2
          <idle>-0       [001] d.h2.  9254.438089: workqueue_queue_work: work struct=0000000093e98553 function=radeon_unpin_work_func [radeon] workqueue=radeon-crtc req_cpu=8192 cpu=1
 gnome-terminal--2648    [003] d..1.  9254.448226: workqueue_queue_work: work struct=000000000eec7af9 function=flush_to_ldisc workqueue=events_unbound req_cpu=8192 cpu=-1
            sudo-2677    [000] d..1.  9254.448418: workqueue_queue_work: work struct=00000000526d5dbc function=flush_to_ldisc workqueue=events_unbound req_cpu=8192 cpu=-1
              vi-12138   [000] d..1.  9254.448691: workqueue_queue_work: work struct=000000008e85958b function=flush_to_ldisc workqueue=events_unbound req_cpu=8192 cpu=-1
            sudo-2677    [001] d..1.  9254.448831: workqueue_queue_work: work struct=00000000d4bb5238 function=flush_to_ldisc workqueue=events_unbound req_cpu=8192 cpu=-1
              vi-12138   [000] d..1.  9254.452931: workqueue_queue_work: work struct=000000008e85958b function=flush_to_ldisc workqueue=events_unbound req_cpu=8192 cpu=-1
            sudo-2677    [001] d..1.  9254.453238: workqueue_queue_work: work struct=00000000d4bb5238 function=flush_to_ldisc workqueue=events_unbound req_cpu=8192 cpu=-1
              vi-12138   [000] d..1.  9254.453321: workqueue_queue_work: work struct=000000008e85958b function=flush_to_ldisc workqueue=events_unbound req_cpu=8192 cpu=-1
            sudo-2677    [001] d..1.  9254.453412: workqueue_queue_work: work struct=00000000d4bb5238 function=flush_to_ldisc workqueue=events_unbound req_cpu=8192 cpu=-1
          <idle>-0       [002] d.h4.  9254.453752: workqueue_queue_work: work struct=0000000087ec34eb function=console_callback workqueue=events req_cpu=8192 cpu=2
      KMS thread-1775    [002] d..1.  9254.468443: workqueue_queue_work: work struct=00000000d15ff6ae function=radeon_flip_work_func [radeon] workqueue=radeon-crtc req_cpu=8192 cpu=2
          <idle>-0       [001] d.h2.  9254.471454: workqueue_queue_work: work struct=000000003e5a2151 function=radeon_unpin_work_func [radeon] workqueue=radeon-crtc req_cpu=8192 cpu=1
 gnome-terminal--2648    [003] d..1.  9254.474575: workqueue_queue_work: work struct=000000000eec7af9 function=flush_to_ldisc workqueue=events_unbound req_cpu=8192 cpu=-1
            sudo-2677    [001] d..1.  9254.474786: workqueue_queue_work: work struct=00000000526d5dbc function=flush_to_ldisc workqueue=events_unbound req_cpu=8192 cpu=-1
              vi-12138   [000] d..1.  9254.475040: workqueue_queue_work: work struct=000000008e85958b function=flush_to_ldisc workqueue=events_unbound req_cpu=8192 cpu=-1
            sudo-2677    [001] d..1.  9254.475128: workqueue_queue_work: work struct=00000000d4bb5238 function=flush_to_ldisc workqueue=events_unbound req_cpu=8192 cpu=-1
              vi-12138   [000] d..1.  9254.478441: workqueue_queue_work: work struct=000000008e85958b function=flush_to_ldisc workqueue=events_unbound req_cpu=8192 cpu=-1
            sudo-2677    [001] d..1.  9254.478574: workqueue_queue_work: work struct=00000000d4bb5238 function=flush_to_ldisc workqueue=events_unbound req_cpu=8192 cpu=-1
              vi-12138   [000] d..1.  9254.478706: workqueue_queue_work: work struct=000000008e85958b function=flush_to_ldisc workqueue=events_unbound req_cpu=8192 cpu=-1
            sudo-2677    [001] d..1.  9254.478793: workqueue_queue_work: work struct=00000000d4bb5238 function=flush_to_ldisc workqueue=events_unbound req_cpu=8192 cpu=-1
 gnome-terminal--2648    [002] d.h3.  9254.490777: workqueue_queue_work: work struct=0000000087ec34eb function=console_callback workqueue=events req_cpu=8192 cpu=2
      KMS thread-1775    [002] d..1.  9254.501272: workqueue_queue_work: work struct=00000000a35386ad function=radeon_flip_work_func [radeon] workqueue=radeon-crtc req_cpu=8192 cpu=2
 gnome-terminal--2648    [002] d..1.  9254.504453: workqueue_queue_work: work struct=000000000eec7af9 function=flush_to_ldisc workqueue=events_unbound req_cpu=8192 cpu=-1
            sudo-2677    [001] d..1.  9254.504613: workqueue_queue_work: work struct=00000000526d5dbc function=flush_to_ldisc workqueue=events_unbound req_cpu=8192 cpu=-1
            sudo-2677    [001] d.h1.  9254.504756: workqueue_queue_work: work struct=000000009df0bb72 function=radeon_unpin_work_func [radeon] workqueue=radeon-crtc req_cpu=8192 cpu=1
              vi-12138   [002] d..1.  9254.504984: workqueue_queue_work: work struct=000000008e85958b function=flush_to_ldisc workqueue=events_unbound req_cpu=8192 cpu=-1
            sudo-2677    [001] d..1.  9254.505075: workqueue_queue_work: work struct=00000000d4bb5238 function=flush_to_ldisc workqueue=events_unbound req_cpu=8192 cpu=-1
              vi-12138   [002] d..1.  9254.508238: workqueue_queue_work: work struct=000000008e85958b function=flush_to_ldisc workqueue=events_unbound req_cpu=8192 cpu=-1
            sudo-2677    [001] d..1.  9254.508432: workqueue_queue_work: work struct=00000000d4bb5238 function=flush_to_ldisc workqueue=events_unbound req_cpu=8192 cpu=-1
              vi-12138   [002] d..1.  9254.508553: workqueue_queue_work: work struct=000000008e85958b function=flush_to_ldisc workqueue=events_unbound req_cpu=8192 cpu=-1
            sudo-2677    [003] d..1.  9254.508665: workqueue_queue_work: work struct=00000000d4bb5238 function=flush_to_ldisc workqueue=events_unbound req_cpu=8192 cpu=-1
 gnome-terminal--2648    [002] D.s2.  9254.527101: workqueue_queue_work: work struct=00000000fa8fa0a3 function=cfg80211_wiphy_work [cfg80211] workqueue=events req_cpu=8192 cpu=2
 gnome-terminal--2648    [002] d.h3.  9254.527460: workqueue_queue_work: work struct=0000000087ec34eb function=console_callback workqueue=events req_cpu=8192 cpu=2
      KMS thread-1775    [002] d..1.  9254.535301: workqueue_queue_work: work struct=00000000cd403a79 function=radeon_flip_work_func [radeon] workqueue=radeon-crtc req_cpu=8192 cpu=2
 gnome-terminal--2648    [001] d..1.  9254.536045: workqueue_queue_work: work struct=000000000eec7af9 function=flush_to_ldisc workqueue=events_unbound req_cpu=8192 cpu=-1
            sudo-2677    [000] d..1.  9254.536241: workqueue_queue_work: work struct=00000000526d5dbc function=flush_to_ldisc workqueue=events_unbound req_cpu=8192 cpu=-1
              vi-12138   [002] d..1.  9254.536450: workqueue_queue_work: work struct=000000008e85958b function=flush_to_ldisc workqueue=events_unbound req_cpu=8192 cpu=-1
            sudo-2677    [000] d..1.  9254.536514: workqueue_queue_work: work struct=00000000d4bb5238 function=flush_to_ldisc workqueue=events_unbound req_cpu=8192 cpu=-1
          <idle>-0       [001] d.s2.  9254.537547: workqueue_queue_work: work struct=00000000e6261fad function=vmstat_update workqueue=mm_percpu_wq req_cpu=1 cpu=1
          <idle>-0       [001] d.h2.  9254.538123: workqueue_queue_work: work struct=00000000fc48d29d function=radeon_unpin_work_func [radeon] workqueue=radeon-crtc req_cpu=8192 cpu=1
              vi-12138   [002] d..1.  9254.539056: workqueue_queue_work: work struct=000000008e85958b function=flush_to_ldisc workqueue=events_unbound req_cpu=8192 cpu=-1
            sudo-2677    [001] d..1.  9254.539188: workqueue_queue_work: work struct=00000000d4bb5238 function=flush_to_ldisc workqueue=events_unbound req_cpu=8192 cpu=-1
              vi-12138   [002] d..1.  9254.539299: workqueue_queue_work: work struct=000000008e85958b function=flush_to_ldisc workqueue=events_unbound req_cpu=8192 cpu=-1
            sudo-2677    [001] d..1.  9254.539388: workqueue_queue_work: work struct=00000000d4bb5238 function=flush_to_ldisc workqueue=events_unbound req_cpu=8192 cpu=-1
          <idle>-0       [002] d.h4.  9254.563604: workqueue_queue_work: work struct=0000000087ec34eb function=console_callback workqueue=events req_cpu=8192 cpu=2
          <idle>-0       [002] d.s2.  9254.569557: workqueue_queue_work: work struct=000000006f38f747 function=psi_avgs_work workqueue=events req_cpu=8192 cpu=2
          <idle>-0       [000] d.s2.  9254.569557: workqueue_queue_work: work struct=00000000f2efc913 function=psi_avgs_work workqueue=events req_cpu=8192 cpu=0
          <idle>-0       [000] dNs2.  9254.569574: workqueue_queue_work: work struct=00000000f2d653ed function=vmstat_shepherd workqueue=events req_cpu=8192 cpu=0
     kworker/0:1-11812   [000] d..1.  9254.569610: workqueue_queue_work: work struct=00000000a502d8a7 function=vmstat_update workqueue=mm_percpu_wq req_cpu=3 cpu=3
          <idle>-0       [002] d.h4.  9254.600266: workqueue_queue_work: work struct=0000000087ec34eb function=console_callback workqueue=events req_cpu=8192 cpu=2
          <idle>-0       [001] d.s2.  9254.601559: workqueue_queue_work: work struct=000000001ee82721 function=psi_avgs_work workqueue=events req_cpu=8192 cpu=1
          <idle>-0       [002] d.s2.  9254.601561: workqueue_queue_work: work struct=0000000049eabb6e function=wb_workfn workqueue=writeback req_cpu=8192 cpu=-1
    kworker/u8:3-8285    [002] d..1.  9254.601815: workqueue_queue_work: work struct=00000000adf63d40 function=blk_mq_run_work_fn workqueue=kblockd req_cpu=8192 cpu=2
     jbd2/sda6-8-176     [000] d..2.  9254.602005: workqueue_queue_work: work struct=000000007925209a function=blk_mq_requeue_work workqueue=kblockd req_cpu=8192 cpu=0
 gnome-terminal--2648    [001] d..1.  9254.606964: workqueue_queue_work: work struct=000000000eec7af9 function=flush_to_ldisc workqueue=events_unbound req_cpu=8192 cpu=-1
            sudo-2677    [001] d..1.  9254.607096: workqueue_queue_work: work struct=00000000526d5dbc function=flush_to_ldisc workqueue=events_unbound req_cpu=8192 cpu=-1
              vi-12138   [001] d..1.  9254.607309: workqueue_queue_work: work struct=000000008e85958b function=flush_to_ldisc workqueue=events_unbound req_cpu=8192 cpu=-1
            sudo-2677    [000] d..1.  9254.607398: workqueue_queue_work: work struct=00000000d4bb5238 function=flush_to_ldisc workqueue=events_unbound req_cpu=8192 cpu=-1
 gnome-terminal--2648    [003] d..1.  9254.608943: workqueue_queue_work: work struct=000000000eec7af9 function=flush_to_ldisc workqueue=events_unbound req_cpu=8192 cpu=-1
            sudo-2677    [000] d..1.  9254.609066: workqueue_queue_work: work struct=00000000526d5dbc function=flush_to_ldisc workqueue=events_unbound req_cpu=8192 cpu=-1
          <idle>-0       [000] d.s2.  9254.609555: workqueue_queue_work: work struct=00000000adf63d40 function=blk_mq_run_work_fn workqueue=kblockd req_cpu=8192 cpu=0
              vi-12138   [001] d..1.  9254.610180: workqueue_queue_work: work struct=000000008e85958b function=flush_to_ldisc workqueue=events_unbound req_cpu=8192 cpu=-1
            sudo-2677    [000] d..1.  9254.610316: workqueue_queue_work: work struct=00000000d4bb5238 function=flush_to_ldisc workqueue=events_unbound req_cpu=8192 cpu=-1
              vi-12138   [001] d..1.  9254.610434: workqueue_queue_work: work struct=000000008e85958b function=flush_to_ldisc workqueue=events_unbound req_cpu=8192 cpu=-1
            sudo-2677    [000] d..1.  9254.610508: workqueue_queue_work: work struct=00000000d4bb5238 function=flush_to_ldisc workqueue=events_unbound req_cpu=8192 cpu=-1
              vi-12138   [001] d..1.  9254.610513: workqueue_queue_work: work struct=000000008e85958b function=flush_to_ldisc workqueue=events_unbound req_cpu=8192 cpu=-1
            sudo-2677    [000] d..1.  9254.610589: workqueue_queue_work: work struct=00000000d4bb5238 function=flush_to_ldisc workqueue=events_unbound req_cpu=8192 cpu=-1
              vi-12138   [001] d..1.  9254.613499: workqueue_queue_work: work struct=000000008e85958b function=flush_to_ldisc workqueue=events_unbound req_cpu=8192 cpu=-1
            sudo-2677    [003] d..1.  9254.613646: workqueue_queue_work: work struct=00000000d4bb5238 function=flush_to_ldisc workqueue=events_unbound req_cpu=8192 cpu=-1
              vi-12138   [001] d..1.  9254.613716: workqueue_queue_work: work struct=000000008e85958b function=flush_to_ldisc workqueue=events_unbound req_cpu=8192 cpu=-1
            sudo-2677    [003] d..1.  9254.613782: workqueue_queue_work: work struct=00000000d4bb5238 function=flush_to_ldisc workqueue=events_unbound req_cpu=8192 cpu=-1
      KMS thread-1775    [002] d..1.  9254.617556: workqueue_queue_work: work struct=00000000656f4132 function=radeon_flip_work_func [radeon] workqueue=radeon-crtc req_cpu=8192 cpu=2
          <idle>-0       [001] d.h2.  9254.621474: workqueue_queue_work: work struct=000000008a61b533 function=radeon_unpin_work_func [radeon] workqueue=radeon-crtc req_cpu=8192 cpu=1
          <idle>-0       [000] dNs2.  9254.621525: workqueue_queue_work: work struct=00000000adf63d40 function=blk_mq_run_work_fn workqueue=kblockd req_cpu=8192 cpu=0
           gdbus-1765    [002] D.s2.  9254.629479: workqueue_queue_work: work struct=00000000fa8fa0a3 function=cfg80211_wiphy_work [cfg80211] workqueue=events req_cpu=8192 cpu=2
           gdbus-2009    [000] d.s1.  9254.629529: workqueue_queue_work: work struct=00000000adf63d40 function=blk_mq_run_work_fn workqueue=kblockd req_cpu=8192 cpu=0
     gnome-shell-1740    [000] d.s1.  9254.633540: workqueue_queue_work: work struct=000000008c357fe6 function=psi_avgs_work workqueue=events req_cpu=8192 cpu=0
          <idle>-0       [002] d.h4.  9254.636397: workqueue_queue_work: work struct=0000000087ec34eb function=console_callback workqueue=events req_cpu=8192 cpu=2
          <idle>-0       [000] d.s2.  9254.637583: workqueue_queue_work: work struct=00000000adf63d40 function=blk_mq_run_work_fn workqueue=kblockd req_cpu=8192 cpu=0
 gnome-terminal--2648    [003] d..1.  9254.645095: workqueue_queue_work: work struct=000000000eec7af9 function=flush_to_ldisc workqueue=events_unbound req_cpu=8192 cpu=-1
            sudo-2677    [001] d..1.  9254.645251: workqueue_queue_work: work struct=00000000526d5dbc function=flush_to_ldisc workqueue=events_unbound req_cpu=8192 cpu=-1
              vi-12138   [001] d..1.  9254.645430: workqueue_queue_work: work struct=000000008e85958b function=flush_to_ldisc workqueue=events_unbound req_cpu=8192 cpu=-1
            sudo-2677    [003] d..1.  9254.645493: workqueue_queue_work: work struct=00000000d4bb5238 function=flush_to_ldisc workqueue=events_unbound req_cpu=8192 cpu=-1
    kworker/u8:0-11698   [000] d.s2.  9254.645530: workqueue_queue_work: work struct=00000000adf63d40 function=blk_mq_run_work_fn workqueue=kblockd req_cpu=8192 cpu=0
              vi-12138   [001] d..1.  9254.648394: workqueue_queue_work: work struct=000000008e85958b function=flush_to_ldisc workqueue=events_unbound req_cpu=8192 cpu=-1
            sudo-2677    [003] d..1.  9254.648535: workqueue_queue_work: work struct=00000000d4bb5238 function=flush_to_ldisc workqueue=events_unbound req_cpu=8192 cpu=-1
              vi-12138   [001] d..1.  9254.648578: workqueue_queue_work: work struct=000000008e85958b function=flush_to_ldisc workqueue=events_unbound req_cpu=8192 cpu=-1
            sudo-2677    [003] d..1.  9254.648634: workqueue_queue_work: work struct=00000000d4bb5238 function=flush_to_ldisc workqueue=events_unbound req_cpu=8192 cpu=-1
      KMS thread-1775    [002] d..1.  9254.650484: workqueue_queue_work: work struct=000000000ea8b688 function=radeon_flip_work_func [radeon] workqueue=radeon-crtc req_cpu=8192 cpu=2
          <idle>-0       [001] d.h2.  9254.654870: workqueue_queue_work: work struct=00000000d604d7f3 function=radeon_unpin_work_func [radeon] workqueue=radeon-crtc req_cpu=8192 cpu=1
          <idle>-0       [000] d.s2.  9254.657593: workqueue_queue_work: work struct=00000000adf63d40 function=blk_mq_run_work_fn workqueue=kblockd req_cpu=8192 cpu=0
          <idle>-0       [000] d.s2.  9254.665589: workqueue_queue_work: work struct=00000000adf63d40 function=blk_mq_run_work_fn workqueue=kblockd req_cpu=8192 cpu=0
          <idle>-0       [002] d.h4.  9254.672954: workqueue_queue_work: work struct=0000000087ec34eb function=console_callback workqueue=events req_cpu=8192 cpu=2
          <idle>-0       [000] d.s2.  9254.673541: workqueue_queue_work: work struct=00000000adf63d40 function=blk_mq_run_work_fn workqueue=kblockd req_cpu=8192 cpu=0
 gnome-terminal--2648    [003] d..1.  9254.676792: workqueue_queue_work: work struct=000000000eec7af9 function=flush_to_ldisc workqueue=events_unbound req_cpu=8192 cpu=-1
            sudo-2677    [002] d..1.  9254.677063: workqueue_queue_work: work struct=00000000526d5dbc function=flush_to_ldisc workqueue=events_unbound req_cpu=8192 cpu=-1
              vi-12138   [002] d..1.  9254.677334: workqueue_queue_work: work struct=000000008e85958b function=flush_to_ldisc workqueue=events_unbound req_cpu=8192 cpu=-1
            sudo-2677    [003] d..1.  9254.677454: workqueue_queue_work: work struct=00000000d4bb5238 function=flush_to_ldisc workqueue=events_unbound req_cpu=8192 cpu=-1
              vi-12138   [002] d..1.  9254.680833: workqueue_queue_work: work struct=000000008e85958b function=flush_to_ldisc workqueue=events_unbound req_cpu=8192 cpu=-1
            sudo-2677    [003] d..1.  9254.681044: workqueue_queue_work: work struct=00000000d4bb5238 function=flush_to_ldisc workqueue=events_unbound req_cpu=8192 cpu=-1
              vi-12138   [002] d..1.  9254.681101: workqueue_queue_work: work struct=000000008e85958b function=flush_to_ldisc workqueue=events_unbound req_cpu=8192 cpu=-1
            sudo-2677    [001] d..1.  9254.681237: workqueue_queue_work: work struct=00000000d4bb5238 function=flush_to_ldisc workqueue=events_unbound req_cpu=8192 cpu=-1
      KMS thread-1775    [002] d..1.  9254.685364: workqueue_queue_work: work struct=00000000ea97ec68 function=radeon_flip_work_func [radeon] workqueue=radeon-crtc req_cpu=8192 cpu=2
          <idle>-0       [000] d.s2.  9254.685545: workqueue_queue_work: work struct=00000000adf63d40 function=blk_mq_run_work_fn workqueue=kblockd req_cpu=8192 cpu=0
          <idle>-0       [001] d.h2.  9254.688215: workqueue_queue_work: work struct=00000000bc579d0e function=radeon_unpin_work_func [radeon] workqueue=radeon-crtc req_cpu=8192 cpu=1
           gdbus-2009    [000] d.s1.  9254.692851: workqueue_queue_work: work struct=00000000adf63d40 function=blk_mq_run_work_fn workqueue=kblockd req_cpu=8192 cpu=0
           gdbus-2009    [000] dNs1.  9254.692870: workqueue_queue_work: work struct=00000000adf63d40 function=blk_mq_run_work_fn workqueue=kblockd req_cpu=8192 cpu=0
          <idle>-0       [001] d.s2.  9254.697660: workqueue_queue_work: work struct=0000000084c1c426 function=psi_avgs_work workqueue=events req_cpu=8192 cpu=1
          <idle>-0       [003] dNs2.  9254.697683: workqueue_queue_work: work struct=0000000088a0b293 function=psi_avgs_work workqueue=events req_cpu=8192 cpu=3
          <idle>-0       [003] dNs2.  9254.697694: workqueue_queue_work: work struct=00000000adf63d40 function=blk_mq_run_work_fn workqueue=kblockd req_cpu=8192 cpu=3
 gnome-terminal--2648    [001] d..1.  9254.698737: workqueue_queue_work: work struct=000000000eec7af9 function=flush_to_ldisc workqueue=events_unbound req_cpu=8192 cpu=-1
            sudo-2677    [000] d..1.  9254.698932: workqueue_queue_work: work struct=00000000526d5dbc function=flush_to_ldisc workqueue=events_unbound req_cpu=8192 cpu=-1
              vi-12138   [002] d..1.  9254.699184: workqueue_queue_work: work struct=000000008e85958b function=flush_to_ldisc workqueue=events_unbound req_cpu=8192 cpu=-1
            sudo-2677    [000] d..1.  9254.699306: workqueue_queue_work: work struct=00000000d4bb5238 function=flush_to_ldisc workqueue=events_unbound req_cpu=8192 cpu=-1
              vi-12138   [002] d..1.  9254.702624: workqueue_queue_work: work struct=000000008e85958b function=flush_to_ldisc workqueue=events_unbound req_cpu=8192 cpu=-1
            sudo-2677    [000] d..1.  9254.702823: workqueue_queue_work: work struct=00000000d4bb5238 function=flush_to_ldisc workqueue=events_unbound req_cpu=8192 cpu=-1
              vi-12138   [002] d..1.  9254.702936: workqueue_queue_work: work struct=000000008e85958b function=flush_to_ldisc workqueue=events_unbound req_cpu=8192 cpu=-1
            sudo-2677    [000] d..1.  9254.703031: workqueue_queue_work: work struct=00000000d4bb5238 function=flush_to_ldisc workqueue=events_unbound req_cpu=8192 cpu=-1
          <idle>-0       [003] d.s2.  9254.705574: workqueue_queue_work: work struct=00000000adf63d40 function=blk_mq_run_work_fn workqueue=kblockd req_cpu=8192 cpu=3
          <idle>-0       [002] d.h4.  9254.709146: workqueue_queue_work: work struct=0000000087ec34eb function=console_callback workqueue=events req_cpu=8192 cpu=2
     gnome-shell-1740    [003] d.s1.  9254.713535: workqueue_queue_work: work struct=00000000adf63d40 function=blk_mq_run_work_fn workqueue=kblockd req_cpu=8192 cpu=3
          <idle>-0       [000] d.s3.  9254.718115: workqueue_queue_work: work struct=000000007925209a function=blk_mq_requeue_work workqueue=kblockd req_cpu=8192 cpu=0
          <idle>-0       [000] dNs2.  9254.718152: workqueue_queue_work: work struct=00000000adf63d40 function=blk_mq_run_work_fn workqueue=kblockd req_cpu=8192 cpu=0
          <idle>-0       [000] d.s3.  9254.719224: workqueue_queue_work: work struct=000000009eb95b52 function=ext4_end_io_rsv_work workqueue=ext4-rsv-conversion req_cpu=8192 cpu=-1
          <idle>-0       [000] d.s3.  9254.719253: workqueue_queue_work: work struct=000000007925209a function=blk_mq_requeue_work workqueue=kblockd req_cpu=8192 cpu=0
 gnome-terminal--2648    [001] d..1.  9254.727939: workqueue_queue_work: work struct=000000000eec7af9 function=flush_to_ldisc workqueue=events_unbound req_cpu=8192 cpu=-1
            sudo-2677    [000] d..1.  9254.728140: workqueue_queue_work: work struct=00000000526d5dbc function=flush_to_ldisc workqueue=events_unbound req_cpu=8192 cpu=-1
              vi-12138   [002] d..1.  9254.728413: workqueue_queue_work: work struct=000000008e85958b function=flush_to_ldisc workqueue=events_unbound req_cpu=8192 cpu=-1
            sudo-2677    [000] d..1.  9254.728502: workqueue_queue_work: work struct=00000000d4bb5238 function=flush_to_ldisc workqueue=events_unbound req_cpu=8192 cpu=-1
              vi-12138   [002] D.s2.  9254.731892: workqueue_queue_work: work struct=00000000fa8fa0a3 function=cfg80211_wiphy_work [cfg80211] workqueue=events req_cpu=8192 cpu=2
              vi-12138   [002] d..1.  9254.732056: workqueue_queue_work: work struct=000000008e85958b function=flush_to_ldisc workqueue=events_unbound req_cpu=8192 cpu=-1
            sudo-2677    [000] d..1.  9254.732228: workqueue_queue_work: work struct=00000000d4bb5238 function=flush_to_ldisc workqueue=events_unbound req_cpu=8192 cpu=-1
              vi-12138   [002] d..1.  9254.732299: workqueue_queue_work: work struct=000000008e85958b function=flush_to_ldisc workqueue=events_unbound req_cpu=8192 cpu=-1
            sudo-2677    [000] d..1.  9254.732420: workqueue_queue_work: work struct=00000000d4bb5238 function=flush_to_ldisc workqueue=events_unbound req_cpu=8192 cpu=-1
          <idle>-0       [002] dNs2.  9254.733561: workqueue_queue_work: work struct=0000000035af1c45 function=radeon_fence_check_lockup [radeon] workqueue=events_power_efficient req_cpu=8192 cpu=-1
      KMS thread-1775    [002] d..1.  9254.734924: workqueue_queue_work: work struct=00000000ea97ec68 function=radeon_flip_work_func [radeon] workqueue=radeon-crtc req_cpu=8192 cpu=2
 gnome-terminal--2648    [001] d.h1.  9254.738197: workqueue_queue_work: work struct=00000000bc579d0e function=radeon_unpin_work_func [radeon] workqueue=radeon-crtc req_cpu=8192 cpu=1
          <idle>-0       [002] d.h4.  9254.745867: workqueue_queue_work: work struct=0000000087ec34eb function=console_callback workqueue=events req_cpu=8192 cpu=2
 gnome-terminal--2648    [001] d..1.  9254.758620: workqueue_queue_work: work struct=000000000eec7af9 function=flush_to_ldisc workqueue=events_unbound req_cpu=8192 cpu=-1
            sudo-2677    [002] d..1.  9254.758842: workqueue_queue_work: work struct=00000000526d5dbc function=flush_to_ldisc workqueue=events_unbound req_cpu=8192 cpu=-1
              vi-12138   [001] d..1.  9254.759066: workqueue_queue_work: work struct=000000008e85958b function=flush_to_ldisc workqueue=events_unbound req_cpu=8192 cpu=-1
            sudo-2677    [002] d..1.  9254.759156: workqueue_queue_work: work struct=00000000d4bb5238 function=flush_to_ldisc workqueue=events_unbound req_cpu=8192 cpu=-1
              vi-12138   [001] d..1.  9254.762459: workqueue_queue_work: work struct=000000008e85958b function=flush_to_ldisc workqueue=events_unbound req_cpu=8192 cpu=-1
            sudo-2677    [002] d..1.  9254.762634: workqueue_queue_work: work struct=00000000d4bb5238 function=flush_to_ldisc workqueue=events_unbound req_cpu=8192 cpu=-1
              vi-12138   [001] d..1.  9254.762703: workqueue_queue_work: work struct=000000008e85958b function=flush_to_ldisc workqueue=events_unbound req_cpu=8192 cpu=-1
            sudo-2677    [003] d..1.  9254.762837: workqueue_queue_work: work struct=00000000d4bb5238 function=flush_to_ldisc workqueue=events_unbound req_cpu=8192 cpu=-1
      KMS thread-1775    [002] d..1.  9254.767795: workqueue_queue_work: work struct=000000000ea8b688 function=radeon_flip_work_func [radeon] workqueue=radeon-crtc req_cpu=8192 cpu=2
 gnome-terminal--2648    [001] d.h1.  9254.771546: workqueue_queue_work: work struct=00000000d604d7f3 function=radeon_unpin_work_func [radeon] workqueue=radeon-crtc req_cpu=8192 cpu=1
          <idle>-0       [002] d.h4.  9254.781885: workqueue_queue_work: work struct=0000000087ec34eb function=console_callback workqueue=events req_cpu=8192 cpu=2
 gnome-terminal--2648    [001] d..1.  9254.787698: workqueue_queue_work: work struct=000000000eec7af9 function=flush_to_ldisc workqueue=events_unbound req_cpu=8192 cpu=-1
            sudo-2677    [003] d..1.  9254.787906: workqueue_queue_work: work struct=00000000526d5dbc function=flush_to_ldisc workqueue=events_unbound req_cpu=8192 cpu=-1
              vi-12138   [001] d..1.  9254.788245: workqueue_queue_work: work struct=000000008e85958b function=flush_to_ldisc workqueue=events_unbound req_cpu=8192 cpu=-1
            sudo-2677    [003] d..1.  9254.788368: workqueue_queue_work: work struct=00000000d4bb5238 function=flush_to_ldisc workqueue=events_unbound req_cpu=8192 cpu=-1
              vi-12138   [001] d..1.  9254.791650: workqueue_queue_work: work struct=000000008e85958b function=flush_to_ldisc workqueue=events_unbound req_cpu=8192 cpu=-1
            sudo-2677    [003] d..1.  9254.791822: workqueue_queue_work: work struct=00000000d4bb5238 function=flush_to_ldisc workqueue=events_unbound req_cpu=8192 cpu=-1
              vi-12138   [001] d..1.  9254.791861: workqueue_queue_work: work struct=000000008e85958b function=flush_to_ldisc workqueue=events_unbound req_cpu=8192 cpu=-1
            sudo-2677    [000] d..1.  9254.791972: workqueue_queue_work: work struct=00000000d4bb5238 function=flush_to_ldisc workqueue=events_unbound req_cpu=8192 cpu=-1
      KMS thread-1775    [002] d..1.  9254.801807: workqueue_queue_work: work struct=00000000656f4132 function=radeon_flip_work_func [radeon] workqueue=radeon-crtc req_cpu=8192 cpu=2
 gnome-terminal--2648    [001] d.h1.  9254.804892: workqueue_queue_work: work struct=000000008a61b533 function=radeon_unpin_work_func [radeon] workqueue=radeon-crtc req_cpu=8192 cpu=1
 gnome-terminal--2648    [001] d..1.  9254.818733: workqueue_queue_work: work struct=000000000eec7af9 function=flush_to_ldisc workqueue=events_unbound req_cpu=8192 cpu=-1
            sudo-2677    [000] d..1.  9254.818940: workqueue_queue_work: work struct=00000000526d5dbc function=flush_to_ldisc workqueue=events_unbound req_cpu=8192 cpu=-1
              vi-12138   [001] d..1.  9254.819172: workqueue_queue_work: work struct=000000008e85958b function=flush_to_ldisc workqueue=events_unbound req_cpu=8192 cpu=-1
            sudo-2677    [000] d..1.  9254.819287: workqueue_queue_work: work struct=00000000d4bb5238 function=flush_to_ldisc workqueue=events_unbound req_cpu=8192 cpu=-1
          <idle>-0       [002] d.h4.  9254.819604: workqueue_queue_work: work struct=0000000087ec34eb function=console_callback workqueue=events req_cpu=8192 cpu=2
              vi-12138   [001] d..1.  9254.822717: workqueue_queue_work: work struct=000000008e85958b function=flush_to_ldisc workqueue=events_unbound req_cpu=8192 cpu=-1
            sudo-2677    [000] d..1.  9254.822879: workqueue_queue_work: work struct=00000000d4bb5238 function=flush_to_ldisc workqueue=events_unbound req_cpu=8192 cpu=-1
              vi-12138   [001] d..1.  9254.822972: workqueue_queue_work: work struct=000000008e85958b function=flush_to_ldisc workqueue=events_unbound req_cpu=8192 cpu=-1
            sudo-2677    [000] d..1.  9254.823094: workqueue_queue_work: work struct=00000000d4bb5238 function=flush_to_ldisc workqueue=events_unbound req_cpu=8192 cpu=-1
          <idle>-0       [003] d.s2.  9254.825578: workqueue_queue_work: work struct=00000000ce38c089 function=psi_avgs_work workqueue=events req_cpu=8192 cpu=3
          <idle>-0       [002] D.s3.  9254.834315: workqueue_queue_work: work struct=00000000fa8fa0a3 function=cfg80211_wiphy_work [cfg80211] workqueue=events req_cpu=8192 cpu=2
      KMS thread-1775    [002] d..1.  9254.834938: workqueue_queue_work: work struct=00000000cd403a79 function=radeon_flip_work_func [radeon] workqueue=radeon-crtc req_cpu=8192 cpu=2
 gnome-terminal--2648    [001] d.h1.  9254.838243: workqueue_queue_work: work struct=00000000fc48d29d function=radeon_unpin_work_func [radeon] workqueue=radeon-crtc req_cpu=8192 cpu=1
 gnome-terminal--2648    [001] d..1.  9254.854023: workqueue_queue_work: work struct=000000000eec7af9 function=flush_to_ldisc workqueue=events_unbound req_cpu=8192 cpu=-1
            sudo-2677    [000] d..1.  9254.854230: workqueue_queue_work: work struct=00000000526d5dbc function=flush_to_ldisc workqueue=events_unbound req_cpu=8192 cpu=-1
              vi-12138   [001] d..1.  9254.854448: workqueue_queue_work: work struct=000000008e85958b function=flush_to_ldisc workqueue=events_unbound req_cpu=8192 cpu=-1
            sudo-2677    [000] d..1.  9254.854530: workqueue_queue_work: work struct=00000000d4bb5238 function=flush_to_ldisc workqueue=events_unbound req_cpu=8192 cpu=-1
          <idle>-0       [002] d.h4.  9254.855670: workqueue_queue_work: work struct=0000000087ec34eb function=console_callback workqueue=events req_cpu=8192 cpu=2
              vi-12138   [001] d..1.  9254.857958: workqueue_queue_work: work struct=000000008e85958b function=flush_to_ldisc workqueue=events_unbound req_cpu=8192 cpu=-1
            sudo-2677    [000] d..1.  9254.858121: workqueue_queue_work: work struct=00000000d4bb5238 function=flush_to_ldisc workqueue=events_unbound req_cpu=8192 cpu=-1
              vi-12138   [001] d..1.  9254.858189: workqueue_queue_work: work struct=000000008e85958b function=flush_to_ldisc workqueue=events_unbound req_cpu=8192 cpu=-1
            sudo-2677    [000] d..1.  9254.858308: workqueue_queue_work: work struct=00000000d4bb5238 function=flush_to_ldisc workqueue=events_unbound req_cpu=8192 cpu=-1
      KMS thread-1775    [002] d..1.  9254.868090: workqueue_queue_work: work struct=00000000a35386ad function=radeon_flip_work_func [radeon] workqueue=radeon-crtc req_cpu=8192 cpu=2
 gnome-terminal--2648    [001] d.h1.  9254.871598: workqueue_queue_work: work struct=000000009df0bb72 function=radeon_unpin_work_func [radeon] workqueue=radeon-crtc req_cpu=8192 cpu=1
 gnome-terminal--2648    [001] d..1.  9254.887902: workqueue_queue_work: work struct=000000000eec7af9 function=flush_to_ldisc workqueue=events_unbound req_cpu=8192 cpu=-1
            sudo-2677    [000] d..1.  9254.888113: workqueue_queue_work: work struct=00000000526d5dbc function=flush_to_ldisc workqueue=events_unbound req_cpu=8192 cpu=-1
              vi-12138   [001] d..1.  9254.888431: workqueue_queue_work: work struct=000000008e85958b function=flush_to_ldisc workqueue=events_unbound req_cpu=8192 cpu=-1
            sudo-2677    [000] d..1.  9254.888515: workqueue_queue_work: work struct=00000000d4bb5238 function=flush_to_ldisc workqueue=events_unbound req_cpu=8192 cpu=-1
          <idle>-0       [002] d.h4.  9254.891324: workqueue_queue_work: work struct=0000000087ec34eb function=console_callback workqueue=events req_cpu=8192 cpu=2
              vi-12138   [001] d..1.  9254.891843: workqueue_queue_work: work struct=000000008e85958b function=flush_to_ldisc workqueue=events_unbound req_cpu=8192 cpu=-1
            sudo-2677    [000] d..1.  9254.891982: workqueue_queue_work: work struct=00000000d4bb5238 function=flush_to_ldisc workqueue=events_unbound req_cpu=8192 cpu=-1
              vi-12138   [001] d..1.  9254.892098: workqueue_queue_work: work struct=000000008e85958b function=flush_to_ldisc workqueue=events_unbound req_cpu=8192 cpu=-1
            sudo-2677    [000] d..1.  9254.892220: workqueue_queue_work: work struct=00000000d4bb5238 function=flush_to_ldisc workqueue=events_unbound req_cpu=8192 cpu=-1
      KMS thread-1775    [002] d..1.  9254.901978: workqueue_queue_work: work struct=00000000d15ff6ae function=radeon_flip_work_func [radeon] workqueue=radeon-crtc req_cpu=8192 cpu=2
          <idle>-0       [001] d.h2.  9254.904939: workqueue_queue_work: work struct=000000003e5a2151 function=radeon_unpin_work_func [radeon] workqueue=radeon-crtc req_cpu=8192 cpu=1
 gnome-terminal--2648    [002] d..1.  9254.917239: workqueue_queue_work: work struct=000000000eec7af9 function=flush_to_ldisc workqueue=events_unbound req_cpu=8192 cpu=-1
            sudo-2677    [001] d..1.  9254.917556: workqueue_queue_work: work struct=00000000526d5dbc function=flush_to_ldisc workqueue=events_unbound req_cpu=8192 cpu=-1
              vi-12138   [001] d..1.  9254.917788: workqueue_queue_work: work struct=000000008e85958b function=flush_to_ldisc workqueue=events_unbound req_cpu=8192 cpu=-1
            sudo-2677    [002] d..1.  9254.917880: workqueue_queue_work: work struct=00000000d4bb5238 function=flush_to_ldisc workqueue=events_unbound req_cpu=8192 cpu=-1
              vi-12138   [001] d..1.  9254.921020: workqueue_queue_work: work struct=000000008e85958b function=flush_to_ldisc workqueue=events_unbound req_cpu=8192 cpu=-1
            sudo-2677    [002] d..1.  9254.921225: workqueue_queue_work: work struct=00000000d4bb5238 function=flush_to_ldisc workqueue=events_unbound req_cpu=8192 cpu=-1
              vi-12138   [001] d..1.  9254.921281: workqueue_queue_work: work struct=000000008e85958b function=flush_to_ldisc workqueue=events_unbound req_cpu=8192 cpu=-1
            sudo-2677    [002] d..1.  9254.921358: workqueue_queue_work: work struct=00000000d4bb5238 function=flush_to_ldisc workqueue=events_unbound req_cpu=8192 cpu=-1
          <idle>-0       [002] d.s2.  9254.921519: workqueue_queue_work: work struct=000000003f4d9cf4 function=disk_events_workfn workqueue=events_freezable_power_ req_cpu=8192 cpu=-1
          <idle>-0       [003] d.s2.  9254.921524: workqueue_queue_work: work struct=00000000f026ca14 function=wb_update_bandwidth_workfn workqueue=writeback req_cpu=8192 cpu=-1
          <idle>-0       [003] dNs2.  9254.921533: workqueue_queue_work: work struct=00000000d71a3ff0 function=flush_memcg_stats_dwork workqueue=events_unbound req_cpu=8192 cpu=-1
          <idle>-0       [002] d.h4.  9254.927461: workqueue_queue_work: work struct=0000000087ec34eb function=console_callback workqueue=events req_cpu=8192 cpu=2
      KMS thread-1775    [002] d..1.  9254.934834: workqueue_queue_work: work struct=00000000c2ca1564 function=radeon_flip_work_func [radeon] workqueue=radeon-crtc req_cpu=8192 cpu=2
          <idle>-0       [002] DNs3.  9254.936719: workqueue_queue_work: work struct=00000000fa8fa0a3 function=cfg80211_wiphy_work [cfg80211] workqueue=events req_cpu=8192 cpu=2
 gnome-terminal--2648    [000] d..1.  9254.936742: workqueue_queue_work: work struct=000000000eec7af9 function=flush_to_ldisc workqueue=events_unbound req_cpu=8192 cpu=-1
            sudo-2677    [001] d..1.  9254.936874: workqueue_queue_work: work struct=00000000526d5dbc function=flush_to_ldisc workqueue=events_unbound req_cpu=8192 cpu=-1
              vi-12138   [000] d..1.  9254.937057: workqueue_queue_work: work struct=000000008e85958b function=flush_to_ldisc workqueue=events_unbound req_cpu=8192 cpu=-1
            sudo-2677    [003] d..1.  9254.937141: workqueue_queue_work: work struct=00000000d4bb5238 function=flush_to_ldisc workqueue=events_unbound req_cpu=8192 cpu=-1
          <idle>-0       [001] d.h2.  9254.938284: workqueue_queue_work: work struct=0000000093e98553 function=radeon_unpin_work_func [radeon] workqueue=radeon-crtc req_cpu=8192 cpu=1
              vi-12138   [000] d..1.  9254.939911: workqueue_queue_work: work struct=000000008e85958b function=flush_to_ldisc workqueue=events_unbound req_cpu=8192 cpu=-1
            sudo-2677    [002] d..1.  9254.940102: workqueue_queue_work: work struct=00000000d4bb5238 function=flush_to_ldisc workqueue=events_unbound req_cpu=8192 cpu=-1
              vi-12138   [000] d..1.  9254.940108: workqueue_queue_work: work struct=000000008e85958b function=flush_to_ldisc workqueue=events_unbound req_cpu=8192 cpu=-1
            sudo-2677    [002] d..1.  9254.940192: workqueue_queue_work: work struct=00000000d4bb5238 function=flush_to_ldisc workqueue=events_unbound req_cpu=8192 cpu=-1
          <idle>-0       [000] d.s2.  9254.957571: workqueue_queue_work: work struct=00000000d63bde61 function=psi_avgs_work workqueue=events req_cpu=8192 cpu=0
          <idle>-0       [002] d.h4.  9254.964133: workqueue_queue_work: work struct=0000000087ec34eb function=console_callback workqueue=events req_cpu=8192 cpu=2
      KMS thread-1775    [002] d..1.  9254.968897: workqueue_queue_work: work struct=000000003c0e3b9b function=radeon_flip_work_func [radeon] workqueue=radeon-crtc req_cpu=8192 cpu=2
 gnome-terminal--2648    [000] d..1.  9254.970330: workqueue_queue_work: work struct=000000000eec7af9 function=flush_to_ldisc workqueue=events_unbound req_cpu=8192 cpu=-1
            sudo-2677    [002] d..1.  9254.970467: workqueue_queue_work: work struct=00000000526d5dbc function=flush_to_ldisc workqueue=events_unbound req_cpu=8192 cpu=-1
              vi-12138   [000] d..1.  9254.970648: workqueue_queue_work: work struct=000000008e85958b function=flush_to_ldisc workqueue=events_unbound req_cpu=8192 cpu=-1
            sudo-2677    [002] d..1.  9254.970712: workqueue_queue_work: work struct=00000000d4bb5238 function=flush_to_ldisc workqueue=events_unbound req_cpu=8192 cpu=-1
          <idle>-0       [001] d.h2.  9254.971636: workqueue_queue_work: work struct=00000000966f1c0a function=radeon_unpin_work_func [radeon] workqueue=radeon-crtc req_cpu=8192 cpu=1
              vi-12138   [000] d..1.  9254.973847: workqueue_queue_work: work struct=000000008e85958b function=flush_to_ldisc workqueue=events_unbound req_cpu=8192 cpu=-1
            sudo-2677    [002] d..1.  9254.973979: workqueue_queue_work: work struct=00000000d4bb5238 function=flush_to_ldisc workqueue=events_unbound req_cpu=8192 cpu=-1
              vi-12138   [000] d..1.  9254.974107: workqueue_queue_work: work struct=000000008e85958b function=flush_to_ldisc workqueue=events_unbound req_cpu=8192 cpu=-1
            sudo-2677    [002] d..1.  9254.974230: workqueue_queue_work: work struct=00000000d4bb5238 function=flush_to_ldisc workqueue=events_unbound req_cpu=8192 cpu=-1
 gnome-terminal--2648    [002] d..1.  9254.997603: workqueue_queue_work: work struct=000000000eec7af9 function=flush_to_ldisc workqueue=events_unbound req_cpu=8192 cpu=-1
            sudo-2677    [003] d..1.  9254.997806: workqueue_queue_work: work struct=00000000526d5dbc function=flush_to_ldisc workqueue=events_unbound req_cpu=8192 cpu=-1
              vi-12138   [003] d..1.  9254.998048: workqueue_queue_work: work struct=000000008e85958b function=flush_to_ldisc workqueue=events_unbound req_cpu=8192 cpu=-1
            sudo-2677    [000] d..1.  9254.998155: workqueue_queue_work: work struct=00000000d4bb5238 function=flush_to_ldisc workqueue=events_unbound req_cpu=8192 cpu=-1
          <idle>-0       [002] d.h4.  9255.000193: workqueue_queue_work: work struct=0000000087ec34eb function=console_callback workqueue=events req_cpu=8192 cpu=2
              vi-12138   [003] d..1.  9255.001441: workqueue_queue_work: work struct=000000008e85958b function=flush_to_ldisc workqueue=events_unbound req_cpu=8192 cpu=-1
      KMS thread-1775    [002] d..1.  9255.001449: workqueue_queue_work: work struct=00000000462b7c74 function=radeon_flip_work_func [radeon] workqueue=radeon-crtc req_cpu=8192 cpu=2
            sudo-2677    [000] d..1.  9255.001666: workqueue_queue_work: work struct=00000000d4bb5238 function=flush_to_ldisc workqueue=events_unbound req_cpu=8192 cpu=-1
              vi-12138   [003] d..1.  9255.001724: workqueue_queue_work: work struct=000000008e85958b function=flush_to_ldisc workqueue=events_unbound req_cpu=8192 cpu=-1
            sudo-2677    [000] d..1.  9255.001810: workqueue_queue_work: work struct=00000000d4bb5238 function=flush_to_ldisc workqueue=events_unbound req_cpu=8192 cpu=-1
          <idle>-0       [001] d.h2.  9255.005024: workqueue_queue_work: work struct=00000000ddb942a0 function=radeon_unpin_work_func [radeon] workqueue=radeon-crtc req_cpu=8192 cpu=1
 gnome-terminal--2648    [003] d..1.  9255.028071: workqueue_queue_work: work struct=000000000eec7af9 function=flush_to_ldisc workqueue=events_unbound req_cpu=8192 cpu=-1
            sudo-2677    [000] d..1.  9255.028246: workqueue_queue_work: work struct=00000000526d5dbc function=flush_to_ldisc workqueue=events_unbound req_cpu=8192 cpu=-1
              vi-12138   [001] d..1.  9255.028470: workqueue_queue_work: work struct=000000008e85958b function=flush_to_ldisc workqueue=events_unbound req_cpu=8192 cpu=-1
            sudo-2677    [000] d..1.  9255.028560: workqueue_queue_work: work struct=00000000d4bb5238 function=flush_to_ldisc workqueue=events_unbound req_cpu=8192 cpu=-1
              vi-12138   [001] d..1.  9255.031882: workqueue_queue_work: work struct=000000008e85958b function=flush_to_ldisc workqueue=events_unbound req_cpu=8192 cpu=-1
            sudo-2677    [003] d..1.  9255.032097: workqueue_queue_work: work struct=00000000d4bb5238 function=flush_to_ldisc workqueue=events_unbound req_cpu=8192 cpu=-1
              vi-12138   [001] d..1.  9255.032112: workqueue_queue_work: work struct=000000008e85958b function=flush_to_ldisc workqueue=events_unbound req_cpu=8192 cpu=-1
            sudo-2677    [003] d..1.  9255.032219: workqueue_queue_work: work struct=00000000d4bb5238 function=flush_to_ldisc workqueue=events_unbound req_cpu=8192 cpu=-1
      KMS thread-1775    [002] d..1.  9255.034138: workqueue_queue_work: work struct=00000000904818ba function=radeon_flip_work_func [radeon] workqueue=radeon-crtc req_cpu=8192 cpu=2
          <idle>-0       [002] d.h4.  9255.036864: workqueue_queue_work: work struct=0000000087ec34eb function=console_callback workqueue=events req_cpu=8192 cpu=2
          <idle>-0       [001] d.h2.  9255.038374: workqueue_queue_work: work struct=00000000d03bb19a function=radeon_unpin_work_func [radeon] workqueue=radeon-crtc req_cpu=8192 cpu=1
