          <idle>-0       [002] d.h3.  9251.095219: workqueue_queue_work: work struct=000000009eebf005 function=rtl_lps_change_work_callback [rtlwifi] workqueue=events req_cpu=8192 cpu=2
          <idle>-0       [002] d.h3.  9251.105467: workqueue_queue_work: work struct=000000009eebf005 function=rtl_lps_change_work_callback [rtlwifi] workqueue=events req_cpu=8192 cpu=2
          <idle>-0       [002] d.h3.  9251.105822: workqueue_queue_work: work struct=000000009eebf005 function=rtl_lps_change_work_callback [rtlwifi] workqueue=events req_cpu=8192 cpu=2
          <idle>-0       [002] d.h3.  9251.114927: workqueue_queue_work: work struct=000000009eebf005 function=rtl_lps_change_work_callback [rtlwifi] workqueue=events req_cpu=8192 cpu=2
          <idle>-0       [002] d.h3.  9251.115027: workqueue_queue_work: work struct=000000009eebf005 function=rtl_lps_change_work_callback [rtlwifi] workqueue=events req_cpu=8192 cpu=2
          <idle>-0       [002] d.h3.  9251.115309: workqueue_queue_work: work struct=000000009eebf005 function=rtl_lps_change_work_callback [rtlwifi] workqueue=events req_cpu=8192 cpu=2
 IPDL Background-2912    [002] d.h2.  9251.122074: workqueue_queue_work: work struct=000000009eebf005 function=rtl_lps_change_work_callback [rtlwifi] workqueue=events req_cpu=8192 cpu=2
   Socket Thread-3253    [002] d.h3.  9251.122474: workqueue_queue_work: work struct=000000009eebf005 function=rtl_lps_change_work_callback [rtlwifi] workqueue=events req_cpu=8192 cpu=2
          <idle>-0       [002] d.h3.  9251.127686: workqueue_queue_work: work struct=000000009eebf005 function=rtl_lps_change_work_callback [rtlwifi] workqueue=events req_cpu=8192 cpu=2
          <idle>-0       [002] d.h3.  9251.127922: workqueue_queue_work: work struct=000000009eebf005 function=rtl_lps_change_work_callback [rtlwifi] workqueue=events req_cpu=8192 cpu=2
          <idle>-0       [002] d.h3.  9251.128244: workqueue_queue_work: work struct=000000009eebf005 function=rtl_lps_change_work_callback [rtlwifi] workqueue=events req_cpu=8192 cpu=2
         firefox-2743    [000] d.s1.  9251.145726: workqueue_queue_work: work struct=00000000737a55da function=psi_avgs_work workqueue=events req_cpu=8192 cpu=0
 DNS Res~ver #44-11760   [002] d.h2.  9251.147822: workqueue_queue_work: work struct=000000009eebf005 function=rtl_lps_change_work_callback [rtlwifi] workqueue=events req_cpu=8192 cpu=2
 DNS Res~ver #44-11760   [002] DNs2.  9251.147899: workqueue_queue_work: work struct=00000000fa8fa0a3 function=cfg80211_wiphy_work [cfg80211] workqueue=events req_cpu=8192 cpu=2
          <idle>-0       [002] dNh3.  9251.150133: workqueue_queue_work: work struct=000000009eebf005 function=rtl_lps_change_work_callback [rtlwifi] workqueue=events req_cpu=8192 cpu=2
          <idle>-0       [002] d.h3.  9251.150457: workqueue_queue_work: work struct=000000009eebf005 function=rtl_lps_change_work_callback [rtlwifi] workqueue=events req_cpu=8192 cpu=2
          <idle>-0       [002] d.h3.  9251.153826: workqueue_queue_work: work struct=000000009eebf005 function=rtl_lps_change_work_callback [rtlwifi] workqueue=events req_cpu=8192 cpu=2
          <idle>-0       [002] d.h3.  9251.157260: workqueue_queue_work: work struct=000000009eebf005 function=rtl_lps_change_work_callback [rtlwifi] workqueue=events req_cpu=8192 cpu=2
          <idle>-0       [002] d.h3.  9251.158379: workqueue_queue_work: work struct=000000009eebf005 function=rtl_lps_change_work_callback [rtlwifi] workqueue=events req_cpu=8192 cpu=2
          <idle>-0       [002] d.h3.  9251.158737: workqueue_queue_work: work struct=000000009eebf005 function=rtl_lps_change_work_callback [rtlwifi] workqueue=events req_cpu=8192 cpu=2
          <idle>-0       [002] d.h3.  9251.168768: workqueue_queue_work: work struct=000000009eebf005 function=rtl_lps_change_work_callback [rtlwifi] workqueue=events req_cpu=8192 cpu=2
          <idle>-0       [002] d.h3.  9251.169280: workqueue_queue_work: work struct=000000009eebf005 function=rtl_lps_change_work_callback [rtlwifi] workqueue=events req_cpu=8192 cpu=2
          <idle>-0       [002] d.h3.  9251.169522: workqueue_queue_work: work struct=000000009eebf005 function=rtl_lps_change_work_callback [rtlwifi] workqueue=events req_cpu=8192 cpu=2
          <idle>-0       [002] d.h3.  9251.169628: workqueue_queue_work: work struct=000000009eebf005 function=rtl_lps_change_work_callback [rtlwifi] workqueue=events req_cpu=8192 cpu=2
          <idle>-0       [002] d.h3.  9251.169852: workqueue_queue_work: work struct=000000009eebf005 function=rtl_lps_change_work_callback [rtlwifi] workqueue=events req_cpu=8192 cpu=2
          <idle>-0       [002] d.h3.  9251.171524: workqueue_queue_work: work struct=000000009eebf005 function=rtl_lps_change_work_callback [rtlwifi] workqueue=events req_cpu=8192 cpu=2
          <idle>-0       [002] d.h3.  9251.171894: workqueue_queue_work: work struct=000000009eebf005 function=rtl_lps_change_work_callback [rtlwifi] workqueue=events req_cpu=8192 cpu=2
          <idle>-0       [002] d.h3.  9251.173480: workqueue_queue_work: work struct=000000009eebf005 function=rtl_lps_change_work_callback [rtlwifi] workqueue=events req_cpu=8192 cpu=2
          <idle>-0       [002] d.h3.  9251.173844: workqueue_queue_work: work struct=000000009eebf005 function=rtl_lps_change_work_callback [rtlwifi] workqueue=events req_cpu=8192 cpu=2
          <idle>-0       [002] d.h3.  9251.192820: workqueue_queue_work: work struct=000000009eebf005 function=rtl_lps_change_work_callback [rtlwifi] workqueue=events req_cpu=8192 cpu=2
          <idle>-0       [002] d.h3.  9251.194477: workqueue_queue_work: work struct=000000009eebf005 function=rtl_lps_change_work_callback [rtlwifi] workqueue=events req_cpu=8192 cpu=2
          <idle>-0       [002] d.h3.  9251.194863: workqueue_queue_work: work struct=000000009eebf005 function=rtl_lps_change_work_callback [rtlwifi] workqueue=events req_cpu=8192 cpu=2
          <idle>-0       [002] d.h3.  9251.196148: workqueue_queue_work: work struct=000000009eebf005 function=rtl_lps_change_work_callback [rtlwifi] workqueue=events req_cpu=8192 cpu=2
          <idle>-0       [003] d.s2.  9251.209828: workqueue_queue_work: work struct=00000000c329e28f function=rtl_watchdog_wq_callback [rtlwifi] workqueue=rtl8723be_pci req_cpu=8192 cpu=3
          <idle>-0       [000] d.s2.  9251.209828: workqueue_queue_work: work struct=000000002622c828 function=psi_avgs_work workqueue=events req_cpu=8192 cpu=0
          <idle>-0       [002] D.s3.  9251.250408: workqueue_queue_work: work struct=00000000fa8fa0a3 function=cfg80211_wiphy_work [cfg80211] workqueue=events req_cpu=8192 cpu=2
          <idle>-0       [002] dNh3.  9251.269876: workqueue_queue_work: work struct=000000009eebf005 function=rtl_lps_change_work_callback [rtlwifi] workqueue=events req_cpu=8192 cpu=2
          <idle>-0       [003] d.s2.  9251.273823: workqueue_queue_work: work struct=0000000026d6a727 function=kfree_rcu_monitor workqueue=events req_cpu=8192 cpu=3
          <idle>-0       [002] d.h3.  9251.303860: workqueue_queue_work: work struct=000000009eebf005 function=rtl_lps_change_work_callback [rtlwifi] workqueue=events req_cpu=8192 cpu=2
          <idle>-0       [002] d.h3.  9251.328170: workqueue_queue_work: work struct=000000009eebf005 function=rtl_lps_change_work_callback [rtlwifi] workqueue=events req_cpu=8192 cpu=2
          <idle>-0       [002] d.h3.  9251.331508: workqueue_queue_work: work struct=000000009eebf005 function=rtl_lps_change_work_callback [rtlwifi] workqueue=events req_cpu=8192 cpu=2
          <idle>-0       [002] d.h3.  9251.334647: workqueue_queue_work: work struct=000000009eebf005 function=rtl_lps_change_work_callback [rtlwifi] workqueue=events req_cpu=8192 cpu=2
          <idle>-0       [002] d.h3.  9251.334812: workqueue_queue_work: work struct=000000009eebf005 function=rtl_lps_change_work_callback [rtlwifi] workqueue=events req_cpu=8192 cpu=2
          <idle>-0       [002] d.h3.  9251.334938: workqueue_queue_work: work struct=000000009eebf005 function=rtl_lps_change_work_callback [rtlwifi] workqueue=events req_cpu=8192 cpu=2
          <idle>-0       [002] d.h3.  9251.335092: workqueue_queue_work: work struct=000000009eebf005 function=rtl_lps_change_work_callback [rtlwifi] workqueue=events req_cpu=8192 cpu=2
          <idle>-0       [002] d.h3.  9251.335182: workqueue_queue_work: work struct=000000009eebf005 function=rtl_lps_change_work_callback [rtlwifi] workqueue=events req_cpu=8192 cpu=2
          <idle>-0       [002] d.h3.  9251.335295: workqueue_queue_work: work struct=000000009eebf005 function=rtl_lps_change_work_callback [rtlwifi] workqueue=events req_cpu=8192 cpu=2
          <idle>-0       [002] d.h3.  9251.335725: workqueue_queue_work: work struct=000000009eebf005 function=rtl_lps_change_work_callback [rtlwifi] workqueue=events req_cpu=8192 cpu=2
          <idle>-0       [002] d.h3.  9251.352678: workqueue_queue_work: work struct=000000009eebf005 function=rtl_lps_change_work_callback [rtlwifi] workqueue=events req_cpu=8192 cpu=2
          <idle>-0       [002] DNs3.  9251.352758: workqueue_queue_work: work struct=00000000fa8fa0a3 function=cfg80211_wiphy_work [cfg80211] workqueue=events req_cpu=8192 cpu=2
          <idle>-0       [002] dNh3.  9251.424129: workqueue_queue_work: work struct=000000009eebf005 function=rtl_lps_change_work_callback [rtlwifi] workqueue=events req_cpu=8192 cpu=2
     gnome-shell-1740    [002] d.h2.  9251.424423: workqueue_queue_work: work struct=000000009eebf005 function=rtl_lps_change_work_callback [rtlwifi] workqueue=events req_cpu=8192 cpu=2
          <idle>-0       [002] d.h3.  9251.428338: workqueue_queue_work: work struct=000000009eebf005 function=rtl_lps_change_work_callback [rtlwifi] workqueue=events req_cpu=8192 cpu=2
          <idle>-0       [002] d.h3.  9251.428726: workqueue_queue_work: work struct=000000009eebf005 function=rtl_lps_change_work_callback [rtlwifi] workqueue=events req_cpu=8192 cpu=2
          <idle>-0       [002] d.h3.  9251.434872: workqueue_queue_work: work struct=000000009eebf005 function=rtl_lps_change_work_callback [rtlwifi] workqueue=events req_cpu=8192 cpu=2
          <idle>-0       [002] d.h3.  9251.434957: workqueue_queue_work: work struct=000000009eebf005 function=rtl_lps_change_work_callback [rtlwifi] workqueue=events req_cpu=8192 cpu=2
          <idle>-0       [002] d.h3.  9251.435270: workqueue_queue_work: work struct=000000009eebf005 function=rtl_lps_change_work_callback [rtlwifi] workqueue=events req_cpu=8192 cpu=2
          <idle>-0       [002] d.h3.  9251.455176: workqueue_queue_work: work struct=000000009eebf005 function=rtl_lps_change_work_callback [rtlwifi] workqueue=events req_cpu=8192 cpu=2
          <idle>-0       [002] DNs3.  9251.455255: workqueue_queue_work: work struct=00000000fa8fa0a3 function=cfg80211_wiphy_work [cfg80211] workqueue=events req_cpu=8192 cpu=2
          <idle>-0       [002] d.h3.  9251.496884: workqueue_queue_work: work struct=000000009eebf005 function=rtl_lps_change_work_callback [rtlwifi] workqueue=events req_cpu=8192 cpu=2
          <idle>-0       [002] d.h3.  9251.497306: workqueue_queue_work: work struct=000000009eebf005 function=rtl_lps_change_work_callback [rtlwifi] workqueue=events req_cpu=8192 cpu=2
          <idle>-0       [002] d.h3.  9251.497551: workqueue_queue_work: work struct=000000009eebf005 function=rtl_lps_change_work_callback [rtlwifi] workqueue=events req_cpu=8192 cpu=2
          <idle>-0       [002] d.h3.  9251.497755: workqueue_queue_work: work struct=000000009eebf005 function=rtl_lps_change_work_callback [rtlwifi] workqueue=events req_cpu=8192 cpu=2
          <idle>-0       [002] d.h3.  9251.499394: workqueue_queue_work: work struct=000000009eebf005 function=rtl_lps_change_work_callback [rtlwifi] workqueue=events req_cpu=8192 cpu=2
          <idle>-0       [002] d.h3.  9251.499733: workqueue_queue_work: work struct=000000009eebf005 function=rtl_lps_change_work_callback [rtlwifi] workqueue=events req_cpu=8192 cpu=2
          <idle>-0       [002] d.h3.  9251.557584: workqueue_queue_work: work struct=000000009eebf005 function=rtl_lps_change_work_callback [rtlwifi] workqueue=events req_cpu=8192 cpu=2
          <idle>-0       [002] DNs3.  9251.557664: workqueue_queue_work: work struct=00000000fa8fa0a3 function=cfg80211_wiphy_work [cfg80211] workqueue=events req_cpu=8192 cpu=2
          <idle>-0       [002] d.h3.  9251.567639: workqueue_queue_work: work struct=000000009eebf005 function=rtl_lps_change_work_callback [rtlwifi] workqueue=events req_cpu=8192 cpu=2
          <idle>-0       [002] d.s2.  9251.569811: workqueue_queue_work: work struct=00000000a398ad60 function=vmstat_update workqueue=mm_percpu_wq req_cpu=2 cpu=2
          <idle>-0       [003] d.s2.  9251.593813: workqueue_queue_work: work struct=000000001555026e function=radeon_fence_check_lockup [radeon] workqueue=events_power_efficient req_cpu=8192 cpu=-1
          <idle>-0       [001] d.s2.  9251.593813: workqueue_queue_work: work struct=000000002248c6cb function=psi_avgs_work workqueue=events req_cpu=8192 cpu=1
          <idle>-0       [003] dNs2.  9251.593842: workqueue_queue_work: work struct=00000000976a5310 function=psi_avgs_work workqueue=events req_cpu=8192 cpu=3
          <idle>-0       [002] d.s2.  9251.593842: workqueue_queue_work: work struct=0000000035af1c45 function=radeon_fence_check_lockup [radeon] workqueue=events_power_efficient req_cpu=8192 cpu=-1
          <idle>-0       [001] dNs2.  9251.593848: workqueue_queue_work: work struct=00000000e6261fad function=vmstat_update workqueue=mm_percpu_wq req_cpu=1 cpu=1
          <idle>-0       [002] d.s2.  9251.625814: workqueue_queue_work: work struct=000000004b192857 function=psi_avgs_work workqueue=events req_cpu=8192 cpu=2
          <idle>-0       [002] dNs2.  9251.625844: workqueue_queue_work: work struct=0000000098084a52 function=psi_avgs_work workqueue=events req_cpu=8192 cpu=2
        nautilus-3395    [000] d.s1.  9251.645695: workqueue_queue_work: work struct=00000000f2d653ed function=vmstat_shepherd workqueue=events req_cpu=8192 cpu=0
     kworker/0:1-11812   [000] d..1.  9251.645759: workqueue_queue_work: work struct=00000000e73789c4 function=vmstat_update workqueue=mm_percpu_wq req_cpu=0 cpu=0
     kworker/0:1-11812   [000] d..1.  9251.645767: workqueue_queue_work: work struct=00000000a502d8a7 function=vmstat_update workqueue=mm_percpu_wq req_cpu=3 cpu=3
     gnome-shell-1740    [002] d.h2.  9251.659835: workqueue_queue_work: work struct=000000009eebf005 function=rtl_lps_change_work_callback [rtlwifi] workqueue=events req_cpu=8192 cpu=2
     gnome-shell-1740    [002] DNs2.  9251.659897: workqueue_queue_work: work struct=00000000fa8fa0a3 function=cfg80211_wiphy_work [cfg80211] workqueue=events req_cpu=8192 cpu=2
      KMS thread-1775    [002] d..1.  9251.668066: workqueue_queue_work: work struct=00000000cd403a79 function=radeon_flip_work_func [radeon] workqueue=radeon-crtc req_cpu=8192 cpu=2
          <idle>-0       [001] d.h2.  9251.670173: workqueue_queue_work: work struct=00000000fc48d29d function=radeon_unpin_work_func [radeon] workqueue=radeon-crtc req_cpu=8192 cpu=1
          <idle>-0       [002] d.s2.  9251.753800: workqueue_queue_work: work struct=00000000c9c3d1d9 function=psi_avgs_work workqueue=events req_cpu=8192 cpu=2
          <idle>-0       [000] d.s2.  9251.753800: workqueue_queue_work: work struct=00000000490fc189 function=psi_avgs_work workqueue=events req_cpu=8192 cpu=0
          <idle>-0       [002] d.h3.  9251.762300: workqueue_queue_work: work struct=000000009eebf005 function=rtl_lps_change_work_callback [rtlwifi] workqueue=events req_cpu=8192 cpu=2
          <idle>-0       [002] DNs3.  9251.762373: workqueue_queue_work: work struct=00000000fa8fa0a3 function=cfg80211_wiphy_work [cfg80211] workqueue=events req_cpu=8192 cpu=2
          <idle>-0       [000] d.s2.  9251.785725: workqueue_queue_work: work struct=000000008c357fe6 function=psi_avgs_work workqueue=events req_cpu=8192 cpu=0
          <idle>-0       [001] d.s2.  9251.785725: workqueue_queue_work: work struct=00000000dae13f91 function=wb_workfn workqueue=writeback req_cpu=8192 cpu=-1
          <idle>-0       [002] d.s2.  9251.785725: workqueue_queue_work: work struct=00000000ff412599 function=psi_avgs_work workqueue=events req_cpu=8192 cpu=2
          <idle>-0       [001] d.s2.  9251.785739: workqueue_queue_work: work struct=000000005921ad65 function=psi_avgs_work workqueue=events req_cpu=8192 cpu=1
          <idle>-0       [000] d.s2.  9251.817693: workqueue_queue_work: work struct=00000000e4a1254c function=psi_avgs_work workqueue=events req_cpu=8192 cpu=0
          <idle>-0       [002] d.h3.  9251.856728: workqueue_queue_work: work struct=000000009eebf005 function=rtl_lps_change_work_callback [rtlwifi] workqueue=events req_cpu=8192 cpu=2
          <idle>-0       [002] d.h3.  9251.857085: workqueue_queue_work: work struct=000000009eebf005 function=rtl_lps_change_work_callback [rtlwifi] workqueue=events req_cpu=8192 cpu=2
          <idle>-0       [002] d.h3.  9251.864775: workqueue_queue_work: work struct=000000009eebf005 function=rtl_lps_change_work_callback [rtlwifi] workqueue=events req_cpu=8192 cpu=2
          <idle>-0       [002] DNs3.  9251.864853: workqueue_queue_work: work struct=00000000fa8fa0a3 function=cfg80211_wiphy_work [cfg80211] workqueue=events req_cpu=8192 cpu=2
          <idle>-0       [002] d.h3.  9251.896257: workqueue_queue_work: work struct=000000009eebf005 function=rtl_lps_change_work_callback [rtlwifi] workqueue=events req_cpu=8192 cpu=2
          <idle>-0       [002] d.h3.  9251.896946: workqueue_queue_work: work struct=000000009eebf005 function=rtl_lps_change_work_callback [rtlwifi] workqueue=events req_cpu=8192 cpu=2
          <idle>-0       [002] d.h3.  9251.897571: workqueue_queue_work: work struct=000000009eebf005 function=rtl_lps_change_work_callback [rtlwifi] workqueue=events req_cpu=8192 cpu=2
          <idle>-0       [002] d.h3.  9251.897943: workqueue_queue_work: work struct=000000009eebf005 function=rtl_lps_change_work_callback [rtlwifi] workqueue=events req_cpu=8192 cpu=2
          <idle>-0       [002] d.h3.  9251.898054: workqueue_queue_work: work struct=000000009eebf005 function=rtl_lps_change_work_callback [rtlwifi] workqueue=events req_cpu=8192 cpu=2
          <idle>-0       [002] d.h3.  9251.898401: workqueue_queue_work: work struct=000000009eebf005 function=rtl_lps_change_work_callback [rtlwifi] workqueue=events req_cpu=8192 cpu=2
          <idle>-0       [002] d.h3.  9251.928743: workqueue_queue_work: work struct=000000009eebf005 function=rtl_lps_change_work_callback [rtlwifi] workqueue=events req_cpu=8192 cpu=2
          <idle>-0       [002] d.h3.  9251.949431: workqueue_queue_work: work struct=000000009eebf005 function=rtl_lps_change_work_callback [rtlwifi] workqueue=events req_cpu=8192 cpu=2
          <idle>-0       [002] d.h3.  9251.952870: workqueue_queue_work: work struct=000000009eebf005 function=rtl_lps_change_work_callback [rtlwifi] workqueue=events req_cpu=8192 cpu=2
          <idle>-0       [002] d.h3.  9251.967174: workqueue_queue_work: work struct=000000009eebf005 function=rtl_lps_change_work_callback [rtlwifi] workqueue=events req_cpu=8192 cpu=2
          <idle>-0       [002] DNs3.  9251.967335: workqueue_queue_work: work struct=00000000fa8fa0a3 function=cfg80211_wiphy_work [cfg80211] workqueue=events req_cpu=8192 cpu=2
          <idle>-0       [002] d.h3.  9251.967950: workqueue_queue_work: work struct=000000009eebf005 function=rtl_lps_change_work_callback [rtlwifi] workqueue=events req_cpu=8192 cpu=2
          <idle>-0       [003] d.s2.  9252.041784: workqueue_queue_work: work struct=000000009bde56f4 function=wb_workfn workqueue=writeback req_cpu=8192 cpu=-1
          <idle>-0       [000] d.s2.  9252.041785: workqueue_queue_work: work struct=000000007f97638c function=psi_avgs_work workqueue=events req_cpu=8192 cpu=0
          <idle>-0       [002] d.s2.  9252.041785: workqueue_queue_work: work struct=00000000e4055203 function=psi_avgs_work workqueue=events req_cpu=8192 cpu=2
          <idle>-0       [002] dNs2.  9252.041815: workqueue_queue_work: work struct=0000000049f17908 function=neigh_managed_work workqueue=events_power_efficient req_cpu=8192 cpu=-1
          <idle>-0       [002] dNs2.  9252.041818: workqueue_queue_work: work struct=00000000fa685adb function=neigh_managed_work workqueue=events_power_efficient req_cpu=8192 cpu=-1
          <idle>-0       [002] d.h3.  9252.069559: workqueue_queue_work: work struct=000000009eebf005 function=rtl_lps_change_work_callback [rtlwifi] workqueue=events req_cpu=8192 cpu=2
          <idle>-0       [002] DNs3.  9252.069646: workqueue_queue_work: work struct=00000000fa8fa0a3 function=cfg80211_wiphy_work [cfg80211] workqueue=events req_cpu=8192 cpu=2
          <idle>-0       [003] d.s2.  9252.169786: workqueue_queue_work: work struct=000000001555026e function=radeon_fence_check_lockup [radeon] workqueue=events_power_efficient req_cpu=8192 cpu=-1
          <idle>-0       [001] d.s2.  9252.169787: workqueue_queue_work: work struct=000000006f38f747 function=psi_avgs_work workqueue=events req_cpu=8192 cpu=1
          <idle>-0       [000] d.s2.  9252.169787: workqueue_queue_work: work struct=0000000033d21aef function=psi_avgs_work workqueue=events req_cpu=8192 cpu=0
          <idle>-0       [002] d.s2.  9252.169816: workqueue_queue_work: work struct=0000000035af1c45 function=radeon_fence_check_lockup [radeon] workqueue=events_power_efficient req_cpu=8192 cpu=-1
          <idle>-0       [002] d.h3.  9252.171968: workqueue_queue_work: work struct=000000009eebf005 function=rtl_lps_change_work_callback [rtlwifi] workqueue=events req_cpu=8192 cpu=2
          <idle>-0       [002] DNs3.  9252.172054: workqueue_queue_work: work struct=00000000fa8fa0a3 function=cfg80211_wiphy_work [cfg80211] workqueue=events req_cpu=8192 cpu=2
          <idle>-0       [002] dNs2.  9252.265732: workqueue_queue_work: work struct=000000006c0345f5 function=psi_avgs_work workqueue=events req_cpu=8192 cpu=2
      KMS thread-1775    [002] d..1.  9252.267990: workqueue_queue_work: work struct=00000000a35386ad function=radeon_flip_work_func [radeon] workqueue=radeon-crtc req_cpu=8192 cpu=2
          <idle>-0       [001] d.h2.  9252.270475: workqueue_queue_work: work struct=000000009df0bb72 function=radeon_unpin_work_func [radeon] workqueue=radeon-crtc req_cpu=8192 cpu=1
          <idle>-0       [002] d.h3.  9252.274296: workqueue_queue_work: work struct=000000009eebf005 function=rtl_lps_change_work_callback [rtlwifi] workqueue=events req_cpu=8192 cpu=2
          <idle>-0       [002] DNs3.  9252.274388: workqueue_queue_work: work struct=00000000fa8fa0a3 function=cfg80211_wiphy_work [cfg80211] workqueue=events req_cpu=8192 cpu=2
          <idle>-0       [002] d.h3.  9252.376775: workqueue_queue_work: work struct=000000009eebf005 function=rtl_lps_change_work_callback [rtlwifi] workqueue=events req_cpu=8192 cpu=2
          <idle>-0       [002] DNs3.  9252.376860: workqueue_queue_work: work struct=00000000fa8fa0a3 function=cfg80211_wiphy_work [cfg80211] workqueue=events req_cpu=8192 cpu=2
          <idle>-0       [002] d.h3.  9252.479165: workqueue_queue_work: work struct=000000009eebf005 function=rtl_lps_change_work_callback [rtlwifi] workqueue=events req_cpu=8192 cpu=2
          <idle>-0       [002] DNs3.  9252.479252: workqueue_queue_work: work struct=00000000fa8fa0a3 function=cfg80211_wiphy_work [cfg80211] workqueue=events req_cpu=8192 cpu=2
          <idle>-0       [003] d.s2.  9252.553665: workqueue_queue_work: work struct=00000000ce38c089 function=psi_avgs_work workqueue=events req_cpu=8192 cpu=3
     gnome-shell-1740    [000] d.s1.  9252.553665: workqueue_queue_work: work struct=00000000e73789c4 function=vmstat_update workqueue=mm_percpu_wq req_cpu=0 cpu=0
     gnome-shell-1740    [000] dNs1.  9252.553681: workqueue_queue_work: work struct=00000000f2d653ed function=vmstat_shepherd workqueue=events req_cpu=8192 cpu=0
          <idle>-0       [003] dNs2.  9252.553683: workqueue_queue_work: work struct=00000000a502d8a7 function=vmstat_update workqueue=mm_percpu_wq req_cpu=3 cpu=3
     kworker/0:1-11812   [000] d..1.  9252.553735: workqueue_queue_work: work struct=00000000a398ad60 function=vmstat_update workqueue=mm_percpu_wq req_cpu=2 cpu=2
          <idle>-0       [002] d.h3.  9252.581557: workqueue_queue_work: work struct=000000009eebf005 function=rtl_lps_change_work_callback [rtlwifi] workqueue=events req_cpu=8192 cpu=2
          <idle>-0       [002] DNs3.  9252.581642: workqueue_queue_work: work struct=00000000fa8fa0a3 function=cfg80211_wiphy_work [cfg80211] workqueue=events req_cpu=8192 cpu=2
          <idle>-0       [001] d.s2.  9252.585760: workqueue_queue_work: work struct=000000001ee82721 function=psi_avgs_work workqueue=events req_cpu=8192 cpu=1
          <idle>-0       [002] d.s2.  9252.585760: workqueue_queue_work: work struct=000000003b12f9d1 function=psi_avgs_work workqueue=events req_cpu=8192 cpu=2
          <idle>-0       [003] d.s2.  9252.617757: workqueue_queue_work: work struct=00000000ea4ea4fa function=psi_avgs_work workqueue=events req_cpu=8192 cpu=3
          <idle>-0       [001] d.s2.  9252.617758: workqueue_queue_work: work struct=00000000c5187aad function=psi_avgs_work workqueue=events req_cpu=8192 cpu=1
          <idle>-0       [003] d.s2.  9252.681754: workqueue_queue_work: work struct=0000000088a0b293 function=psi_avgs_work workqueue=events req_cpu=8192 cpu=3
          <idle>-0       [001] d.s2.  9252.681754: workqueue_queue_work: work struct=0000000084c1c426 function=psi_avgs_work workqueue=events req_cpu=8192 cpu=1
          <idle>-0       [002] d.h3.  9252.683893: workqueue_queue_work: work struct=000000009eebf005 function=rtl_lps_change_work_callback [rtlwifi] workqueue=events req_cpu=8192 cpu=2
          <idle>-0       [002] DNs3.  9252.683980: workqueue_queue_work: work struct=00000000fa8fa0a3 function=cfg80211_wiphy_work [cfg80211] workqueue=events req_cpu=8192 cpu=2
          <idle>-0       [002] d.s2.  9252.777661: workqueue_queue_work: work struct=0000000035af1c45 function=radeon_fence_check_lockup [radeon] workqueue=events_power_efficient req_cpu=8192 cpu=-1
          <idle>-0       [002] d.h3.  9252.786383: workqueue_queue_work: work struct=000000009eebf005 function=rtl_lps_change_work_callback [rtlwifi] workqueue=events req_cpu=8192 cpu=2
          <idle>-0       [002] DNs3.  9252.786469: workqueue_queue_work: work struct=00000000fa8fa0a3 function=cfg80211_wiphy_work [cfg80211] workqueue=events req_cpu=8192 cpu=2
          <idle>-0       [002] d.h3.  9252.802169: workqueue_queue_work: work struct=000000009eebf005 function=rtl_lps_change_work_callback [rtlwifi] workqueue=events req_cpu=8192 cpu=2
          <idle>-0       [000] dNs2.  9252.813707: workqueue_queue_work: work struct=000000000aa77256 function=mld_ifc_work workqueue=mld req_cpu=8192 cpu=0
          <idle>-0       [002] d.h3.  9252.813954: workqueue_queue_work: work struct=000000009eebf005 function=rtl_lps_change_work_callback [rtlwifi] workqueue=events req_cpu=8192 cpu=2
          <idle>-0       [002] d.h3.  9252.814307: workqueue_queue_work: work struct=000000009eebf005 function=rtl_lps_change_work_callback [rtlwifi] workqueue=events req_cpu=8192 cpu=2
      KMS thread-1775    [002] d..1.  9252.868121: workqueue_queue_work: work struct=00000000d15ff6ae function=radeon_flip_work_func [radeon] workqueue=radeon-crtc req_cpu=8192 cpu=2
          <idle>-0       [001] d.h2.  9252.870708: workqueue_queue_work: work struct=000000003e5a2151 function=radeon_unpin_work_func [radeon] workqueue=radeon-crtc req_cpu=8192 cpu=1
          <idle>-0       [001] d.s2.  9252.873681: workqueue_queue_work: work struct=0000000003fdf169 function=psi_avgs_work workqueue=events req_cpu=8192 cpu=1
          <idle>-0       [002] d.h3.  9252.888767: workqueue_queue_work: work struct=000000009eebf005 function=rtl_lps_change_work_callback [rtlwifi] workqueue=events req_cpu=8192 cpu=2
          <idle>-0       [002] DNs3.  9252.888853: workqueue_queue_work: work struct=00000000fa8fa0a3 function=cfg80211_wiphy_work [cfg80211] workqueue=events req_cpu=8192 cpu=2
          <idle>-0       [003] d.s2.  9252.905754: workqueue_queue_work: work struct=000000003f4d9cf4 function=disk_events_workfn workqueue=events_freezable_power_ req_cpu=8192 cpu=-1
          <idle>-0       [003] d.s2.  9252.905774: workqueue_queue_work: work struct=00000000d71a3ff0 function=flush_memcg_stats_dwork workqueue=events_unbound req_cpu=8192 cpu=-1
          <idle>-0       [000] d.s2.  9252.937749: workqueue_queue_work: work struct=00000000d63bde61 function=psi_avgs_work workqueue=events req_cpu=8192 cpu=0
          <idle>-0       [002] d.h3.  9252.991174: workqueue_queue_work: work struct=000000009eebf005 function=rtl_lps_change_work_callback [rtlwifi] workqueue=events req_cpu=8192 cpu=2
          <idle>-0       [002] DNs3.  9252.991262: workqueue_queue_work: work struct=00000000fa8fa0a3 function=cfg80211_wiphy_work [cfg80211] workqueue=events req_cpu=8192 cpu=2
          <idle>-0       [002] d.h3.  9253.093576: workqueue_queue_work: work struct=000000009eebf005 function=rtl_lps_change_work_callback [rtlwifi] workqueue=events req_cpu=8192 cpu=2
          <idle>-0       [002] DNs3.  9253.093661: workqueue_queue_work: work struct=00000000fa8fa0a3 function=cfg80211_wiphy_work [cfg80211] workqueue=events req_cpu=8192 cpu=2
          <idle>-0       [000] d.s2.  9253.161736: workqueue_queue_work: work struct=00000000737a55da function=psi_avgs_work workqueue=events req_cpu=8192 cpu=0
          <idle>-0       [000] d.s2.  9253.193732: workqueue_queue_work: work struct=000000002622c828 function=psi_avgs_work workqueue=events req_cpu=8192 cpu=0
          <idle>-0       [002] d.h3.  9253.195959: workqueue_queue_work: work struct=000000009eebf005 function=rtl_lps_change_work_callback [rtlwifi] workqueue=events req_cpu=8192 cpu=2
          <idle>-0       [002] DNs3.  9253.196045: workqueue_queue_work: work struct=00000000fa8fa0a3 function=cfg80211_wiphy_work [cfg80211] workqueue=events req_cpu=8192 cpu=2
          <idle>-0       [003] d.s2.  9253.225743: workqueue_queue_work: work struct=00000000c329e28f function=rtl_watchdog_wq_callback [rtlwifi] workqueue=rtl8723be_pci req_cpu=8192 cpu=3
          <idle>-0       [002] D.s3.  9253.298432: workqueue_queue_work: work struct=00000000fa8fa0a3 function=cfg80211_wiphy_work [cfg80211] workqueue=events req_cpu=8192 cpu=2
          <idle>-0       [000] d.s2.  9253.353728: workqueue_queue_work: work struct=000000000aa77256 function=mld_ifc_work workqueue=mld req_cpu=8192 cpu=0
          <idle>-0       [002] d.s2.  9253.385728: workqueue_queue_work: work struct=0000000035af1c45 function=radeon_fence_check_lockup [radeon] workqueue=events_power_efficient req_cpu=8192 cpu=-1
          <idle>-0       [002] D.s3.  9253.400830: workqueue_queue_work: work struct=00000000fa8fa0a3 function=cfg80211_wiphy_work [cfg80211] workqueue=events req_cpu=8192 cpu=2
      KMS thread-1775    [002] d..1.  9253.469272: workqueue_queue_work: work struct=00000000c2ca1564 function=radeon_flip_work_func [radeon] workqueue=radeon-crtc req_cpu=8192 cpu=2
          <idle>-0       [001] d.h2.  9253.471009: workqueue_queue_work: work struct=0000000093e98553 function=radeon_unpin_work_func [radeon] workqueue=radeon-crtc req_cpu=8192 cpu=1
          <idle>-0       [003] d.s2.  9253.481650: workqueue_queue_work: work struct=00000000ea4ea4fa function=psi_avgs_work workqueue=events req_cpu=8192 cpu=3
          <idle>-0       [002] D.s3.  9253.503217: workqueue_queue_work: work struct=00000000fa8fa0a3 function=cfg80211_wiphy_work [cfg80211] workqueue=events req_cpu=8192 cpu=2
          <idle>-0       [003] d.s2.  9253.577718: workqueue_queue_work: work struct=00000000c9d0389d function=psi_avgs_work workqueue=events req_cpu=8192 cpu=3
          <idle>-0       [001] d.s2.  9253.577718: workqueue_queue_work: work struct=000000002248c6cb function=psi_avgs_work workqueue=events req_cpu=8192 cpu=1
          <idle>-0       [000] d.s2.  9253.577725: workqueue_queue_work: work struct=00000000f2d653ed function=vmstat_shepherd workqueue=events req_cpu=8192 cpu=0
          <idle>-0       [003] dNs2.  9253.577747: workqueue_queue_work: work struct=00000000b75a7c34 function=psi_avgs_work workqueue=events req_cpu=8192 cpu=3
     kworker/0:1-11812   [000] d..1.  9253.577807: workqueue_queue_work: work struct=00000000e6261fad function=vmstat_update workqueue=mm_percpu_wq req_cpu=1 cpu=1
     gnome-shell-1740    [002] d.s1.  9253.581606: workqueue_queue_work: work struct=00000000a398ad60 function=vmstat_update workqueue=mm_percpu_wq req_cpu=2 cpu=2
          <idle>-0       [002] D.s3.  9253.605626: workqueue_queue_work: work struct=00000000fa8fa0a3 function=cfg80211_wiphy_work [cfg80211] workqueue=events req_cpu=8192 cpu=2
          <idle>-0       [003] d.s2.  9253.609710: workqueue_queue_work: work struct=00000000976a5310 function=psi_avgs_work workqueue=events req_cpu=8192 cpu=3
          <idle>-0       [002] dNs2.  9253.609736: workqueue_queue_work: work struct=000000004b192857 function=psi_avgs_work workqueue=events req_cpu=8192 cpu=2
          <idle>-0       [001] dNs2.  9253.609736: workqueue_queue_work: work struct=0000000003fdf169 function=psi_avgs_work workqueue=events req_cpu=8192 cpu=1
          <idle>-0       [002] d.h4.  9253.638723: workqueue_queue_work: work struct=0000000087ec34eb function=console_callback workqueue=events req_cpu=8192 cpu=2
 gnome-terminal--2648    [001] d..1.  9253.643775: workqueue_queue_work: work struct=000000000eec7af9 function=flush_to_ldisc workqueue=events_unbound req_cpu=8192 cpu=-1
            sudo-2677    [000] d..1.  9253.643980: workqueue_queue_work: work struct=00000000526d5dbc function=flush_to_ldisc workqueue=events_unbound req_cpu=8192 cpu=-1
              vi-12138   [003] d..1.  9253.644235: workqueue_queue_work: work struct=000000008e85958b function=flush_to_ldisc workqueue=events_unbound req_cpu=8192 cpu=-1
            sudo-2677    [000] d..1.  9253.644328: workqueue_queue_work: work struct=00000000d4bb5238 function=flush_to_ldisc workqueue=events_unbound req_cpu=8192 cpu=-1
              vi-12138   [003] d..1.  9253.647654: workqueue_queue_work: work struct=000000008e85958b function=flush_to_ldisc workqueue=events_unbound req_cpu=8192 cpu=-1
            sudo-2677    [000] d..1.  9253.647833: workqueue_queue_work: work struct=00000000d4bb5238 function=flush_to_ldisc workqueue=events_unbound req_cpu=8192 cpu=-1
              vi-12138   [003] d..1.  9253.647895: workqueue_queue_work: work struct=000000008e85958b function=flush_to_ldisc workqueue=events_unbound req_cpu=8192 cpu=-1
            sudo-2677    [000] d..1.  9253.648019: workqueue_queue_work: work struct=00000000d4bb5238 function=flush_to_ldisc workqueue=events_unbound req_cpu=8192 cpu=-1
      KMS thread-1775    [002] d..1.  9253.703296: workqueue_queue_work: work struct=000000003c0e3b9b function=radeon_flip_work_func [radeon] workqueue=radeon-crtc req_cpu=8192 cpu=2
          <idle>-0       [001] d.h2.  9253.704371: workqueue_queue_work: work struct=00000000966f1c0a function=radeon_unpin_work_func [radeon] workqueue=radeon-crtc req_cpu=8192 cpu=1
          <idle>-0       [002] D.s3.  9253.707944: workqueue_queue_work: work struct=00000000fa8fa0a3 function=cfg80211_wiphy_work [cfg80211] workqueue=events req_cpu=8192 cpu=2
          <idle>-0       [000] d.s2.  9253.737704: workqueue_queue_work: work struct=00000000490fc189 function=psi_avgs_work workqueue=events req_cpu=8192 cpu=0
          <idle>-0       [002] d.s2.  9253.773710: workqueue_queue_work: work struct=00000000c9c3d1d9 function=psi_avgs_work workqueue=events req_cpu=8192 cpu=2
          <idle>-0       [000] d.s2.  9253.801706: workqueue_queue_work: work struct=00000000e4a1254c function=psi_avgs_work workqueue=events req_cpu=8192 cpu=0
          <idle>-0       [002] d.s2.  9253.801706: workqueue_queue_work: work struct=00000000ff412599 function=psi_avgs_work workqueue=events req_cpu=8192 cpu=2
          <idle>-0       [001] d.s2.  9253.801706: workqueue_queue_work: work struct=000000005921ad65 function=psi_avgs_work workqueue=events req_cpu=8192 cpu=1
          <idle>-0       [002] D.s3.  9253.810441: workqueue_queue_work: work struct=00000000fa8fa0a3 function=cfg80211_wiphy_work [cfg80211] workqueue=events req_cpu=8192 cpu=2
          <idle>-0       [002] D.s3.  9253.912830: workqueue_queue_work: work struct=00000000fa8fa0a3 function=cfg80211_wiphy_work [cfg80211] workqueue=events req_cpu=8192 cpu=2
          <idle>-0       [002] d.h4.  9253.942338: workqueue_queue_work: work struct=0000000087ec34eb function=console_callback workqueue=events req_cpu=8192 cpu=2
          <idle>-0       [002] d.h4.  9253.979385: workqueue_queue_work: work struct=0000000087ec34eb function=console_callback workqueue=events req_cpu=8192 cpu=2
          <idle>-0       [002] d.s2.  9253.993624: workqueue_queue_work: work struct=0000000035af1c45 function=radeon_fence_check_lockup [radeon] workqueue=events_power_efficient req_cpu=8192 cpu=-1
          <idle>-0       [002] D.s3.  9254.015213: workqueue_queue_work: work struct=00000000fa8fa0a3 function=cfg80211_wiphy_work [cfg80211] workqueue=events req_cpu=8192 cpu=2
          <idle>-0       [002] d.h4.  9254.015920: workqueue_queue_work: work struct=0000000087ec34eb function=console_callback workqueue=events req_cpu=8192 cpu=2
          <idle>-0       [000] d.s2.  9254.025592: workqueue_queue_work: work struct=000000007f97638c function=psi_avgs_work workqueue=events req_cpu=8192 cpu=0
          <idle>-0       [002] d.h4.  9254.052245: workqueue_queue_work: work struct=0000000087ec34eb function=console_callback workqueue=events req_cpu=8192 cpu=2
          <idle>-0       [002] d.h4.  9254.089984: workqueue_queue_work: work struct=0000000087ec34eb function=console_callback workqueue=events req_cpu=8192 cpu=2
          <idle>-0       [002] D.s3.  9254.117621: workqueue_queue_work: work struct=00000000fa8fa0a3 function=cfg80211_wiphy_work [cfg80211] workqueue=events req_cpu=8192 cpu=2
          <idle>-0       [002] d.h4.  9254.126003: workqueue_queue_work: work struct=0000000087ec34eb function=console_callback workqueue=events req_cpu=8192 cpu=2
 gnome-terminal--2648    [001] d..1.  9254.144223: workqueue_queue_work: work struct=000000000eec7af9 function=flush_to_ldisc workqueue=events_unbound req_cpu=8192 cpu=-1
            sudo-2677    [000] d..1.  9254.144400: workqueue_queue_work: work struct=00000000526d5dbc function=flush_to_ldisc workqueue=events_unbound req_cpu=8192 cpu=-1
              vi-12138   [003] d..1.  9254.144679: workqueue_queue_work: work struct=000000008e85958b function=flush_to_ldisc workqueue=events_unbound req_cpu=8192 cpu=-1
            sudo-2677    [000] d..1.  9254.144773: workqueue_queue_work: work struct=00000000d4bb5238 function=flush_to_ldisc workqueue=events_unbound req_cpu=8192 cpu=-1
              vi-12138   [003] d..1.  9254.148089: workqueue_queue_work: work struct=000000008e85958b function=flush_to_ldisc workqueue=events_unbound req_cpu=8192 cpu=-1
            sudo-2677    [000] d..1.  9254.148279: workqueue_queue_work: work struct=00000000d4bb5238 function=flush_to_ldisc workqueue=events_unbound req_cpu=8192 cpu=-1
              vi-12138   [003] d..1.  9254.148332: workqueue_queue_work: work struct=000000008e85958b function=flush_to_ldisc workqueue=events_unbound req_cpu=8192 cpu=-1
            sudo-2677    [000] d..1.  9254.148455: workqueue_queue_work: work struct=00000000d4bb5238 function=flush_to_ldisc workqueue=events_unbound req_cpu=8192 cpu=-1
          <idle>-0       [000] d.s2.  9254.153684: workqueue_queue_work: work struct=0000000033d21aef function=psi_avgs_work workqueue=events req_cpu=8192 cpu=0
     gnome-shell-1740    [002] d.h3.  9254.162572: workqueue_queue_work: work struct=0000000087ec34eb function=console_callback workqueue=events req_cpu=8192 cpu=2
 gnome-terminal--2648    [001] d..1.  9254.185408: workqueue_queue_work: work struct=000000000eec7af9 function=flush_to_ldisc workqueue=events_unbound req_cpu=8192 cpu=-1
            sudo-2677    [000] d..1.  9254.185649: workqueue_queue_work: work struct=00000000526d5dbc function=flush_to_ldisc workqueue=events_unbound req_cpu=8192 cpu=-1
              vi-12138   [003] d..1.  9254.185901: workqueue_queue_work: work struct=000000008e85958b function=flush_to_ldisc workqueue=events_unbound req_cpu=8192 cpu=-1
            sudo-2677    [000] d..1.  9254.186019: workqueue_queue_work: work struct=00000000d4bb5238 function=flush_to_ldisc workqueue=events_unbound req_cpu=8192 cpu=-1
              vi-12138   [003] d..1.  9254.189230: workqueue_queue_work: work struct=000000008e85958b function=flush_to_ldisc workqueue=events_unbound req_cpu=8192 cpu=-1
            sudo-2677    [000] d..1.  9254.189397: workqueue_queue_work: work struct=00000000d4bb5238 function=flush_to_ldisc workqueue=events_unbound req_cpu=8192 cpu=-1
              vi-12138   [003] d..1.  9254.189450: workqueue_queue_work: work struct=000000008e85958b function=flush_to_ldisc workqueue=events_unbound req_cpu=8192 cpu=-1
            sudo-2677    [000] d..1.  9254.189598: workqueue_queue_work: work struct=00000000d4bb5238 function=flush_to_ldisc workqueue=events_unbound req_cpu=8192 cpu=-1
          <idle>-0       [002] d.h4.  9254.198707: workqueue_queue_work: work struct=0000000087ec34eb function=console_callback workqueue=events req_cpu=8192 cpu=2
      KMS thread-1775    [002] d..1.  9254.201871: workqueue_queue_work: work struct=00000000462b7c74 function=radeon_flip_work_func [radeon] workqueue=radeon-crtc req_cpu=8192 cpu=2
 gnome-terminal--2648    [001] d.h1.  9254.204622: workqueue_queue_work: work struct=00000000ddb942a0 function=radeon_unpin_work_func [radeon] workqueue=radeon-crtc req_cpu=8192 cpu=1
 gnome-terminal--2648    [001] d..1.  9254.215920: workqueue_queue_work: work struct=000000000eec7af9 function=flush_to_ldisc workqueue=events_unbound req_cpu=8192 cpu=-1
            sudo-2677    [000] d..1.  9254.216176: workqueue_queue_work: work struct=00000000526d5dbc function=flush_to_ldisc workqueue=events_unbound req_cpu=8192 cpu=-1
              vi-12138   [000] d..1.  9254.216414: workqueue_queue_work: work struct=000000008e85958b function=flush_to_ldisc workqueue=events_unbound req_cpu=8192 cpu=-1
            sudo-2677    [001] d..1.  9254.216523: workqueue_queue_work: work struct=00000000d4bb5238 function=flush_to_ldisc workqueue=events_unbound req_cpu=8192 cpu=-1
              vi-12138   [000] d..1.  9254.219360: workqueue_queue_work: work struct=000000008e85958b function=flush_to_ldisc workqueue=events_unbound req_cpu=8192 cpu=-1
            sudo-2677    [001] d..1.  9254.219569: workqueue_queue_work: work struct=00000000d4bb5238 function=flush_to_ldisc workqueue=events_unbound req_cpu=8192 cpu=-1
              vi-12138   [000] d..1.  9254.219624: workqueue_queue_work: work struct=000000008e85958b function=flush_to_ldisc workqueue=events_unbound req_cpu=8192 cpu=-1
            sudo-2677    [001] d..1.  9254.219703: workqueue_queue_work: work struct=00000000d4bb5238 function=flush_to_ldisc workqueue=events_unbound req_cpu=8192 cpu=-1
 gnome-terminal--2648    [002] D.s2.  9254.219849: workqueue_queue_work: work struct=00000000fa8fa0a3 function=cfg80211_wiphy_work [cfg80211] workqueue=events req_cpu=8192 cpu=2
      KMS thread-1775    [002] d..1.  9254.233534: workqueue_queue_work: work struct=00000000904818ba function=radeon_flip_work_func [radeon] workqueue=radeon-crtc req_cpu=8192 cpu=2
 gnome-terminal--2648    [003] d..1.  9254.234725: workqueue_queue_work: work struct=000000000eec7af9 function=flush_to_ldisc workqueue=events_unbound req_cpu=8192 cpu=-1
            sudo-2677    [001] d..1.  9254.234820: workqueue_queue_work: work struct=00000000526d5dbc function=flush_to_ldisc workqueue=events_unbound req_cpu=8192 cpu=-1
              vi-12138   [000] d..1.  9254.234986: workqueue_queue_work: work struct=000000008e85958b function=flush_to_ldisc workqueue=events_unbound req_cpu=8192 cpu=-1
            sudo-2677    [001] d..1.  9254.235037: workqueue_queue_work: work struct=00000000d4bb5238 function=flush_to_ldisc workqueue=events_unbound req_cpu=8192 cpu=-1
          <idle>-0       [002] d.h4.  9254.235328: workqueue_queue_work: work struct=0000000087ec34eb function=console_callback workqueue=events req_cpu=8192 cpu=2
              vi-12138   [000] d..1.  9254.237860: workqueue_queue_work: work struct=000000008e85958b function=flush_to_ldisc workqueue=events_unbound req_cpu=8192 cpu=-1
          <idle>-0       [001] d.h2.  9254.237981: workqueue_queue_work: work struct=00000000d03bb19a function=radeon_unpin_work_func [radeon] workqueue=radeon-crtc req_cpu=8192 cpu=1
              vi-12138   [000] d..1.  9254.238113: workqueue_queue_work: work struct=000000008e85958b function=flush_to_ldisc workqueue=events_unbound req_cpu=8192 cpu=-1
            sudo-2677    [001] d..1.  9254.238130: workqueue_queue_work: work struct=00000000d4bb5238 function=flush_to_ldisc workqueue=events_unbound req_cpu=8192 cpu=-1
            sudo-2677    [001] d..1.  9254.238249: workqueue_queue_work: work struct=00000000d4bb5238 function=flush_to_ldisc workqueue=events_unbound req_cpu=8192 cpu=-1
 gnome-terminal--2648    [003] d..1.  9254.263672: workqueue_queue_work: work struct=000000000eec7af9 function=flush_to_ldisc workqueue=events_unbound req_cpu=8192 cpu=-1
            sudo-2677    [000] d..1.  9254.263857: workqueue_queue_work: work struct=00000000526d5dbc function=flush_to_ldisc workqueue=events_unbound req_cpu=8192 cpu=-1
              vi-12138   [003] d..1.  9254.264075: workqueue_queue_work: work struct=000000008e85958b function=flush_to_ldisc workqueue=events_unbound req_cpu=8192 cpu=-1
            sudo-2677    [001] d..1.  9254.264173: workqueue_queue_work: work struct=00000000d4bb5238 function=flush_to_ldisc workqueue=events_unbound req_cpu=8192 cpu=-1
              vi-12138   [003] d..1.  9254.267541: workqueue_queue_work: work struct=000000008e85958b function=flush_to_ldisc workqueue=events_unbound req_cpu=8192 cpu=-1
            sudo-2677    [002] d..1.  9254.267755: workqueue_queue_work: work struct=00000000d4bb5238 function=flush_to_ldisc workqueue=events_unbound req_cpu=8192 cpu=-1
              vi-12138   [003] d..1.  9254.267772: workqueue_queue_work: work struct=000000008e85958b function=flush_to_ldisc workqueue=events_unbound req_cpu=8192 cpu=-1
            sudo-2677    [000] d..1.  9254.267894: workqueue_queue_work: work struct=00000000d4bb5238 function=flush_to_ldisc workqueue=events_unbound req_cpu=8192 cpu=-1
      KMS thread-1775    [002] d..1.  9254.268446: workqueue_queue_work: work struct=00000000a2e71e56 function=radeon_flip_work_func [radeon] workqueue=radeon-crtc req_cpu=8192 cpu=2
          <idle>-0       [002] d.h4.  9254.270473: workqueue_queue_work: work struct=0000000087ec34eb function=console_callback workqueue=events req_cpu=8192 cpu=2
          <idle>-0       [001] d.h2.  9254.271328: workqueue_queue_work: work struct=0000000057c4ec1d function=radeon_unpin_work_func [radeon] workqueue=radeon-crtc req_cpu=8192 cpu=1
 gnome-terminal--2648    [003] d..1.  9254.294925: workqueue_queue_work: work struct=000000000eec7af9 function=flush_to_ldisc workqueue=events_unbound req_cpu=8192 cpu=-1
            sudo-2677    [001] d..1.  9254.295085: workqueue_queue_work: work struct=00000000526d5dbc function=flush_to_ldisc workqueue=events_unbound req_cpu=8192 cpu=-1
              vi-12138   [003] d..1.  9254.295327: workqueue_queue_work: work struct=000000008e85958b function=flush_to_ldisc workqueue=events_unbound req_cpu=8192 cpu=-1
            sudo-2677    [002] d..1.  9254.295436: workqueue_queue_work: work struct=00000000d4bb5238 function=flush_to_ldisc workqueue=events_unbound req_cpu=8192 cpu=-1
              vi-12138   [003] d..1.  9254.298739: workqueue_queue_work: work struct=000000008e85958b function=flush_to_ldisc workqueue=events_unbound req_cpu=8192 cpu=-1
            sudo-2677    [002] d..1.  9254.298934: workqueue_queue_work: work struct=00000000d4bb5238 function=flush_to_ldisc workqueue=events_unbound req_cpu=8192 cpu=-1
              vi-12138   [003] d..1.  9254.298993: workqueue_queue_work: work struct=000000008e85958b function=flush_to_ldisc workqueue=events_unbound req_cpu=8192 cpu=-1
            sudo-2677    [000] d..1.  9254.299098: workqueue_queue_work: work struct=00000000d4bb5238 function=flush_to_ldisc workqueue=events_unbound req_cpu=8192 cpu=-1
      KMS thread-1775    [002] d..1.  9254.301217: workqueue_queue_work: work struct=00000000a2e71e56 function=radeon_flip_work_func [radeon] workqueue=radeon-crtc req_cpu=8192 cpu=2
          <idle>-0       [001] d.h2.  9254.304703: workqueue_queue_work: work struct=0000000057c4ec1d function=radeon_unpin_work_func [radeon] workqueue=radeon-crtc req_cpu=8192 cpu=1
          <idle>-0       [002] d.h4.  9254.307113: workqueue_queue_work: work struct=0000000087ec34eb function=console_callback workqueue=events req_cpu=8192 cpu=2
          <idle>-0       [002] D.s3.  9254.322303: workqueue_queue_work: work struct=00000000fa8fa0a3 function=cfg80211_wiphy_work [cfg80211] workqueue=events req_cpu=8192 cpu=2
 gnome-terminal--2648    [000] d..1.  9254.323638: workqueue_queue_work: work struct=000000000eec7af9 function=flush_to_ldisc workqueue=events_unbound req_cpu=8192 cpu=-1
            sudo-2677    [001] d..1.  9254.323822: workqueue_queue_work: work struct=00000000526d5dbc function=flush_to_ldisc workqueue=events_unbound req_cpu=8192 cpu=-1
              vi-12138   [000] d..1.  9254.324044: workqueue_queue_work: work struct=000000008e85958b function=flush_to_ldisc workqueue=events_unbound req_cpu=8192 cpu=-1
            sudo-2677    [001] d..1.  9254.324169: workqueue_queue_work: work struct=00000000d4bb5238 function=flush_to_ldisc workqueue=events_unbound req_cpu=8192 cpu=-1
