              vi-12138   [002] d..1.  9255.783348: workqueue_queue_work: work struct=000000008e85958b function=flush_to_ldisc workqueue=events_unbound req_cpu=8192 cpu=-1
            sudo-2677    [001] d..1.  9255.783453: workqueue_queue_work: work struct=00000000d4bb5238 function=flush_to_ldisc workqueue=events_unbound req_cpu=8192 cpu=-1
      KMS thread-1775    [002] d..1.  9255.785218: workqueue_queue_work: work struct=00000000904818ba function=radeon_flip_work_func [radeon] workqueue=radeon-crtc req_cpu=8192 cpu=2
          <idle>-0       [002] d.s2.  9255.785474: workqueue_queue_work: work struct=00000000ff412599 function=psi_avgs_work workqueue=events req_cpu=8192 cpu=2
          <idle>-0       [001] dNs2.  9255.785501: workqueue_queue_work: work struct=000000005921ad65 function=psi_avgs_work workqueue=events req_cpu=8192 cpu=1
          <idle>-0       [001] d.h2.  9255.788706: workqueue_queue_work: work struct=00000000d03bb19a function=radeon_unpin_work_func [radeon] workqueue=radeon-crtc req_cpu=8192 cpu=1
          <idle>-0       [000] d.s2.  9255.789533: workqueue_queue_work: work struct=0000000035af1c45 function=radeon_fence_check_lockup [radeon] workqueue=events_power_efficient req_cpu=8192 cpu=-1
          <idle>-0       [002] d.h4.  9255.802824: workqueue_queue_work: work struct=0000000087ec34eb function=console_callback workqueue=events req_cpu=8192 cpu=2
 gnome-terminal--2648    [003] d..1.  9255.813344: workqueue_queue_work: work struct=000000000eec7af9 function=flush_to_ldisc workqueue=events_unbound req_cpu=8192 cpu=-1
            sudo-2677    [001] d..1.  9255.813567: workqueue_queue_work: work struct=00000000526d5dbc function=flush_to_ldisc workqueue=events_unbound req_cpu=8192 cpu=-1
              vi-12138   [003] d..1.  9255.813792: workqueue_queue_work: work struct=000000008e85958b function=flush_to_ldisc workqueue=events_unbound req_cpu=8192 cpu=-1
            sudo-2677    [001] d..1.  9255.813882: workqueue_queue_work: work struct=00000000d4bb5238 function=flush_to_ldisc workqueue=events_unbound req_cpu=8192 cpu=-1
              vi-12138   [003] d..1.  9255.817151: workqueue_queue_work: work struct=000000008e85958b function=flush_to_ldisc workqueue=events_unbound req_cpu=8192 cpu=-1
            sudo-2677    [002] d..1.  9255.817323: workqueue_queue_work: work struct=00000000d4bb5238 function=flush_to_ldisc workqueue=events_unbound req_cpu=8192 cpu=-1
              vi-12138   [003] d..1.  9255.817400: workqueue_queue_work: work struct=000000008e85958b function=flush_to_ldisc workqueue=events_unbound req_cpu=8192 cpu=-1
  gnome-shel:gl0-1794    [000] d.s3.  9255.817475: workqueue_queue_work: work struct=00000000e4a1254c function=psi_avgs_work workqueue=events req_cpu=8192 cpu=0
            sudo-2677    [001] d..1.  9255.817521: workqueue_queue_work: work struct=00000000d4bb5238 function=flush_to_ldisc workqueue=events_unbound req_cpu=8192 cpu=-1
      KMS thread-1775    [002] d..1.  9255.818172: workqueue_queue_work: work struct=00000000a2e71e56 function=radeon_flip_work_func [radeon] workqueue=radeon-crtc req_cpu=8192 cpu=2
          <idle>-0       [001] d.h2.  9255.822014: workqueue_queue_work: work struct=0000000057c4ec1d function=radeon_unpin_work_func [radeon] workqueue=radeon-crtc req_cpu=8192 cpu=1
 TaskCon~ller #3-3276    [002] d.h4.  9255.841547: workqueue_queue_work: work struct=0000000087ec34eb function=console_callback workqueue=events req_cpu=8192 cpu=2
 gnome-terminal--2648    [000] d..1.  9255.847596: workqueue_queue_work: work struct=000000000eec7af9 function=flush_to_ldisc workqueue=events_unbound req_cpu=8192 cpu=-1
            sudo-2677    [002] d..1.  9255.847781: workqueue_queue_work: work struct=00000000526d5dbc function=flush_to_ldisc workqueue=events_unbound req_cpu=8192 cpu=-1
              vi-12138   [002] d..1.  9255.848060: workqueue_queue_work: work struct=000000008e85958b function=flush_to_ldisc workqueue=events_unbound req_cpu=8192 cpu=-1
            sudo-2677    [000] d..1.  9255.848168: workqueue_queue_work: work struct=00000000d4bb5238 function=flush_to_ldisc workqueue=events_unbound req_cpu=8192 cpu=-1
              vi-12138   [002] dN.1.  9255.851237: workqueue_queue_work: work struct=000000008e85958b function=flush_to_ldisc workqueue=events_unbound req_cpu=8192 cpu=-1
      KMS thread-1775    [002] d..1.  9255.851502: workqueue_queue_work: work struct=00000000a2e71e56 function=radeon_flip_work_func [radeon] workqueue=radeon-crtc req_cpu=8192 cpu=2
              vi-12138   [002] d..1.  9255.852046: workqueue_queue_work: work struct=000000008e85958b function=flush_to_ldisc workqueue=events_unbound req_cpu=8192 cpu=-1
            sudo-2677    [002] d..1.  9255.852279: workqueue_queue_work: work struct=00000000d4bb5238 function=flush_to_ldisc workqueue=events_unbound req_cpu=8192 cpu=-1
 Isolated Web Co-3234    [001] d.h1.  9255.855371: workqueue_queue_work: work struct=0000000057c4ec1d function=radeon_unpin_work_func [radeon] workqueue=radeon-crtc req_cpu=8192 cpu=1
 TaskCon~ller #1-3274    [002] D.s2.  9255.858252: workqueue_queue_work: work struct=00000000fa8fa0a3 function=cfg80211_wiphy_work [cfg80211] workqueue=events req_cpu=8192 cpu=2
 gnome-terminal--2648    [002] d..1.  9255.874848: workqueue_queue_work: work struct=000000000eec7af9 function=flush_to_ldisc workqueue=events_unbound req_cpu=8192 cpu=-1
            sudo-2677    [001] d..1.  9255.875064: workqueue_queue_work: work struct=00000000526d5dbc function=flush_to_ldisc workqueue=events_unbound req_cpu=8192 cpu=-1
              vi-12138   [002] d..1.  9255.875263: workqueue_queue_work: work struct=000000008e85958b function=flush_to_ldisc workqueue=events_unbound req_cpu=8192 cpu=-1
            sudo-2677    [001] d..1.  9255.875319: workqueue_queue_work: work struct=00000000d4bb5238 function=flush_to_ldisc workqueue=events_unbound req_cpu=8192 cpu=-1
              vi-12138   [002] d.h3.  9255.875517: workqueue_queue_work: work struct=0000000087ec34eb function=console_callback workqueue=events req_cpu=8192 cpu=2
              vi-12138   [002] d..1.  9255.877252: workqueue_queue_work: work struct=000000008e85958b function=flush_to_ldisc workqueue=events_unbound req_cpu=8192 cpu=-1
            sudo-2677    [001] d..1.  9255.877375: workqueue_queue_work: work struct=00000000d4bb5238 function=flush_to_ldisc workqueue=events_unbound req_cpu=8192 cpu=-1
              vi-12138   [002] d..1.  9255.877383: workqueue_queue_work: work struct=000000008e85958b function=flush_to_ldisc workqueue=events_unbound req_cpu=8192 cpu=-1
            sudo-2677    [000] d..1.  9255.877482: workqueue_queue_work: work struct=00000000d4bb5238 function=flush_to_ldisc workqueue=events_unbound req_cpu=8192 cpu=-1
      KMS thread-1775    [002] d..1.  9255.884820: workqueue_queue_work: work struct=00000000904818ba function=radeon_flip_work_func [radeon] workqueue=radeon-crtc req_cpu=8192 cpu=2
          <idle>-0       [001] d.h2.  9255.888748: workqueue_queue_work: work struct=00000000d03bb19a function=radeon_unpin_work_func [radeon] workqueue=radeon-crtc req_cpu=8192 cpu=1
          <idle>-0       [002] d.h3.  9255.888762: workqueue_queue_work: work struct=000000009eebf005 function=rtl_lps_change_work_callback [rtlwifi] workqueue=events req_cpu=8192 cpu=2
          <idle>-0       [002] d.h3.  9255.889335: workqueue_queue_work: work struct=000000009eebf005 function=rtl_lps_change_work_callback [rtlwifi] workqueue=events req_cpu=8192 cpu=2
 gnome-terminal--2648    [002] d..1.  9255.896497: workqueue_queue_work: work struct=000000000eec7af9 function=flush_to_ldisc workqueue=events_unbound req_cpu=8192 cpu=-1
            sudo-2677    [000] d..1.  9255.896645: workqueue_queue_work: work struct=00000000526d5dbc function=flush_to_ldisc workqueue=events_unbound req_cpu=8192 cpu=-1
              vi-12138   [002] d..1.  9255.896853: workqueue_queue_work: work struct=000000008e85958b function=flush_to_ldisc workqueue=events_unbound req_cpu=8192 cpu=-1
            sudo-2677    [000] d..1.  9255.896918: workqueue_queue_work: work struct=00000000d4bb5238 function=flush_to_ldisc workqueue=events_unbound req_cpu=8192 cpu=-1
              vi-12138   [002] d..1.  9255.898641: workqueue_queue_work: work struct=000000008e85958b function=flush_to_ldisc workqueue=events_unbound req_cpu=8192 cpu=-1
            sudo-2677    [000] d..1.  9255.898749: workqueue_queue_work: work struct=00000000d4bb5238 function=flush_to_ldisc workqueue=events_unbound req_cpu=8192 cpu=-1
              vi-12138   [002] d..1.  9255.898761: workqueue_queue_work: work struct=000000008e85958b function=flush_to_ldisc workqueue=events_unbound req_cpu=8192 cpu=-1
            sudo-2677    [000] d..1.  9255.898802: workqueue_queue_work: work struct=00000000d4bb5238 function=flush_to_ldisc workqueue=events_unbound req_cpu=8192 cpu=-1
           gdbus-2009    [002] d.h3.  9255.915317: workqueue_queue_work: work struct=0000000087ec34eb function=console_callback workqueue=events req_cpu=8192 cpu=2
      KMS thread-1775    [002] d..1.  9255.917885: workqueue_queue_work: work struct=00000000462b7c74 function=radeon_flip_work_func [radeon] workqueue=radeon-crtc req_cpu=8192 cpu=2
          <idle>-0       [001] d.h2.  9255.922068: workqueue_queue_work: work struct=00000000ddb942a0 function=radeon_unpin_work_func [radeon] workqueue=radeon-crtc req_cpu=8192 cpu=1
 gnome-terminal--2648    [002] d..1.  9255.927777: workqueue_queue_work: work struct=000000000eec7af9 function=flush_to_ldisc workqueue=events_unbound req_cpu=8192 cpu=-1
            sudo-2677    [000] d..1.  9255.927957: workqueue_queue_work: work struct=00000000526d5dbc function=flush_to_ldisc workqueue=events_unbound req_cpu=8192 cpu=-1
              vi-12138   [002] d..1.  9255.928167: workqueue_queue_work: work struct=000000008e85958b function=flush_to_ldisc workqueue=events_unbound req_cpu=8192 cpu=-1
            sudo-2677    [000] d..1.  9255.928229: workqueue_queue_work: work struct=00000000d4bb5238 function=flush_to_ldisc workqueue=events_unbound req_cpu=8192 cpu=-1
              vi-12138   [002] d..1.  9255.930603: workqueue_queue_work: work struct=000000008e85958b function=flush_to_ldisc workqueue=events_unbound req_cpu=8192 cpu=-1
            sudo-2677    [000] d..1.  9255.930741: workqueue_queue_work: work struct=00000000d4bb5238 function=flush_to_ldisc workqueue=events_unbound req_cpu=8192 cpu=-1
              vi-12138   [002] d..1.  9255.930783: workqueue_queue_work: work struct=000000008e85958b function=flush_to_ldisc workqueue=events_unbound req_cpu=8192 cpu=-1
            sudo-2677    [000] d..1.  9255.930870: workqueue_queue_work: work struct=00000000d4bb5238 function=flush_to_ldisc workqueue=events_unbound req_cpu=8192 cpu=-1
          <idle>-0       [002] d.h4.  9255.950339: workqueue_queue_work: work struct=0000000087ec34eb function=console_callback workqueue=events req_cpu=8192 cpu=2
      KMS thread-1775    [002] d..1.  9255.950984: workqueue_queue_work: work struct=000000003c0e3b9b function=radeon_flip_work_func [radeon] workqueue=radeon-crtc req_cpu=8192 cpu=2
          <idle>-0       [001] d.h2.  9255.955447: workqueue_queue_work: work struct=00000000966f1c0a function=radeon_unpin_work_func [radeon] workqueue=radeon-crtc req_cpu=8192 cpu=1
 gnome-terminal--2648    [003] d..1.  9255.958261: workqueue_queue_work: work struct=000000000eec7af9 function=flush_to_ldisc workqueue=events_unbound req_cpu=8192 cpu=-1
            sudo-2677    [000] d..1.  9255.958470: workqueue_queue_work: work struct=00000000526d5dbc function=flush_to_ldisc workqueue=events_unbound req_cpu=8192 cpu=-1
              vi-12138   [002] d..1.  9255.958701: workqueue_queue_work: work struct=000000008e85958b function=flush_to_ldisc workqueue=events_unbound req_cpu=8192 cpu=-1
            sudo-2677    [000] d..1.  9255.958776: workqueue_queue_work: work struct=00000000d4bb5238 function=flush_to_ldisc workqueue=events_unbound req_cpu=8192 cpu=-1
              vi-12138   [002] d.h2.  9255.960627: workqueue_queue_work: work struct=000000009eebf005 function=rtl_lps_change_work_callback [rtlwifi] workqueue=events req_cpu=8192 cpu=2
              vi-12138   [002] DNs2.  9255.960705: workqueue_queue_work: work struct=00000000fa8fa0a3 function=cfg80211_wiphy_work [cfg80211] workqueue=events req_cpu=8192 cpu=2
              vi-12138   [002] dN.1.  9255.960730: workqueue_queue_work: work struct=000000008e85958b function=flush_to_ldisc workqueue=events_unbound req_cpu=8192 cpu=-1
            sudo-2677    [000] d..1.  9255.960912: workqueue_queue_work: work struct=00000000d4bb5238 function=flush_to_ldisc workqueue=events_unbound req_cpu=8192 cpu=-1
              vi-12138   [002] d..1.  9255.961025: workqueue_queue_work: work struct=000000008e85958b function=flush_to_ldisc workqueue=events_unbound req_cpu=8192 cpu=-1
            sudo-2677    [000] d..1.  9255.961114: workqueue_queue_work: work struct=00000000d4bb5238 function=flush_to_ldisc workqueue=events_unbound req_cpu=8192 cpu=-1
          <idle>-0       [002] d.h4.  9255.974203: workqueue_queue_work: work struct=0000000087ec34eb function=console_callback workqueue=events req_cpu=8192 cpu=2
      KMS thread-1775    [002] d..1.  9255.985359: workqueue_queue_work: work struct=00000000c2ca1564 function=radeon_flip_work_func [radeon] workqueue=radeon-crtc req_cpu=8192 cpu=2
          <idle>-0       [001] d.h2.  9255.988794: workqueue_queue_work: work struct=0000000093e98553 function=radeon_unpin_work_func [radeon] workqueue=radeon-crtc req_cpu=8192 cpu=1
          <idle>-0       [000] d.s2.  9256.041594: workqueue_queue_work: work struct=000000007f97638c function=psi_avgs_work workqueue=events req_cpu=8192 cpu=0
          <idle>-0       [002] d.h3.  9256.063062: workqueue_queue_work: work struct=000000009eebf005 function=rtl_lps_change_work_callback [rtlwifi] workqueue=events req_cpu=8192 cpu=2
          <idle>-0       [002] DNs3.  9256.063135: workqueue_queue_work: work struct=00000000fa8fa0a3 function=cfg80211_wiphy_work [cfg80211] workqueue=events req_cpu=8192 cpu=2
          <idle>-0       [002] d.h3.  9256.165480: workqueue_queue_work: work struct=000000009eebf005 function=rtl_lps_change_work_callback [rtlwifi] workqueue=events req_cpu=8192 cpu=2
          <idle>-0       [002] DNs3.  9256.165550: workqueue_queue_work: work struct=00000000fa8fa0a3 function=cfg80211_wiphy_work [cfg80211] workqueue=events req_cpu=8192 cpu=2
          <idle>-0       [000] d.s2.  9256.169590: workqueue_queue_work: work struct=0000000033d21aef function=psi_avgs_work workqueue=events req_cpu=8192 cpu=0
          <idle>-0       [002] d.h3.  9256.267972: workqueue_queue_work: work struct=000000009eebf005 function=rtl_lps_change_work_callback [rtlwifi] workqueue=events req_cpu=8192 cpu=2
          <idle>-0       [002] DNs3.  9256.268048: workqueue_queue_work: work struct=00000000fa8fa0a3 function=cfg80211_wiphy_work [cfg80211] workqueue=events req_cpu=8192 cpu=2
          <idle>-0       [003] d.s2.  9256.329587: workqueue_queue_work: work struct=0000000035af1c45 function=radeon_fence_check_lockup [radeon] workqueue=events_power_efficient req_cpu=8192 cpu=-1
          <idle>-0       [002] d.h3.  9256.370360: workqueue_queue_work: work struct=000000009eebf005 function=rtl_lps_change_work_callback [rtlwifi] workqueue=events req_cpu=8192 cpu=2
          <idle>-0       [002] DNs3.  9256.370447: workqueue_queue_work: work struct=00000000fa8fa0a3 function=cfg80211_wiphy_work [cfg80211] workqueue=events req_cpu=8192 cpu=2
          <idle>-0       [002] d.h3.  9256.472769: workqueue_queue_work: work struct=000000009eebf005 function=rtl_lps_change_work_callback [rtlwifi] workqueue=events req_cpu=8192 cpu=2
          <idle>-0       [002] DNs3.  9256.472855: workqueue_queue_work: work struct=00000000fa8fa0a3 function=cfg80211_wiphy_work [cfg80211] workqueue=events req_cpu=8192 cpu=2
          <idle>-0       [001] d.s2.  9256.553564: workqueue_queue_work: work struct=0000000003fdf169 function=psi_avgs_work workqueue=events req_cpu=8192 cpu=1
          <idle>-0       [000] d.s2.  9256.553564: workqueue_queue_work: work struct=00000000e73789c4 function=vmstat_update workqueue=mm_percpu_wq req_cpu=0 cpu=0
          <idle>-0       [000] dNs2.  9256.553593: workqueue_queue_work: work struct=00000000f2d653ed function=vmstat_shepherd workqueue=events req_cpu=8192 cpu=0
          <idle>-0       [001] dNs2.  9256.553594: workqueue_queue_work: work struct=00000000e6261fad function=vmstat_update workqueue=mm_percpu_wq req_cpu=1 cpu=1
     kworker/0:1-11812   [000] d..1.  9256.553670: workqueue_queue_work: work struct=00000000a502d8a7 function=vmstat_update workqueue=mm_percpu_wq req_cpu=3 cpu=3
          <idle>-0       [002] dNs2.  9256.561516: workqueue_queue_work: work struct=00000000a398ad60 function=vmstat_update workqueue=mm_percpu_wq req_cpu=2 cpu=2
          <idle>-0       [002] d.h3.  9256.575179: workqueue_queue_work: work struct=000000009eebf005 function=rtl_lps_change_work_callback [rtlwifi] workqueue=events req_cpu=8192 cpu=2
          <idle>-0       [002] DNs3.  9256.575265: workqueue_queue_work: work struct=00000000fa8fa0a3 function=cfg80211_wiphy_work [cfg80211] workqueue=events req_cpu=8192 cpu=2
     gnome-shell-1740    [000] d.s1.  9256.585465: workqueue_queue_work: work struct=000000006c0345f5 function=psi_avgs_work workqueue=events req_cpu=8192 cpu=0
      KMS thread-1775    [002] d..1.  9256.585869: workqueue_queue_work: work struct=00000000d15ff6ae function=radeon_flip_work_func [radeon] workqueue=radeon-crtc req_cpu=8192 cpu=2
          <idle>-0       [001] d.h2.  9256.589137: workqueue_queue_work: work struct=000000003e5a2151 function=radeon_unpin_work_func [radeon] workqueue=radeon-crtc req_cpu=8192 cpu=1
          <idle>-0       [000] d.s2.  9256.617458: workqueue_queue_work: work struct=000000001ee82721 function=psi_avgs_work workqueue=events req_cpu=8192 cpu=0
          <idle>-0       [003] d.s2.  9256.649562: workqueue_queue_work: work struct=00000000281aaf02 function=rfkill_poll workqueue=events_power_efficient req_cpu=8192 cpu=-1
          <idle>-0       [001] dNs2.  9256.649590: workqueue_queue_work: work struct=00000000bd691133 function=psi_avgs_work workqueue=events req_cpu=8192 cpu=1
          <idle>-0       [002] d.h3.  9256.677589: workqueue_queue_work: work struct=000000009eebf005 function=rtl_lps_change_work_callback [rtlwifi] workqueue=events req_cpu=8192 cpu=2
          <idle>-0       [002] DNs3.  9256.677675: workqueue_queue_work: work struct=00000000fa8fa0a3 function=cfg80211_wiphy_work [cfg80211] workqueue=events req_cpu=8192 cpu=2
          <idle>-0       [003] d.s2.  9256.681559: workqueue_queue_work: work struct=0000000088a0b293 function=psi_avgs_work workqueue=events req_cpu=8192 cpu=3
          <idle>-0       [001] d.s2.  9256.681559: workqueue_queue_work: work struct=0000000084c1c426 function=psi_avgs_work workqueue=events req_cpu=8192 cpu=1
          <idle>-0       [002] d.h3.  9256.779981: workqueue_queue_work: work struct=000000009eebf005 function=rtl_lps_change_work_callback [rtlwifi] workqueue=events req_cpu=8192 cpu=2
          <idle>-0       [002] DNs3.  9256.780068: workqueue_queue_work: work struct=00000000fa8fa0a3 function=cfg80211_wiphy_work [cfg80211] workqueue=events req_cpu=8192 cpu=2
          <idle>-0       [002] d.h3.  9256.882259: workqueue_queue_work: work struct=000000009eebf005 function=rtl_lps_change_work_callback [rtlwifi] workqueue=events req_cpu=8192 cpu=2
          <idle>-0       [002] DNs3.  9256.882327: workqueue_queue_work: work struct=00000000fa8fa0a3 function=cfg80211_wiphy_work [cfg80211] workqueue=events req_cpu=8192 cpu=2
          <idle>-0       [002] d.h3.  9256.887216: workqueue_queue_work: work struct=000000009eebf005 function=rtl_lps_change_work_callback [rtlwifi] workqueue=events req_cpu=8192 cpu=2
  URL Classifier-3163    [002] d.h2.  9256.887574: workqueue_queue_work: work struct=000000009eebf005 function=rtl_lps_change_work_callback [rtlwifi] workqueue=events req_cpu=8192 cpu=2
          <idle>-0       [000] d.s2.  9256.905551: workqueue_queue_work: work struct=00000000dae13f91 function=wb_workfn workqueue=writeback req_cpu=8192 cpu=-1
          <idle>-0       [002] d.h3.  9256.935605: workqueue_queue_work: work struct=000000009eebf005 function=rtl_lps_change_work_callback [rtlwifi] workqueue=events req_cpu=8192 cpu=2
          <idle>-0       [002] d.h3.  9256.936942: workqueue_queue_work: work struct=000000009eebf005 function=rtl_lps_change_work_callback [rtlwifi] workqueue=events req_cpu=8192 cpu=2
          <idle>-0       [002] d.h3.  9256.937313: workqueue_queue_work: work struct=000000009eebf005 function=rtl_lps_change_work_callback [rtlwifi] workqueue=events req_cpu=8192 cpu=2
          <idle>-0       [003] d.s2.  9256.937441: workqueue_queue_work: work struct=000000003f4d9cf4 function=disk_events_workfn workqueue=events_freezable_power_ req_cpu=8192 cpu=-1
          <idle>-0       [000] d.s2.  9256.941478: workqueue_queue_work: work struct=00000000d71a3ff0 function=flush_memcg_stats_dwork workqueue=events_unbound req_cpu=8192 cpu=-1
          <idle>-0       [000] dNs2.  9256.969461: workqueue_queue_work: work struct=00000000d63bde61 function=psi_avgs_work workqueue=events req_cpu=8192 cpu=0
          <idle>-0       [002] d.h3.  9256.984762: workqueue_queue_work: work struct=000000009eebf005 function=rtl_lps_change_work_callback [rtlwifi] workqueue=events req_cpu=8192 cpu=2
          <idle>-0       [002] DNs3.  9256.984848: workqueue_queue_work: work struct=00000000fa8fa0a3 function=cfg80211_wiphy_work [cfg80211] workqueue=events req_cpu=8192 cpu=2
          <idle>-0       [002] d.h3.  9256.986653: workqueue_queue_work: work struct=000000009eebf005 function=rtl_lps_change_work_callback [rtlwifi] workqueue=events req_cpu=8192 cpu=2
          <idle>-0       [002] d.h3.  9256.993089: workqueue_queue_work: work struct=000000009eebf005 function=rtl_lps_change_work_callback [rtlwifi] workqueue=events req_cpu=8192 cpu=2
          <idle>-0       [002] d.h3.  9256.993577: workqueue_queue_work: work struct=000000009eebf005 function=rtl_lps_change_work_callback [rtlwifi] workqueue=events req_cpu=8192 cpu=2
          <idle>-0       [002] d.h3.  9257.001260: workqueue_queue_work: work struct=000000009eebf005 function=rtl_lps_change_work_callback [rtlwifi] workqueue=events req_cpu=8192 cpu=2
          <idle>-0       [001] d.s2.  9257.001434: workqueue_queue_work: work struct=00000000bd691133 function=psi_avgs_work workqueue=events req_cpu=8192 cpu=1
          <idle>-0       [002] d.h3.  9257.001620: workqueue_queue_work: work struct=000000009eebf005 function=rtl_lps_change_work_callback [rtlwifi] workqueue=events req_cpu=8192 cpu=2
          <idle>-0       [002] d.h3.  9257.033918: workqueue_queue_work: work struct=000000009eebf005 function=rtl_lps_change_work_callback [rtlwifi] workqueue=events req_cpu=8192 cpu=2
         firefox-2743    [002] d.h2.  9257.034534: workqueue_queue_work: work struct=000000009eebf005 function=rtl_lps_change_work_callback [rtlwifi] workqueue=events req_cpu=8192 cpu=2
          <idle>-0       [002] d.h3.  9257.046790: workqueue_queue_work: work struct=000000009eebf005 function=rtl_lps_change_work_callback [rtlwifi] workqueue=events req_cpu=8192 cpu=2
          <idle>-0       [002] d.h3.  9257.047185: workqueue_queue_work: work struct=000000009eebf005 function=rtl_lps_change_work_callback [rtlwifi] workqueue=events req_cpu=8192 cpu=2
          <idle>-0       [002] d.h3.  9257.047343: workqueue_queue_work: work struct=000000009eebf005 function=rtl_lps_change_work_callback [rtlwifi] workqueue=events req_cpu=8192 cpu=2
          <idle>-0       [002] d.h3.  9257.047715: workqueue_queue_work: work struct=000000009eebf005 function=rtl_lps_change_work_callback [rtlwifi] workqueue=events req_cpu=8192 cpu=2
          <idle>-0       [000] d.s2.  9257.065545: workqueue_queue_work: work struct=00000000ce38c089 function=psi_avgs_work workqueue=events req_cpu=8192 cpu=0
          <idle>-0       [002] d.h3.  9257.087163: workqueue_queue_work: work struct=000000009eebf005 function=rtl_lps_change_work_callback [rtlwifi] workqueue=events req_cpu=8192 cpu=2
          <idle>-0       [002] DNs3.  9257.087323: workqueue_queue_work: work struct=00000000fa8fa0a3 function=cfg80211_wiphy_work [cfg80211] workqueue=events req_cpu=8192 cpu=2
          <idle>-0       [002] d.h3.  9257.095113: workqueue_queue_work: work struct=000000009eebf005 function=rtl_lps_change_work_callback [rtlwifi] workqueue=events req_cpu=8192 cpu=2
          <idle>-0       [000] d.s2.  9257.097467: workqueue_queue_work: work struct=0000000035af1c45 function=radeon_fence_check_lockup [radeon] workqueue=events_power_efficient req_cpu=8192 cpu=-1
          <idle>-0       [000] d.s2.  9257.097484: workqueue_queue_work: work struct=000000001555026e function=radeon_fence_check_lockup [radeon] workqueue=events_power_efficient req_cpu=8192 cpu=-1
          <idle>-0       [002] d.h3.  9257.109761: workqueue_queue_work: work struct=000000009eebf005 function=rtl_lps_change_work_callback [rtlwifi] workqueue=events req_cpu=8192 cpu=2
          <idle>-0       [002] d.h3.  9257.110058: workqueue_queue_work: work struct=000000009eebf005 function=rtl_lps_change_work_callback [rtlwifi] workqueue=events req_cpu=8192 cpu=2
          <idle>-0       [002] d.h3.  9257.114668: workqueue_queue_work: work struct=000000009eebf005 function=rtl_lps_change_work_callback [rtlwifi] workqueue=events req_cpu=8192 cpu=2
          <idle>-0       [002] d.h3.  9257.115252: workqueue_queue_work: work struct=000000009eebf005 function=rtl_lps_change_work_callback [rtlwifi] workqueue=events req_cpu=8192 cpu=2
          <idle>-0       [002] d.h3.  9257.115995: workqueue_queue_work: work struct=000000009eebf005 function=rtl_lps_change_work_callback [rtlwifi] workqueue=events req_cpu=8192 cpu=2
          <idle>-0       [002] d.h3.  9257.116362: workqueue_queue_work: work struct=000000009eebf005 function=rtl_lps_change_work_callback [rtlwifi] workqueue=events req_cpu=8192 cpu=2
         firefox-2743    [002] d.h2.  9257.116836: workqueue_queue_work: work struct=000000009eebf005 function=rtl_lps_change_work_callback [rtlwifi] workqueue=events req_cpu=8192 cpu=2
         firefox-2743    [002] d.h2.  9257.116975: workqueue_queue_work: work struct=000000009eebf005 function=rtl_lps_change_work_callback [rtlwifi] workqueue=events req_cpu=8192 cpu=2
   IPC I/O Child-3246    [002] d.h2.  9257.117378: workqueue_queue_work: work struct=000000009eebf005 function=rtl_lps_change_work_callback [rtlwifi] workqueue=events req_cpu=8192 cpu=2
          <idle>-0       [002] d.h3.  9257.119133: workqueue_queue_work: work struct=000000009eebf005 function=rtl_lps_change_work_callback [rtlwifi] workqueue=events req_cpu=8192 cpu=2
          <idle>-0       [002] d.h3.  9257.119660: workqueue_queue_work: work struct=000000009eebf005 function=rtl_lps_change_work_callback [rtlwifi] workqueue=events req_cpu=8192 cpu=2
          <idle>-0       [002] d.h3.  9257.119803: workqueue_queue_work: work struct=000000009eebf005 function=rtl_lps_change_work_callback [rtlwifi] workqueue=events req_cpu=8192 cpu=2
          <idle>-0       [002] d.h3.  9257.121690: workqueue_queue_work: work struct=000000009eebf005 function=rtl_lps_change_work_callback [rtlwifi] workqueue=events req_cpu=8192 cpu=2
          <idle>-0       [002] d.h3.  9257.122042: workqueue_queue_work: work struct=000000009eebf005 function=rtl_lps_change_work_callback [rtlwifi] workqueue=events req_cpu=8192 cpu=2
          <idle>-0       [002] d.h3.  9257.122239: workqueue_queue_work: work struct=000000009eebf005 function=rtl_lps_change_work_callback [rtlwifi] workqueue=events req_cpu=8192 cpu=2
          <idle>-0       [002] d.h3.  9257.126875: workqueue_queue_work: work struct=000000009eebf005 function=rtl_lps_change_work_callback [rtlwifi] workqueue=events req_cpu=8192 cpu=2
          <idle>-0       [002] d.h3.  9257.127236: workqueue_queue_work: work struct=000000009eebf005 function=rtl_lps_change_work_callback [rtlwifi] workqueue=events req_cpu=8192 cpu=2
          <idle>-0       [002] d.h4.  9257.154044: workqueue_queue_work: work struct=0000000087ec34eb function=console_callback workqueue=events req_cpu=8192 cpu=2
          <idle>-0       [003] d.s2.  9257.161436: workqueue_queue_work: work struct=000000009bde56f4 function=wb_workfn workqueue=writeback req_cpu=8192 cpu=-1
          <idle>-0       [000] d.s2.  9257.161436: workqueue_queue_work: work struct=00000000737a55da function=psi_avgs_work workqueue=events req_cpu=8192 cpu=0
          <idle>-0       [003] d.s2.  9257.161446: workqueue_queue_work: work struct=0000000026d6a727 function=kfree_rcu_monitor workqueue=events req_cpu=8192 cpu=3
    kworker/u8:0-11698   [003] d..1.  9257.161796: workqueue_queue_work: work struct=00000000adf63d40 function=blk_mq_run_work_fn workqueue=kblockd req_cpu=8192 cpu=3
    kworker/u8:0-11698   [003] d..1.  9257.163061: workqueue_queue_work: work struct=00000000adf63d40 function=blk_mq_run_work_fn workqueue=kblockd req_cpu=8192 cpu=3
          <idle>-0       [002] d.h3.  9257.168161: workqueue_queue_work: work struct=000000009eebf005 function=rtl_lps_change_work_callback [rtlwifi] workqueue=events req_cpu=8192 cpu=2
          <idle>-0       [001] d.s2.  9257.169417: workqueue_queue_work: work struct=00000000fa685adb function=neigh_managed_work workqueue=events_power_efficient req_cpu=8192 cpu=-1
          <idle>-0       [001] d.s2.  9257.169426: workqueue_queue_work: work struct=0000000049f17908 function=neigh_managed_work workqueue=events_power_efficient req_cpu=8192 cpu=-1
      KMS thread-1775    [002] d..1.  9257.169534: workqueue_queue_work: work struct=00000000a35386ad function=radeon_flip_work_func [radeon] workqueue=radeon-crtc req_cpu=8192 cpu=2
          <idle>-0       [001] d.h2.  9257.172656: workqueue_queue_work: work struct=000000009df0bb72 function=radeon_unpin_work_func [radeon] workqueue=radeon-crtc req_cpu=8192 cpu=1
          <idle>-0       [002] d.h3.  9257.188904: workqueue_queue_work: work struct=000000009eebf005 function=rtl_lps_change_work_callback [rtlwifi] workqueue=events req_cpu=8192 cpu=2
          <idle>-0       [002] d.h3.  9257.189426: workqueue_queue_work: work struct=000000009eebf005 function=rtl_lps_change_work_callback [rtlwifi] workqueue=events req_cpu=8192 cpu=2
          <idle>-0       [002] DNs3.  9257.189477: workqueue_queue_work: work struct=00000000fa8fa0a3 function=cfg80211_wiphy_work [cfg80211] workqueue=events req_cpu=8192 cpu=2
          <idle>-0       [002] d.h3.  9257.189559: workqueue_queue_work: work struct=000000009eebf005 function=rtl_lps_change_work_callback [rtlwifi] workqueue=events req_cpu=8192 cpu=2
          <idle>-0       [002] d.h3.  9257.205689: workqueue_queue_work: work struct=000000009eebf005 function=rtl_lps_change_work_callback [rtlwifi] workqueue=events req_cpu=8192 cpu=2
          <idle>-0       [002] d.h3.  9257.206043: workqueue_queue_work: work struct=000000009eebf005 function=rtl_lps_change_work_callback [rtlwifi] workqueue=events req_cpu=8192 cpu=2
          <idle>-0       [002] d.h3.  9257.211658: workqueue_queue_work: work struct=000000009eebf005 function=rtl_lps_change_work_callback [rtlwifi] workqueue=events req_cpu=8192 cpu=2
          <idle>-0       [002] d.h3.  9257.217692: workqueue_queue_work: work struct=000000009eebf005 function=rtl_lps_change_work_callback [rtlwifi] workqueue=events req_cpu=8192 cpu=2
     gnome-shell-1740    [000] d.s1.  9257.225429: workqueue_queue_work: work struct=000000002622c828 function=psi_avgs_work workqueue=events req_cpu=8192 cpu=0
          <idle>-0       [002] d.h3.  9257.229592: workqueue_queue_work: work struct=000000009eebf005 function=rtl_lps_change_work_callback [rtlwifi] workqueue=events req_cpu=8192 cpu=2
          <idle>-0       [002] d.h3.  9257.246715: workqueue_queue_work: work struct=000000009eebf005 function=rtl_lps_change_work_callback [rtlwifi] workqueue=events req_cpu=8192 cpu=2
          <idle>-0       [002] d.h3.  9257.249888: workqueue_queue_work: work struct=000000009eebf005 function=rtl_lps_change_work_callback [rtlwifi] workqueue=events req_cpu=8192 cpu=2
          <idle>-0       [003] d.s2.  9257.257533: workqueue_queue_work: work struct=00000000c329e28f function=rtl_watchdog_wq_callback [rtlwifi] workqueue=rtl8723be_pci req_cpu=8192 cpu=3
          <idle>-0       [002] D.s3.  9257.291963: workqueue_queue_work: work struct=00000000fa8fa0a3 function=cfg80211_wiphy_work [cfg80211] workqueue=events req_cpu=8192 cpu=2
          <idle>-0       [003] d.s2.  9257.365533: workqueue_queue_work: work struct=0000000007ac3856 function=wb_update_bandwidth_workfn workqueue=writeback req_cpu=8192 cpu=-1
          <idle>-0       [002] d.h3.  9257.381575: workqueue_queue_work: work struct=000000009eebf005 function=rtl_lps_change_work_callback [rtlwifi] workqueue=events req_cpu=8192 cpu=2
          <idle>-0       [002] d.h4.  9257.390399: workqueue_queue_work: work struct=0000000087ec34eb function=console_callback workqueue=events req_cpu=8192 cpu=2
          <idle>-0       [002] d.h3.  9257.394255: workqueue_queue_work: work struct=000000009eebf005 function=rtl_lps_change_work_callback [rtlwifi] workqueue=events req_cpu=8192 cpu=2
          <idle>-0       [002] DNs3.  9257.394324: workqueue_queue_work: work struct=00000000fa8fa0a3 function=cfg80211_wiphy_work [cfg80211] workqueue=events req_cpu=8192 cpu=2
 gnome-terminal--2648    [002] d..1.  9257.395325: workqueue_queue_work: work struct=000000000eec7af9 function=flush_to_ldisc workqueue=events_unbound req_cpu=8192 cpu=-1
            sudo-2677    [000] d..1.  9257.395533: workqueue_queue_work: work struct=00000000526d5dbc function=flush_to_ldisc workqueue=events_unbound req_cpu=8192 cpu=-1
              vi-12138   [002] d..1.  9257.395770: workqueue_queue_work: work struct=000000008e85958b function=flush_to_ldisc workqueue=events_unbound req_cpu=8192 cpu=-1
              vi-12138   [002] d..1.  9257.395843: workqueue_queue_work: work struct=000000008e85958b function=flush_to_ldisc workqueue=events_unbound req_cpu=8192 cpu=-1
            sudo-2677    [000] d..1.  9257.395938: workqueue_queue_work: work struct=00000000d4bb5238 function=flush_to_ldisc workqueue=events_unbound req_cpu=8192 cpu=-1
      KMS thread-1775    [002] d..1.  9257.402693: workqueue_queue_work: work struct=00000000cd403a79 function=radeon_flip_work_func [radeon] workqueue=radeon-crtc req_cpu=8192 cpu=2
          <idle>-0       [001] d.h2.  9257.406082: workqueue_queue_work: work struct=00000000fc48d29d function=radeon_unpin_work_func [radeon] workqueue=radeon-crtc req_cpu=8192 cpu=1
          <idle>-0       [003] d.s2.  9257.449524: workqueue_queue_work: work struct=0000000043c150c1 function=psi_avgs_work workqueue=events req_cpu=8192 cpu=3
      KMS thread-1775    [002] d..1.  9257.452785: workqueue_queue_work: work struct=00000000656f4132 function=radeon_flip_work_func [radeon] workqueue=radeon-crtc req_cpu=8192 cpu=2
          <idle>-0       [001] d.h2.  9257.456115: workqueue_queue_work: work struct=000000008a61b533 function=radeon_unpin_work_func [radeon] workqueue=radeon-crtc req_cpu=8192 cpu=1
          <idle>-0       [002] d.h4.  9257.482683: workqueue_queue_work: work struct=0000000087ec34eb function=console_callback workqueue=events req_cpu=8192 cpu=2
          <idle>-0       [002] d.h3.  9257.496788: workqueue_queue_work: work struct=000000009eebf005 function=rtl_lps_change_work_callback [rtlwifi] workqueue=events req_cpu=8192 cpu=2
          <idle>-0       [002] DNs3.  9257.496874: workqueue_queue_work: work struct=00000000fa8fa0a3 function=cfg80211_wiphy_work [cfg80211] workqueue=events req_cpu=8192 cpu=2
          <idle>-0       [002] d.h4.  9257.512139: workqueue_queue_work: work struct=0000000087ec34eb function=console_callback workqueue=events req_cpu=8192 cpu=2
          <idle>-0       [003] d.s2.  9257.513412: workqueue_queue_work: work struct=00000000e4055203 function=psi_avgs_work workqueue=events req_cpu=8192 cpu=3
          <idle>-0       [003] dNs2.  9257.513428: workqueue_queue_work: work struct=00000000a502d8a7 function=vmstat_update workqueue=mm_percpu_wq req_cpu=3 cpu=3
          <idle>-0       [000] d.s2.  9257.577523: workqueue_queue_work: work struct=00000000c9d0389d function=psi_avgs_work workqueue=events req_cpu=8192 cpu=0
          <idle>-0       [000] dNs2.  9257.577552: workqueue_queue_work: work struct=00000000b75a7c34 function=psi_avgs_work workqueue=events req_cpu=8192 cpu=0
          <idle>-0       [000] dNs2.  9257.577555: workqueue_queue_work: work struct=00000000f2d653ed function=vmstat_shepherd workqueue=events req_cpu=8192 cpu=0
     kworker/0:1-11812   [000] d..1.  9257.577621: workqueue_queue_work: work struct=00000000e73789c4 function=vmstat_update workqueue=mm_percpu_wq req_cpu=0 cpu=0
     kworker/0:1-11812   [000] d..1.  9257.577624: workqueue_queue_work: work struct=00000000e6261fad function=vmstat_update workqueue=mm_percpu_wq req_cpu=1 cpu=1
     kworker/0:1-11812   [000] d..1.  9257.577636: workqueue_queue_work: work struct=00000000a398ad60 function=vmstat_update workqueue=mm_percpu_wq req_cpu=2 cpu=2
          <idle>-0       [002] d.h3.  9257.599189: workqueue_queue_work: work struct=000000009eebf005 function=rtl_lps_change_work_callback [rtlwifi] workqueue=events req_cpu=8192 cpu=2
          <idle>-0       [002] DNs3.  9257.599274: workqueue_queue_work: work struct=00000000fa8fa0a3 function=cfg80211_wiphy_work [cfg80211] workqueue=events req_cpu=8192 cpu=2
          <idle>-0       [003] d.s2.  9257.609519: workqueue_queue_work: work struct=00000000976a5310 function=psi_avgs_work workqueue=events req_cpu=8192 cpu=3
          <idle>-0       [001] dNs2.  9257.609547: workqueue_queue_work: work struct=000000002248c6cb function=psi_avgs_work workqueue=events req_cpu=8192 cpu=1
          <idle>-0       [001] d.s2.  9257.673513: workqueue_queue_work: work struct=000000001555026e function=radeon_fence_check_lockup [radeon] workqueue=events_power_efficient req_cpu=8192 cpu=-1
          <idle>-0       [000] d.s2.  9257.673531: workqueue_queue_work: work struct=0000000035af1c45 function=radeon_fence_check_lockup [radeon] workqueue=events_power_efficient req_cpu=8192 cpu=-1
          <idle>-0       [002] d.h3.  9257.701562: workqueue_queue_work: work struct=000000009eebf005 function=rtl_lps_change_work_callback [rtlwifi] workqueue=events req_cpu=8192 cpu=2
          <idle>-0       [002] DNs3.  9257.701648: workqueue_queue_work: work struct=00000000fa8fa0a3 function=cfg80211_wiphy_work [cfg80211] workqueue=events req_cpu=8192 cpu=2
          <idle>-0       [002] d.h3.  9257.730272: workqueue_queue_work: work struct=000000009eebf005 function=rtl_lps_change_work_callback [rtlwifi] workqueue=events req_cpu=8192 cpu=2
          <idle>-0       [000] dNs2.  9257.741537: workqueue_queue_work: work struct=000000000aa77256 function=mld_ifc_work workqueue=mld req_cpu=8192 cpu=0
          <idle>-0       [002] d.h3.  9257.741782: workqueue_queue_work: work struct=000000009eebf005 function=rtl_lps_change_work_callback [rtlwifi] workqueue=events req_cpu=8192 cpu=2
          <idle>-0       [002] d.h3.  9257.742138: workqueue_queue_work: work struct=000000009eebf005 function=rtl_lps_change_work_callback [rtlwifi] workqueue=events req_cpu=8192 cpu=2
          <idle>-0       [002] d.s2.  9257.769507: workqueue_queue_work: work struct=00000000c9c3d1d9 function=psi_avgs_work workqueue=events req_cpu=8192 cpu=2
          <idle>-0       [000] d.s2.  9257.769507: workqueue_queue_work: work struct=00000000490fc189 function=psi_avgs_work workqueue=events req_cpu=8192 cpu=0
          <idle>-0       [001] d.s2.  9257.801511: workqueue_queue_work: work struct=000000005921ad65 function=psi_avgs_work workqueue=events req_cpu=8192 cpu=1
          <idle>-0       [002] dNs2.  9257.801533: workqueue_queue_work: work struct=00000000ff412599 function=psi_avgs_work workqueue=events req_cpu=8192 cpu=2
          <idle>-0       [002] d.h3.  9257.803900: workqueue_queue_work: work struct=000000009eebf005 function=rtl_lps_change_work_callback [rtlwifi] workqueue=events req_cpu=8192 cpu=2
          <idle>-0       [002] DNs3.  9257.803987: workqueue_queue_work: work struct=00000000fa8fa0a3 function=cfg80211_wiphy_work [cfg80211] workqueue=events req_cpu=8192 cpu=2
          <idle>-0       [000] d.s2.  9257.833514: workqueue_queue_work: work struct=00000000e4a1254c function=psi_avgs_work workqueue=events req_cpu=8192 cpu=0
          <idle>-0       [002] d.h4.  9257.868739: workqueue_queue_work: work struct=0000000087ec34eb function=console_callback workqueue=events req_cpu=8192 cpu=2
 gnome-terminal--2648    [001] d..1.  9257.873830: workqueue_queue_work: work struct=000000000eec7af9 function=flush_to_ldisc workqueue=events_unbound req_cpu=8192 cpu=-1
            sudo-2677    [000] d..1.  9257.874035: workqueue_queue_work: work struct=00000000526d5dbc function=flush_to_ldisc workqueue=events_unbound req_cpu=8192 cpu=-1
              vi-12138   [000] d..1.  9257.874232: workqueue_queue_work: work struct=000000008e85958b function=flush_to_ldisc workqueue=events_unbound req_cpu=8192 cpu=-1
            sudo-2677    [003] d..1.  9257.874336: workqueue_queue_work: work struct=00000000d4bb5238 function=flush_to_ldisc workqueue=events_unbound req_cpu=8192 cpu=-1
      KMS thread-1775    [002] d..1.  9257.886658: workqueue_queue_work: work struct=000000000ea8b688 function=radeon_flip_work_func [radeon] workqueue=radeon-crtc req_cpu=8192 cpu=2
          <idle>-0       [001] d.H2.  9257.889608: workqueue_queue_work: work struct=00000000d604d7f3 function=radeon_unpin_work_func [radeon] workqueue=radeon-crtc req_cpu=8192 cpu=1
          <idle>-0       [000] d.s2.  9257.897506: workqueue_queue_work: work struct=000000008c357fe6 function=psi_avgs_work workqueue=events req_cpu=8192 cpu=0
          <idle>-0       [002] d.h3.  9257.906355: workqueue_queue_work: work struct=000000009eebf005 function=rtl_lps_change_work_callback [rtlwifi] workqueue=events req_cpu=8192 cpu=2
          <idle>-0       [002] DNs3.  9257.906479: workqueue_queue_work: work struct=00000000fa8fa0a3 function=cfg80211_wiphy_work [cfg80211] workqueue=events req_cpu=8192 cpu=2
      KMS thread-1775    [002] d..1.  9257.919200: workqueue_queue_work: work struct=00000000ea97ec68 function=radeon_flip_work_func [radeon] workqueue=radeon-crtc req_cpu=8192 cpu=2
          <idle>-0       [001] d.h2.  9257.922991: workqueue_queue_work: work struct=00000000bc579d0e function=radeon_unpin_work_func [radeon] workqueue=radeon-crtc req_cpu=8192 cpu=1
          <idle>-0       [002] d.h4.  9257.980362: workqueue_queue_work: work struct=0000000087ec34eb function=console_callback workqueue=events req_cpu=8192 cpu=2
          <idle>-0       [002] d.h3.  9258.008782: workqueue_queue_work: work struct=000000009eebf005 function=rtl_lps_change_work_callback [rtlwifi] workqueue=events req_cpu=8192 cpu=2
          <idle>-0       [002] DNs3.  9258.008867: workqueue_queue_work: work struct=00000000fa8fa0a3 function=cfg80211_wiphy_work [cfg80211] workqueue=events req_cpu=8192 cpu=2
          <idle>-0       [000] d.s2.  9258.025501: workqueue_queue_work: work struct=00000000b75a7c34 function=psi_avgs_work workqueue=events req_cpu=8192 cpu=0
          <idle>-0       [000] dNs2.  9258.025531: workqueue_queue_work: work struct=000000007f97638c function=psi_avgs_work workqueue=events req_cpu=8192 cpu=0
          <idle>-0       [002] d.h4.  9258.048755: workqueue_queue_work: work struct=0000000087ec34eb function=console_callback workqueue=events req_cpu=8192 cpu=2
 gnome-terminal--2648    [001] d..1.  9258.054004: workqueue_queue_work: work struct=000000000eec7af9 function=flush_to_ldisc workqueue=events_unbound req_cpu=8192 cpu=-1
            sudo-2677    [000] d..1.  9258.054215: workqueue_queue_work: work struct=00000000526d5dbc function=flush_to_ldisc workqueue=events_unbound req_cpu=8192 cpu=-1
              vi-12138   [000] d..1.  9258.054345: workqueue_queue_work: work struct=000000008e85958b function=flush_to_ldisc workqueue=events_unbound req_cpu=8192 cpu=-1
            sudo-2677    [001] d..1.  9258.054445: workqueue_queue_work: work struct=00000000d4bb5238 function=flush_to_ldisc workqueue=events_unbound req_cpu=8192 cpu=-1
              vi-12138   [000] d..1.  9258.057228: workqueue_queue_work: work struct=000000008e85958b function=flush_to_ldisc workqueue=events_unbound req_cpu=8192 cpu=-1
          <idle>-0       [003] d.s2.  9258.057367: workqueue_queue_work: work struct=00000000e4055203 function=psi_avgs_work workqueue=events req_cpu=8192 cpu=3
            sudo-2677    [001] d..1.  9258.057445: workqueue_queue_work: work struct=00000000d4bb5238 function=flush_to_ldisc workqueue=events_unbound req_cpu=8192 cpu=-1
              vi-12138   [000] d..1.  9258.057501: workqueue_queue_work: work struct=000000008e85958b function=flush_to_ldisc workqueue=events_unbound req_cpu=8192 cpu=-1
            sudo-2677    [001] d..1.  9258.057592: workqueue_queue_work: work struct=00000000d4bb5238 function=flush_to_ldisc workqueue=events_unbound req_cpu=8192 cpu=-1
      KMS thread-1775    [002] d..1.  9258.102892: workqueue_queue_work: work struct=00000000ea97ec68 function=radeon_flip_work_func [radeon] workqueue=radeon-crtc req_cpu=8192 cpu=2
          <idle>-0       [001] d.h2.  9258.106397: workqueue_queue_work: work struct=00000000bc579d0e function=radeon_unpin_work_func [radeon] workqueue=radeon-crtc req_cpu=8192 cpu=1
          <idle>-0       [002] d.h3.  9258.111180: workqueue_queue_work: work struct=000000009eebf005 function=rtl_lps_change_work_callback [rtlwifi] workqueue=events req_cpu=8192 cpu=2
          <idle>-0       [002] DNs3.  9258.111274: workqueue_queue_work: work struct=00000000fa8fa0a3 function=cfg80211_wiphy_work [cfg80211] workqueue=events req_cpu=8192 cpu=2
          <idle>-0       [000] d.s2.  9258.153495: workqueue_queue_work: work struct=0000000033d21aef function=psi_avgs_work workqueue=events req_cpu=8192 cpu=0
          <idle>-0       [002] d.h4.  9258.175151: workqueue_queue_work: work struct=0000000087ec34eb function=console_callback workqueue=events req_cpu=8192 cpu=2
          <idle>-0       [003] d.s2.  9258.185421: workqueue_queue_work: work struct=00000000bf0b8697 function=output_poll_execute [drm_kms_helper] workqueue=events req_cpu=8192 cpu=3
          <idle>-0       [002] d.h3.  9258.213580: workqueue_queue_work: work struct=000000009eebf005 function=rtl_lps_change_work_callback [rtlwifi] workqueue=events req_cpu=8192 cpu=2
          <idle>-0       [002] DNs3.  9258.213667: workqueue_queue_work: work struct=00000000fa8fa0a3 function=cfg80211_wiphy_work [cfg80211] workqueue=events req_cpu=8192 cpu=2
          <idle>-0       [002] d.h3.  9258.315955: workqueue_queue_work: work struct=000000009eebf005 function=rtl_lps_change_work_callback [rtlwifi] workqueue=events req_cpu=8192 cpu=2
          <idle>-0       [002] DNs3.  9258.316041: workqueue_queue_work: work struct=00000000fa8fa0a3 function=cfg80211_wiphy_work [cfg80211] workqueue=events req_cpu=8192 cpu=2
          <idle>-0       [000] d.s2.  9258.409494: workqueue_queue_work: work struct=0000000035af1c45 function=radeon_fence_check_lockup [radeon] workqueue=events_power_efficient req_cpu=8192 cpu=-1
          <idle>-0       [002] d.h3.  9258.418389: workqueue_queue_work: work struct=000000009eebf005 function=rtl_lps_change_work_callback [rtlwifi] workqueue=events req_cpu=8192 cpu=2
          <idle>-0       [002] DNs3.  9258.418476: workqueue_queue_work: work struct=00000000fa8fa0a3 function=cfg80211_wiphy_work [cfg80211] workqueue=events req_cpu=8192 cpu=2
          <idle>-0       [002] d.h3.  9258.520754: workqueue_queue_work: work struct=000000009eebf005 function=rtl_lps_change_work_callback [rtlwifi] workqueue=events req_cpu=8192 cpu=2
          <idle>-0       [002] DNs3.  9258.520841: workqueue_queue_work: work struct=00000000fa8fa0a3 function=cfg80211_wiphy_work [cfg80211] workqueue=events req_cpu=8192 cpu=2
     gnome-shell-1740    [002] d.s1.  9258.541362: workqueue_queue_work: work struct=00000000a398ad60 function=vmstat_update workqueue=mm_percpu_wq req_cpu=2 cpu=2
          <idle>-0       [000] d.s2.  9258.569472: workqueue_queue_work: work struct=00000000f2efc913 function=psi_avgs_work workqueue=events req_cpu=8192 cpu=0
          <idle>-0       [002] d.s2.  9258.569472: workqueue_queue_work: work struct=000000006f38f747 function=psi_avgs_work workqueue=events req_cpu=8192 cpu=2
          <idle>-0       [000] dNs2.  9258.569502: workqueue_queue_work: work struct=00000000e73789c4 function=vmstat_update workqueue=mm_percpu_wq req_cpu=0 cpu=0
          <idle>-0       [000] dNs2.  9258.569503: workqueue_queue_work: work struct=00000000f2d653ed function=vmstat_shepherd workqueue=events req_cpu=8192 cpu=0
          <idle>-0       [000] d.s2.  9258.601473: workqueue_queue_work: work struct=000000006c0345f5 function=psi_avgs_work workqueue=events req_cpu=8192 cpu=0
          <idle>-0       [002] d.h3.  9258.623183: workqueue_queue_work: work struct=000000009eebf005 function=rtl_lps_change_work_callback [rtlwifi] workqueue=events req_cpu=8192 cpu=2
          <idle>-0       [002] DNs3.  9258.623269: workqueue_queue_work: work struct=00000000fa8fa0a3 function=cfg80211_wiphy_work [cfg80211] workqueue=events req_cpu=8192 cpu=2
          <idle>-0       [003] d.s2.  9258.633467: workqueue_queue_work: work struct=00000000ea4ea4fa function=psi_avgs_work workqueue=events req_cpu=8192 cpu=3
          <idle>-0       [000] d.s2.  9258.633468: workqueue_queue_work: work struct=000000001ee82721 function=psi_avgs_work workqueue=events req_cpu=8192 cpu=0
          <idle>-0       [001] d.s2.  9258.633468: workqueue_queue_work: work struct=00000000c5187aad function=psi_avgs_work workqueue=events req_cpu=8192 cpu=1
