     kworker/0:1-11812   [000] d..1.  9264.585159: workqueue_queue_work: work struct=00000000e73789c4 function=vmstat_update workqueue=mm_percpu_wq req_cpu=0 cpu=0
     kworker/0:1-11812   [000] d..1.  9264.585162: workqueue_queue_work: work struct=00000000e6261fad function=vmstat_update workqueue=mm_percpu_wq req_cpu=1 cpu=1
     kworker/0:1-11812   [000] d..1.  9264.585168: workqueue_queue_work: work struct=00000000a502d8a7 function=vmstat_update workqueue=mm_percpu_wq req_cpu=3 cpu=3
          <idle>-0       [003] d.s2.  9264.617080: workqueue_queue_work: work struct=00000000ea4ea4fa function=psi_avgs_work workqueue=events req_cpu=8192 cpu=3
          <idle>-0       [002] d.s2.  9264.621171: workqueue_queue_work: work struct=00000000c5187aad function=psi_avgs_work workqueue=events req_cpu=8192 cpu=2
          <idle>-0       [000] d.s2.  9264.621171: workqueue_queue_work: work struct=000000001ee82721 function=psi_avgs_work workqueue=events req_cpu=8192 cpu=0
          <idle>-0       [002] D.s3.  9264.664715: workqueue_queue_work: work struct=00000000fa8fa0a3 function=cfg80211_wiphy_work [cfg80211] workqueue=events req_cpu=8192 cpu=2
      KMS thread-1775    [002] d..1.  9264.690283: workqueue_queue_work: work struct=00000000349b0909 function=radeon_flip_work_func [radeon] workqueue=radeon-crtc req_cpu=8192 cpu=2
          <idle>-0       [001] d.h2.  9264.692745: workqueue_queue_work: work struct=00000000d7890aee function=radeon_unpin_work_func [radeon] workqueue=radeon-crtc req_cpu=8192 cpu=1
          <idle>-0       [003] d.s2.  9264.713173: workqueue_queue_work: work struct=0000000088a0b293 function=psi_avgs_work workqueue=events req_cpu=8192 cpu=3
          <idle>-0       [002] D.s3.  9264.767109: workqueue_queue_work: work struct=00000000fa8fa0a3 function=cfg80211_wiphy_work [cfg80211] workqueue=events req_cpu=8192 cpu=2
          <idle>-0       [002] d.s2.  9264.841174: workqueue_queue_work: work struct=0000000049eabb6e function=wb_workfn workqueue=writeback req_cpu=8192 cpu=-1
          <idle>-0       [002] D.s3.  9264.869517: workqueue_queue_work: work struct=00000000fa8fa0a3 function=cfg80211_wiphy_work [cfg80211] workqueue=events req_cpu=8192 cpu=2
          <idle>-0       [001] d.s2.  9264.873170: workqueue_queue_work: work struct=0000000084c1c426 function=psi_avgs_work workqueue=events req_cpu=8192 cpu=1
          <idle>-0       [002] d.s2.  9264.937168: workqueue_queue_work: work struct=00000000e4055203 function=psi_avgs_work workqueue=events req_cpu=8192 cpu=2
          <idle>-0       [000] d.s2.  9264.969158: workqueue_queue_work: work struct=00000000d63bde61 function=psi_avgs_work workqueue=events req_cpu=8192 cpu=0
          <idle>-0       [002] D.s3.  9264.971922: workqueue_queue_work: work struct=00000000fa8fa0a3 function=cfg80211_wiphy_work [cfg80211] workqueue=events req_cpu=8192 cpu=2
          <idle>-0       [003] d.s2.  9265.001161: workqueue_queue_work: work struct=000000003f4d9cf4 function=disk_events_workfn workqueue=events_freezable_power_ req_cpu=8192 cpu=-1
          <idle>-0       [002] D.s3.  9265.074370: workqueue_queue_work: work struct=00000000fa8fa0a3 function=cfg80211_wiphy_work [cfg80211] workqueue=events req_cpu=8192 cpu=2
     gnome-shell-1740    [003] d.s1.  9265.109038: workqueue_queue_work: work struct=00000000d71a3ff0 function=flush_memcg_stats_dwork workqueue=events_unbound req_cpu=8192 cpu=-1
          <idle>-0       [002] D.s3.  9265.176816: workqueue_queue_work: work struct=00000000fa8fa0a3 function=cfg80211_wiphy_work [cfg80211] workqueue=events req_cpu=8192 cpu=2
          <idle>-0       [000] d.s2.  9265.193149: workqueue_queue_work: work struct=0000000035af1c45 function=radeon_fence_check_lockup [radeon] workqueue=events_power_efficient req_cpu=8192 cpu=-1
          <idle>-0       [001] d.s2.  9265.193168: workqueue_queue_work: work struct=000000001555026e function=radeon_fence_check_lockup [radeon] workqueue=events_power_efficient req_cpu=8192 cpu=-1
          <idle>-0       [000] d.s2.  9265.193168: workqueue_queue_work: work struct=00000000737a55da function=psi_avgs_work workqueue=events req_cpu=8192 cpu=0
          <idle>-0       [000] d.s2.  9265.225148: workqueue_queue_work: work struct=000000002622c828 function=psi_avgs_work workqueue=events req_cpu=8192 cpu=0
          <idle>-0       [002] D.s3.  9265.279228: workqueue_queue_work: work struct=00000000fa8fa0a3 function=cfg80211_wiphy_work [cfg80211] workqueue=events req_cpu=8192 cpu=2
      KMS thread-1775    [002] d..1.  9265.290424: workqueue_queue_work: work struct=0000000014fd078c function=radeon_flip_work_func [radeon] workqueue=radeon-crtc req_cpu=8192 cpu=2
          <idle>-0       [001] d.h2.  9265.293012: workqueue_queue_work: work struct=000000005a677de9 function=radeon_unpin_work_func [radeon] workqueue=radeon-crtc req_cpu=8192 cpu=1
          <idle>-0       [003] d.s2.  9265.321146: workqueue_queue_work: work struct=00000000c329e28f function=rtl_watchdog_wq_callback [rtlwifi] workqueue=rtl8723be_pci req_cpu=8192 cpu=3
          <idle>-0       [002] D.s3.  9265.381599: workqueue_queue_work: work struct=00000000fa8fa0a3 function=cfg80211_wiphy_work [cfg80211] workqueue=events req_cpu=8192 cpu=2
          <idle>-0       [002] d.s2.  9265.453085: workqueue_queue_work: work struct=00000000ff58760b function=delayed_vfree_work workqueue=events req_cpu=8192 cpu=2
          <idle>-0       [000] d.s3.  9265.459566: workqueue_queue_work: work struct=0000000044eefb14 function=ext4_end_io_rsv_work workqueue=ext4-rsv-conversion req_cpu=8192 cpu=-1
          <idle>-0       [000] d.s3.  9265.459696: workqueue_queue_work: work struct=0000000082932fe7 function=ext4_end_io_rsv_work workqueue=ext4-rsv-conversion req_cpu=8192 cpu=-1
     jbd2/sda6-8-176     [000] d..2.  9265.460259: workqueue_queue_work: work struct=000000007925209a function=blk_mq_requeue_work workqueue=kblockd req_cpu=8192 cpu=0
          <idle>-0       [002] D.s3.  9265.484035: workqueue_queue_work: work struct=00000000fa8fa0a3 function=cfg80211_wiphy_work [cfg80211] workqueue=events req_cpu=8192 cpu=2
          <idle>-0       [003] d.s2.  9265.513131: workqueue_queue_work: work struct=00000000ea4ea4fa function=psi_avgs_work workqueue=events req_cpu=8192 cpu=3
          <idle>-0       [003] dNs2.  9265.513155: workqueue_queue_work: work struct=00000000a502d8a7 function=vmstat_update workqueue=mm_percpu_wq req_cpu=3 cpu=3
          <idle>-0       [001] d.s2.  9265.561148: workqueue_queue_work: work struct=00000000e6261fad function=vmstat_update workqueue=mm_percpu_wq req_cpu=1 cpu=1
          <idle>-0       [000] d.s3.  9265.568717: workqueue_queue_work: work struct=000000007925209a function=blk_mq_requeue_work workqueue=kblockd req_cpu=8192 cpu=0
          <idle>-0       [000] d.s3.  9265.568903: workqueue_queue_work: work struct=000000007925209a function=blk_mq_requeue_work workqueue=kblockd req_cpu=8192 cpu=0
          <idle>-0       [000] d.s2.  9265.568998: workqueue_queue_work: work struct=00000000e73789c4 function=vmstat_update workqueue=mm_percpu_wq req_cpu=0 cpu=0
          <idle>-0       [000] dNs2.  9265.569007: workqueue_queue_work: work struct=00000000f2d653ed function=vmstat_shepherd workqueue=events req_cpu=8192 cpu=0
     kworker/0:1-11812   [000] d..1.  9265.569047: workqueue_queue_work: work struct=00000000a398ad60 function=vmstat_update workqueue=mm_percpu_wq req_cpu=2 cpu=2
          <idle>-0       [000] d.s2.  9265.577129: workqueue_queue_work: work struct=00000000c9d0389d function=psi_avgs_work workqueue=events req_cpu=8192 cpu=0
          <idle>-0       [000] dNs2.  9265.577158: workqueue_queue_work: work struct=00000000b75a7c34 function=psi_avgs_work workqueue=events req_cpu=8192 cpu=0
          <idle>-0       [002] D.s3.  9265.586436: workqueue_queue_work: work struct=00000000fa8fa0a3 function=cfg80211_wiphy_work [cfg80211] workqueue=events req_cpu=8192 cpu=2
     jbd2/sda6-8-176     [000] d..2.  9265.594164: workqueue_queue_work: work struct=000000007925209a function=blk_mq_requeue_work workqueue=kblockd req_cpu=8192 cpu=0
          <idle>-0       [003] d.s2.  9265.609124: workqueue_queue_work: work struct=00000000976a5310 function=psi_avgs_work workqueue=events req_cpu=8192 cpu=3
          <idle>-0       [002] dNs2.  9265.609154: workqueue_queue_work: work struct=000000008dafb885 function=wb_workfn workqueue=writeback req_cpu=8192 cpu=-1
          <idle>-0       [002] dNs2.  9265.609168: workqueue_queue_work: work struct=000000002248c6cb function=psi_avgs_work workqueue=events req_cpu=8192 cpu=2
          <idle>-0       [000] d.s3.  9265.617825: workqueue_queue_work: work struct=000000007925209a function=blk_mq_requeue_work workqueue=kblockd req_cpu=8192 cpu=0
          <idle>-0       [000] d.s3.  9265.618007: workqueue_queue_work: work struct=000000007925209a function=blk_mq_requeue_work workqueue=kblockd req_cpu=8192 cpu=0
          <idle>-0       [000] d.s2.  9265.640996: workqueue_queue_work: work struct=0000000003fdf169 function=psi_avgs_work workqueue=events req_cpu=8192 cpu=0
     jbd2/sda6-8-176     [000] d..2.  9265.643306: workqueue_queue_work: work struct=000000007925209a function=blk_mq_requeue_work workqueue=kblockd req_cpu=8192 cpu=0
          <idle>-0       [000] d.s2.  9265.661127: workqueue_queue_work: work struct=0000000007ac3856 function=wb_update_bandwidth_workfn workqueue=writeback req_cpu=8192 cpu=-1
          <idle>-0       [000] d.s3.  9265.667214: workqueue_queue_work: work struct=000000007925209a function=blk_mq_requeue_work workqueue=kblockd req_cpu=8192 cpu=0
          <idle>-0       [000] d.s3.  9265.667572: workqueue_queue_work: work struct=000000007925209a function=blk_mq_requeue_work workqueue=kblockd req_cpu=8192 cpu=0
          <idle>-0       [002] D.s3.  9265.688835: workqueue_queue_work: work struct=00000000fa8fa0a3 function=cfg80211_wiphy_work [cfg80211] workqueue=events req_cpu=8192 cpu=2
          <idle>-0       [000] d.s2.  9265.769116: workqueue_queue_work: work struct=00000000490fc189 function=psi_avgs_work workqueue=events req_cpu=8192 cpu=0
          <idle>-0       [002] D.s3.  9265.791227: workqueue_queue_work: work struct=00000000fa8fa0a3 function=cfg80211_wiphy_work [cfg80211] workqueue=events req_cpu=8192 cpu=2
          <idle>-0       [001] d.s2.  9265.801119: workqueue_queue_work: work struct=000000005921ad65 function=psi_avgs_work workqueue=events req_cpu=8192 cpu=1
          <idle>-0       [000] d.s2.  9265.801119: workqueue_queue_work: work struct=0000000035af1c45 function=radeon_fence_check_lockup [radeon] workqueue=events_power_efficient req_cpu=8192 cpu=-1
          <idle>-0       [002] d.s2.  9265.801119: workqueue_queue_work: work struct=00000000ff412599 function=psi_avgs_work workqueue=events req_cpu=8192 cpu=2
          <idle>-0       [002] dNs2.  9265.801146: workqueue_queue_work: work struct=00000000c9c3d1d9 function=psi_avgs_work workqueue=events req_cpu=8192 cpu=2
          <idle>-0       [001] dNs2.  9265.801146: workqueue_queue_work: work struct=000000008c357fe6 function=psi_avgs_work workqueue=events req_cpu=8192 cpu=1
          <idle>-0       [000] d.s2.  9265.833117: workqueue_queue_work: work struct=00000000e4a1254c function=psi_avgs_work workqueue=events req_cpu=8192 cpu=0
      KMS thread-1775    [002] d..1.  9265.890930: workqueue_queue_work: work struct=000000008c48612f function=radeon_flip_work_func [radeon] workqueue=radeon-crtc req_cpu=8192 cpu=2
          <idle>-0       [001] d.h2.  9265.893197: workqueue_queue_work: work struct=00000000dff2f762 function=radeon_unpin_work_func [radeon] workqueue=radeon-crtc req_cpu=8192 cpu=1
          <idle>-0       [002] D.s3.  9265.893507: workqueue_queue_work: work struct=00000000fa8fa0a3 function=cfg80211_wiphy_work [cfg80211] workqueue=events req_cpu=8192 cpu=2
          <idle>-0       [002] D.s3.  9265.996003: workqueue_queue_work: work struct=00000000fa8fa0a3 function=cfg80211_wiphy_work [cfg80211] workqueue=events req_cpu=8192 cpu=2
          <idle>-0       [000] d.s2.  9266.057106: workqueue_queue_work: work struct=000000007f97638c function=psi_avgs_work workqueue=events req_cpu=8192 cpu=0
          <idle>-0       [002] d.s2.  9266.089106: workqueue_queue_work: work struct=00000000e4055203 function=psi_avgs_work workqueue=events req_cpu=8192 cpu=2
          <idle>-0       [002] D.s3.  9266.098419: workqueue_queue_work: work struct=00000000fa8fa0a3 function=cfg80211_wiphy_work [cfg80211] workqueue=events req_cpu=8192 cpu=2
          <idle>-0       [002] D.s3.  9266.200822: workqueue_queue_work: work struct=00000000fa8fa0a3 function=cfg80211_wiphy_work [cfg80211] workqueue=events req_cpu=8192 cpu=2
          <idle>-0       [002] D.s3.  9266.303239: workqueue_queue_work: work struct=00000000fa8fa0a3 function=cfg80211_wiphy_work [cfg80211] workqueue=events req_cpu=8192 cpu=2
          <idle>-0       [002] D.s3.  9266.405610: workqueue_queue_work: work struct=00000000fa8fa0a3 function=cfg80211_wiphy_work [cfg80211] workqueue=events req_cpu=8192 cpu=2
          <idle>-0       [000] d.s2.  9266.409085: workqueue_queue_work: work struct=0000000035af1c45 function=radeon_fence_check_lockup [radeon] workqueue=events_power_efficient req_cpu=8192 cpu=-1
      KMS thread-1775    [002] d..1.  9266.490665: workqueue_queue_work: work struct=0000000052074096 function=radeon_flip_work_func [radeon] workqueue=radeon-crtc req_cpu=8192 cpu=2
          <idle>-0       [001] d.h2.  9266.493437: workqueue_queue_work: work struct=00000000d824af2b function=radeon_unpin_work_func [radeon] workqueue=radeon-crtc req_cpu=8192 cpu=1
          <idle>-0       [002] D.s3.  9266.507960: workqueue_queue_work: work struct=00000000fa8fa0a3 function=cfg80211_wiphy_work [cfg80211] workqueue=events req_cpu=8192 cpu=2
          <idle>-0       [003] d.s2.  9266.569084: workqueue_queue_work: work struct=000000006f38f747 function=psi_avgs_work workqueue=events req_cpu=8192 cpu=3
          <idle>-0       [001] d.s2.  9266.569084: workqueue_queue_work: work struct=00000000f2efc913 function=psi_avgs_work workqueue=events req_cpu=8192 cpu=1
     gnome-shell-1740    [000] d.s2.  9266.580968: workqueue_queue_work: work struct=00000000f2d653ed function=vmstat_shepherd workqueue=events req_cpu=8192 cpu=0
     kworker/0:1-11812   [000] d..1.  9266.581028: workqueue_queue_work: work struct=00000000e73789c4 function=vmstat_update workqueue=mm_percpu_wq req_cpu=0 cpu=0
     kworker/0:1-11812   [000] d..1.  9266.581032: workqueue_queue_work: work struct=00000000e6261fad function=vmstat_update workqueue=mm_percpu_wq req_cpu=1 cpu=1
          <idle>-0       [002] D.s3.  9266.610311: workqueue_queue_work: work struct=00000000fa8fa0a3 function=cfg80211_wiphy_work [cfg80211] workqueue=events req_cpu=8192 cpu=2
          <idle>-0       [002] d.s2.  9266.613082: workqueue_queue_work: work struct=00000000a398ad60 function=vmstat_update workqueue=mm_percpu_wq req_cpu=2 cpu=2
     gnome-shell-1740    [000] d.s1.  9266.632966: workqueue_queue_work: work struct=000000001ee82721 function=psi_avgs_work workqueue=events req_cpu=8192 cpu=0
          <idle>-0       [002] d.s2.  9266.632966: workqueue_queue_work: work struct=00000000bd691133 function=psi_avgs_work workqueue=events req_cpu=8192 cpu=2
          <idle>-0       [001] d.s2.  9266.632973: workqueue_queue_work: work struct=00000000281aaf02 function=rfkill_poll workqueue=events_power_efficient req_cpu=8192 cpu=-1
          <idle>-0       [002] D.s3.  9266.712833: workqueue_queue_work: work struct=00000000fa8fa0a3 function=cfg80211_wiphy_work [cfg80211] workqueue=events req_cpu=8192 cpu=2
          <idle>-0       [001] d.s2.  9266.729079: workqueue_queue_work: work struct=0000000084c1c426 function=psi_avgs_work workqueue=events req_cpu=8192 cpu=1
          <idle>-0       [003] d.s2.  9266.729079: workqueue_queue_work: work struct=0000000088a0b293 function=psi_avgs_work workqueue=events req_cpu=8192 cpu=3
          <idle>-0       [000] d.s2.  9266.761066: workqueue_queue_work: work struct=0000000033d21aef function=psi_avgs_work workqueue=events req_cpu=8192 cpu=0
          <idle>-0       [002] D.s3.  9266.815223: workqueue_queue_work: work struct=00000000fa8fa0a3 function=cfg80211_wiphy_work [cfg80211] workqueue=events req_cpu=8192 cpu=2
         firefox-2743    [002] D.s2.  9266.917485: workqueue_queue_work: work struct=00000000fa8fa0a3 function=cfg80211_wiphy_work [cfg80211] workqueue=events req_cpu=8192 cpu=2
          <idle>-0       [000] d.s2.  9266.985059: workqueue_queue_work: work struct=00000000d63bde61 function=psi_avgs_work workqueue=events req_cpu=8192 cpu=0
          <idle>-0       [003] d.s2.  9266.997075: workqueue_queue_work: work struct=00000000e8c0c56e function=delayed_vfree_work workqueue=events req_cpu=8192 cpu=3
          <idle>-0       [002] dNs2.  9267.017006: workqueue_queue_work: work struct=000000003f4d9cf4 function=disk_events_workfn workqueue=events_freezable_power_ req_cpu=8192 cpu=-1
          <idle>-0       [002] D.s3.  9267.019921: workqueue_queue_work: work struct=00000000fa8fa0a3 function=cfg80211_wiphy_work [cfg80211] workqueue=events req_cpu=8192 cpu=2
          <idle>-0       [000] d.s2.  9267.020982: workqueue_queue_work: work struct=0000000035af1c45 function=radeon_fence_check_lockup [radeon] workqueue=events_power_efficient req_cpu=8192 cpu=-1
      KMS thread-1775    [002] d..1.  9267.091795: workqueue_queue_work: work struct=0000000050866d76 function=radeon_flip_work_func [radeon] workqueue=radeon-crtc req_cpu=8192 cpu=2
          <idle>-0       [001] d.h2.  9267.093707: workqueue_queue_work: work struct=000000002ad2a720 function=radeon_unpin_work_func [radeon] workqueue=radeon-crtc req_cpu=8192 cpu=1
          <idle>-0       [002] D.s3.  9267.122431: workqueue_queue_work: work struct=00000000fa8fa0a3 function=cfg80211_wiphy_work [cfg80211] workqueue=events req_cpu=8192 cpu=2
          <idle>-0       [002] d.s2.  9267.125057: workqueue_queue_work: work struct=00000000d71a3ff0 function=flush_memcg_stats_dwork workqueue=events_unbound req_cpu=8192 cpu=-1
          <idle>-0       [003] d.s2.  9267.145069: workqueue_queue_work: work struct=00000000dae13f91 function=wb_workfn workqueue=writeback req_cpu=8192 cpu=-1
    kworker/u8:0-11698   [001] d..1.  9267.145378: workqueue_queue_work: work struct=00000000adf63d40 function=blk_mq_run_work_fn workqueue=kblockd req_cpu=8192 cpu=1
    kworker/u8:0-11698   [001] d..1.  9267.146153: workqueue_queue_work: work struct=00000000adf63d40 function=blk_mq_run_work_fn workqueue=kblockd req_cpu=8192 cpu=1
          <idle>-0       [000] d.s2.  9267.177052: workqueue_queue_work: work struct=00000000737a55da function=psi_avgs_work workqueue=events req_cpu=8192 cpu=0
          <idle>-0       [002] D.s3.  9267.224831: workqueue_queue_work: work struct=00000000fa8fa0a3 function=cfg80211_wiphy_work [cfg80211] workqueue=events req_cpu=8192 cpu=2
          <idle>-0       [000] d.s2.  9267.241048: workqueue_queue_work: work struct=000000002622c828 function=psi_avgs_work workqueue=events req_cpu=8192 cpu=0
          <idle>-0       [002] D.s3.  9267.327228: workqueue_queue_work: work struct=00000000fa8fa0a3 function=cfg80211_wiphy_work [cfg80211] workqueue=events req_cpu=8192 cpu=2
          <idle>-0       [003] d.s2.  9267.336969: workqueue_queue_work: work struct=00000000c329e28f function=rtl_watchdog_wq_callback [rtlwifi] workqueue=rtl8723be_pci req_cpu=8192 cpu=3
          <idle>-0       [000] d.s2.  9267.341040: workqueue_queue_work: work struct=000000000aa77256 function=mld_ifc_work workqueue=mld req_cpu=8192 cpu=0
          <idle>-0       [000] d.s2.  9267.349047: workqueue_queue_work: work struct=0000000048db6cae function=wb_update_bandwidth_workfn workqueue=writeback req_cpu=8192 cpu=-1
          <idle>-0       [003] d.s2.  9267.400937: workqueue_queue_work: work struct=000000009bde56f4 function=wb_workfn workqueue=writeback req_cpu=8192 cpu=-1
          <idle>-0       [000] d.s3.  9267.403288: workqueue_queue_work: work struct=000000003b38d7be function=ext4_end_io_rsv_work workqueue=ext4-rsv-conversion req_cpu=8192 cpu=-1
          <idle>-0       [000] d.s3.  9267.403311: workqueue_queue_work: work struct=00000000dd6499d0 function=ext4_end_io_rsv_work workqueue=ext4-rsv-conversion req_cpu=8192 cpu=-1
          <idle>-0       [002] D.s3.  9267.429639: workqueue_queue_work: work struct=00000000fa8fa0a3 function=cfg80211_wiphy_work [cfg80211] workqueue=events req_cpu=8192 cpu=2
          <idle>-0       [001] d.s2.  9267.457055: workqueue_queue_work: work struct=00000000fa685adb function=neigh_managed_work workqueue=events_power_efficient req_cpu=8192 cpu=-1
          <idle>-0       [001] dNs2.  9267.457086: workqueue_queue_work: work struct=0000000049f17908 function=neigh_managed_work workqueue=events_power_efficient req_cpu=8192 cpu=-1
          <idle>-0       [002] D.s3.  9267.532014: workqueue_queue_work: work struct=00000000fa8fa0a3 function=cfg80211_wiphy_work [cfg80211] workqueue=events req_cpu=8192 cpu=2
          <idle>-0       [001] d.s2.  9267.561051: workqueue_queue_work: work struct=00000000e6261fad function=vmstat_update workqueue=mm_percpu_wq req_cpu=1 cpu=1
          <idle>-0       [000] d.s2.  9267.593032: workqueue_queue_work: work struct=0000000035af1c45 function=radeon_fence_check_lockup [radeon] workqueue=events_power_efficient req_cpu=8192 cpu=-1
          <idle>-0       [000] d.s2.  9267.593051: workqueue_queue_work: work struct=000000001555026e function=radeon_fence_check_lockup [radeon] workqueue=events_power_efficient req_cpu=8192 cpu=-1
          <idle>-0       [000] d.s2.  9267.593055: workqueue_queue_work: work struct=00000000e73789c4 function=vmstat_update workqueue=mm_percpu_wq req_cpu=0 cpu=0
          <idle>-0       [000] dNs2.  9267.593080: workqueue_queue_work: work struct=00000000f2d653ed function=vmstat_shepherd workqueue=events req_cpu=8192 cpu=0
     kworker/0:1-11812   [000] d..1.  9267.593142: workqueue_queue_work: work struct=00000000a398ad60 function=vmstat_update workqueue=mm_percpu_wq req_cpu=2 cpu=2
     kworker/0:1-11812   [000] d..1.  9267.593155: workqueue_queue_work: work struct=00000000a502d8a7 function=vmstat_update workqueue=mm_percpu_wq req_cpu=3 cpu=3
          <idle>-0       [000] d.s2.  9267.605032: workqueue_queue_work: work struct=0000000007ac3856 function=wb_update_bandwidth_workfn workqueue=writeback req_cpu=8192 cpu=-1
          <idle>-0       [002] d.s2.  9267.625023: workqueue_queue_work: work struct=000000002248c6cb function=psi_avgs_work workqueue=events req_cpu=8192 cpu=2
          <idle>-0       [003] d.s2.  9267.625023: workqueue_queue_work: work struct=00000000976a5310 function=psi_avgs_work workqueue=events req_cpu=8192 cpu=3
          <idle>-0       [001] d.s2.  9267.625023: workqueue_queue_work: work struct=000000004b192857 function=psi_avgs_work workqueue=events req_cpu=8192 cpu=1
          <idle>-0       [002] dNs2.  9267.625051: workqueue_queue_work: work struct=0000000098084a52 function=psi_avgs_work workqueue=events req_cpu=8192 cpu=2
          <idle>-0       [002] D.s3.  9267.634430: workqueue_queue_work: work struct=00000000fa8fa0a3 function=cfg80211_wiphy_work [cfg80211] workqueue=events req_cpu=8192 cpu=2
      KMS thread-1775    [002] d..1.  9267.692024: workqueue_queue_work: work struct=0000000045a1ebb6 function=radeon_flip_work_func [radeon] workqueue=radeon-crtc req_cpu=8192 cpu=2
          <idle>-0       [001] d.h2.  9267.693977: workqueue_queue_work: work struct=00000000fa3709ca function=radeon_unpin_work_func [radeon] workqueue=radeon-crtc req_cpu=8192 cpu=1
          <idle>-0       [002] D.s3.  9267.736831: workqueue_queue_work: work struct=00000000fa8fa0a3 function=cfg80211_wiphy_work [cfg80211] workqueue=events req_cpu=8192 cpu=2
          <idle>-0       [002] d.s2.  9267.785021: workqueue_queue_work: work struct=00000000c9c3d1d9 function=psi_avgs_work workqueue=events req_cpu=8192 cpu=2
          <idle>-0       [000] d.s2.  9267.785021: workqueue_queue_work: work struct=00000000490fc189 function=psi_avgs_work workqueue=events req_cpu=8192 cpu=0
          <idle>-0       [002] d.s2.  9267.817014: workqueue_queue_work: work struct=00000000ff412599 function=psi_avgs_work workqueue=events req_cpu=8192 cpu=2
          <idle>-0       [001] d.s2.  9267.817014: workqueue_queue_work: work struct=000000005921ad65 function=psi_avgs_work workqueue=events req_cpu=8192 cpu=1
          <idle>-0       [002] D.s3.  9267.839211: workqueue_queue_work: work struct=00000000fa8fa0a3 function=cfg80211_wiphy_work [cfg80211] workqueue=events req_cpu=8192 cpu=2
          <idle>-0       [000] d.s2.  9267.849020: workqueue_queue_work: work struct=00000000e4a1254c function=psi_avgs_work workqueue=events req_cpu=8192 cpu=0
          <idle>-0       [002] D.s3.  9267.941641: workqueue_queue_work: work struct=00000000fa8fa0a3 function=cfg80211_wiphy_work [cfg80211] workqueue=events req_cpu=8192 cpu=2
          <idle>-0       [002] D.s3.  9268.043930: workqueue_queue_work: work struct=00000000fa8fa0a3 function=cfg80211_wiphy_work [cfg80211] workqueue=events req_cpu=8192 cpu=2
          <idle>-0       [002] d.h4.  9268.046625: workqueue_queue_work: work struct=0000000087ec34eb function=console_callback workqueue=events req_cpu=8192 cpu=2
 gnome-terminal--2648    [003] d..1.  9268.053838: workqueue_queue_work: work struct=000000000eec7af9 function=flush_to_ldisc workqueue=events_unbound req_cpu=8192 cpu=-1
            sudo-2677    [000] d..1.  9268.054052: workqueue_queue_work: work struct=00000000526d5dbc function=flush_to_ldisc workqueue=events_unbound req_cpu=8192 cpu=-1
              vi-12138   [002] d..1.  9268.054289: workqueue_queue_work: work struct=000000008e85958b function=flush_to_ldisc workqueue=events_unbound req_cpu=8192 cpu=-1
            sudo-2677    [000] d..1.  9268.054380: workqueue_queue_work: work struct=00000000d4bb5238 function=flush_to_ldisc workqueue=events_unbound req_cpu=8192 cpu=-1
              vi-12138   [002] d..1.  9268.057351: workqueue_queue_work: work struct=000000008e85958b function=flush_to_ldisc workqueue=events_unbound req_cpu=8192 cpu=-1
            sudo-2677    [000] d..1.  9268.057494: workqueue_queue_work: work struct=00000000d4bb5238 function=flush_to_ldisc workqueue=events_unbound req_cpu=8192 cpu=-1
              vi-12138   [002] d..1.  9268.057721: workqueue_queue_work: work struct=000000008e85958b function=flush_to_ldisc workqueue=events_unbound req_cpu=8192 cpu=-1
            sudo-2677    [000] d..1.  9268.057840: workqueue_queue_work: work struct=00000000d4bb5238 function=flush_to_ldisc workqueue=events_unbound req_cpu=8192 cpu=-1
          <idle>-0       [000] d.s2.  9268.073008: workqueue_queue_work: work struct=000000007f97638c function=psi_avgs_work workqueue=events req_cpu=8192 cpu=0
          <idle>-0       [000] d.s2.  9268.105003: workqueue_queue_work: work struct=000000000aa77256 function=mld_ifc_work workqueue=mld req_cpu=8192 cpu=0
      KMS thread-1775    [002] d..1.  9268.109892: workqueue_queue_work: work struct=000000009bbe1399 function=radeon_flip_work_func [radeon] workqueue=radeon-crtc req_cpu=8192 cpu=2
          <idle>-0       [001] d.h2.  9268.110788: workqueue_queue_work: work struct=00000000b6481b62 function=radeon_unpin_work_func [radeon] workqueue=radeon-crtc req_cpu=8192 cpu=1
          <idle>-0       [002] D.s3.  9268.146439: workqueue_queue_work: work struct=00000000fa8fa0a3 function=cfg80211_wiphy_work [cfg80211] workqueue=events req_cpu=8192 cpu=2
          <idle>-0       [002] D.s3.  9268.169165: workqueue_queue_work: work struct=000000009eebf005 function=rtl_lps_change_work_callback [rtlwifi] workqueue=events req_cpu=8192 cpu=2
          <idle>-0       [000] d.s2.  9268.201000: workqueue_queue_work: work struct=0000000035af1c45 function=radeon_fence_check_lockup [radeon] workqueue=events_power_efficient req_cpu=8192 cpu=-1
          <idle>-0       [003] d.s2.  9268.201000: workqueue_queue_work: work struct=000000006f38f747 function=psi_avgs_work workqueue=events req_cpu=8192 cpu=3
          <idle>-0       [000] d.s2.  9268.201018: workqueue_queue_work: work struct=0000000033d21aef function=psi_avgs_work workqueue=events req_cpu=8192 cpu=0
          <idle>-0       [002] d.h4.  9268.201828: workqueue_queue_work: work struct=0000000087ec34eb function=console_callback workqueue=events req_cpu=8192 cpu=2
          <idle>-0       [002] D.s3.  9268.248813: workqueue_queue_work: work struct=00000000fa8fa0a3 function=cfg80211_wiphy_work [cfg80211] workqueue=events req_cpu=8192 cpu=2
          <idle>-0       [002] D.s3.  9268.351234: workqueue_queue_work: work struct=00000000fa8fa0a3 function=cfg80211_wiphy_work [cfg80211] workqueue=events req_cpu=8192 cpu=2
          <idle>-0       [003] d.s2.  9268.425003: workqueue_queue_work: work struct=00000000bf0b8697 function=output_poll_execute [drm_kms_helper] workqueue=events req_cpu=8192 cpu=3
          <idle>-0       [002] D.s3.  9268.453614: workqueue_queue_work: work struct=00000000fa8fa0a3 function=cfg80211_wiphy_work [cfg80211] workqueue=events req_cpu=8192 cpu=2
          <idle>-0       [002] d.h4.  9268.476181: workqueue_queue_work: work struct=0000000087ec34eb function=console_callback workqueue=events req_cpu=8192 cpu=2
 gnome-terminal--2648    [003] d..1.  9268.481192: workqueue_queue_work: work struct=000000000eec7af9 function=flush_to_ldisc workqueue=events_unbound req_cpu=8192 cpu=-1
            sudo-2677    [000] d..1.  9268.481397: workqueue_queue_work: work struct=00000000526d5dbc function=flush_to_ldisc workqueue=events_unbound req_cpu=8192 cpu=-1
              vi-12138   [002] d..1.  9268.481669: workqueue_queue_work: work struct=000000008e85958b function=flush_to_ldisc workqueue=events_unbound req_cpu=8192 cpu=-1
            sudo-2677    [000] d..1.  9268.481764: workqueue_queue_work: work struct=00000000d4bb5238 function=flush_to_ldisc workqueue=events_unbound req_cpu=8192 cpu=-1
              vi-12138   [002] d..1.  9268.484609: workqueue_queue_work: work struct=000000008e85958b function=flush_to_ldisc workqueue=events_unbound req_cpu=8192 cpu=-1
            sudo-2677    [000] d..1.  9268.484783: workqueue_queue_work: work struct=00000000d4bb5238 function=flush_to_ldisc workqueue=events_unbound req_cpu=8192 cpu=-1
              vi-12138   [002] d..1.  9268.484977: workqueue_queue_work: work struct=000000008e85958b function=flush_to_ldisc workqueue=events_unbound req_cpu=8192 cpu=-1
            sudo-2677    [000] d..1.  9268.485074: workqueue_queue_work: work struct=00000000d4bb5238 function=flush_to_ldisc workqueue=events_unbound req_cpu=8192 cpu=-1
          <idle>-0       [003] d.s2.  9268.520891: workqueue_queue_work: work struct=00000000a502d8a7 function=vmstat_update workqueue=mm_percpu_wq req_cpu=3 cpu=3
          <idle>-0       [002] dNs2.  9268.520915: workqueue_queue_work: work struct=00000000a398ad60 function=vmstat_update workqueue=mm_percpu_wq req_cpu=2 cpu=2
      KMS thread-1775    [002] d..1.  9268.540987: workqueue_queue_work: work struct=0000000002a7c920 function=radeon_flip_work_func [radeon] workqueue=radeon-crtc req_cpu=8192 cpu=2
          <idle>-0       [001] d.h2.  9268.544461: workqueue_queue_work: work struct=000000004979ca36 function=radeon_unpin_work_func [radeon] workqueue=radeon-crtc req_cpu=8192 cpu=1
          <idle>-0       [002] D.s3.  9268.556023: workqueue_queue_work: work struct=00000000fa8fa0a3 function=cfg80211_wiphy_work [cfg80211] workqueue=events req_cpu=8192 cpu=2
          <idle>-0       [000] d.s2.  9268.556881: workqueue_queue_work: work struct=00000000f2d653ed function=vmstat_shepherd workqueue=events req_cpu=8192 cpu=0
     kworker/0:1-11812   [000] d..1.  9268.556933: workqueue_queue_work: work struct=00000000e6261fad function=vmstat_update workqueue=mm_percpu_wq req_cpu=1 cpu=1
     dbus-daemon-702     [002] d.h3.  9268.607014: workqueue_queue_work: work struct=0000000087ec34eb function=console_callback workqueue=events req_cpu=8192 cpu=2
          <idle>-0       [003] d.s2.  9268.616871: workqueue_queue_work: work struct=000000001555026e function=radeon_fence_check_lockup [radeon] workqueue=events_power_efficient req_cpu=8192 cpu=-1
          <idle>-0       [002] d.s2.  9268.648877: workqueue_queue_work: work struct=000000001ee82721 function=psi_avgs_work workqueue=events req_cpu=8192 cpu=2
          <idle>-0       [002] D.s3.  9268.658414: workqueue_queue_work: work struct=00000000fa8fa0a3 function=cfg80211_wiphy_work [cfg80211] workqueue=events req_cpu=8192 cpu=2
          <idle>-0       [000] d.s2.  9268.680978: workqueue_queue_work: work struct=000000009177d1f7 function=kfree_rcu_monitor workqueue=events req_cpu=8192 cpu=0
          <idle>-0       [002] d.h4.  9268.687603: workqueue_queue_work: work struct=0000000087ec34eb function=console_callback workqueue=events req_cpu=8192 cpu=2
 gnome-terminal--2648    [003] d..1.  9268.692502: workqueue_queue_work: work struct=000000000eec7af9 function=flush_to_ldisc workqueue=events_unbound req_cpu=8192 cpu=-1
            sudo-2677    [001] d..1.  9268.692718: workqueue_queue_work: work struct=00000000526d5dbc function=flush_to_ldisc workqueue=events_unbound req_cpu=8192 cpu=-1
              vi-12138   [002] d..1.  9268.692999: workqueue_queue_work: work struct=000000008e85958b function=flush_to_ldisc workqueue=events_unbound req_cpu=8192 cpu=-1
            sudo-2677    [001] d..1.  9268.693124: workqueue_queue_work: work struct=00000000d4bb5238 function=flush_to_ldisc workqueue=events_unbound req_cpu=8192 cpu=-1
              vi-12138   [002] d..1.  9268.695921: workqueue_queue_work: work struct=000000008e85958b function=flush_to_ldisc workqueue=events_unbound req_cpu=8192 cpu=-1
            sudo-2677    [001] d..1.  9268.696102: workqueue_queue_work: work struct=00000000d4bb5238 function=flush_to_ldisc workqueue=events_unbound req_cpu=8192 cpu=-1
              vi-12138   [002] d..1.  9268.696209: workqueue_queue_work: work struct=000000008e85958b function=flush_to_ldisc workqueue=events_unbound req_cpu=8192 cpu=-1
            sudo-2677    [001] d..1.  9268.696335: workqueue_queue_work: work struct=00000000d4bb5238 function=flush_to_ldisc workqueue=events_unbound req_cpu=8192 cpu=-1
          <idle>-0       [003] d.s2.  9268.712980: workqueue_queue_work: work struct=0000000088a0b293 function=psi_avgs_work workqueue=events req_cpu=8192 cpu=3
      KMS thread-1775    [002] d..1.  9268.739990: workqueue_queue_work: work struct=00000000fc7132f0 function=radeon_flip_work_func [radeon] workqueue=radeon-crtc req_cpu=8192 cpu=2
          <idle>-0       [001] d.h2.  9268.744551: workqueue_queue_work: work struct=000000001837b86f function=radeon_unpin_work_func [radeon] workqueue=radeon-crtc req_cpu=8192 cpu=1
          <idle>-0       [002] D.s3.  9268.760716: workqueue_queue_work: work struct=00000000fa8fa0a3 function=cfg80211_wiphy_work [cfg80211] workqueue=events req_cpu=8192 cpu=2
          <idle>-0       [002] d.h4.  9268.829834: workqueue_queue_work: work struct=0000000087ec34eb function=console_callback workqueue=events req_cpu=8192 cpu=2
          <idle>-0       [002] D.s3.  9268.863241: workqueue_queue_work: work struct=00000000fa8fa0a3 function=cfg80211_wiphy_work [cfg80211] workqueue=events req_cpu=8192 cpu=2
          <idle>-0       [002] D.s3.  9268.965655: workqueue_queue_work: work struct=00000000fa8fa0a3 function=cfg80211_wiphy_work [cfg80211] workqueue=events req_cpu=8192 cpu=2
          <idle>-0       [000] d.s2.  9269.000963: workqueue_queue_work: work struct=00000000d63bde61 function=psi_avgs_work workqueue=events req_cpu=8192 cpu=0
          <idle>-0       [001] d.s2.  9269.032963: workqueue_queue_work: work struct=000000003f4d9cf4 function=disk_events_workfn workqueue=events_freezable_power_ req_cpu=8192 cpu=-1
          <idle>-0       [000] d.s2.  9269.064954: workqueue_queue_work: work struct=0000000035af1c45 function=radeon_fence_check_lockup [radeon] workqueue=events_power_efficient req_cpu=8192 cpu=-1
          <idle>-0       [002] D.s3.  9269.068023: workqueue_queue_work: work struct=00000000fa8fa0a3 function=cfg80211_wiphy_work [cfg80211] workqueue=events req_cpu=8192 cpu=2
          <idle>-0       [001] d.s2.  9269.096961: workqueue_queue_work: work struct=0000000084c1c426 function=psi_avgs_work workqueue=events req_cpu=8192 cpu=1
          <idle>-0       [002] D.s3.  9269.170432: workqueue_queue_work: work struct=00000000fa8fa0a3 function=cfg80211_wiphy_work [cfg80211] workqueue=events req_cpu=8192 cpu=2
          <idle>-0       [000] d.s2.  9269.192954: workqueue_queue_work: work struct=00000000737a55da function=psi_avgs_work workqueue=events req_cpu=8192 cpu=0
     gnome-shell-1740    [001] d.s1.  9269.196852: workqueue_queue_work: work struct=00000000d71a3ff0 function=flush_memcg_stats_dwork workqueue=events_unbound req_cpu=8192 cpu=-1
          <idle>-0       [000] d.s2.  9269.224952: workqueue_queue_work: work struct=000000002622c828 function=psi_avgs_work workqueue=events req_cpu=8192 cpu=0
          <idle>-0       [002] d.h4.  9269.237845: workqueue_queue_work: work struct=0000000087ec34eb function=console_callback workqueue=events req_cpu=8192 cpu=2
 gnome-terminal--2648    [003] d..1.  9269.242696: workqueue_queue_work: work struct=000000000eec7af9 function=flush_to_ldisc workqueue=events_unbound req_cpu=8192 cpu=-1
            sudo-2677    [001] d..1.  9269.242904: workqueue_queue_work: work struct=00000000526d5dbc function=flush_to_ldisc workqueue=events_unbound req_cpu=8192 cpu=-1
              vi-12138   [002] d..1.  9269.243173: workqueue_queue_work: work struct=000000008e85958b function=flush_to_ldisc workqueue=events_unbound req_cpu=8192 cpu=-1
            sudo-2677    [001] d..1.  9269.243295: workqueue_queue_work: work struct=00000000d4bb5238 function=flush_to_ldisc workqueue=events_unbound req_cpu=8192 cpu=-1
              vi-12138   [002] d..1.  9269.246223: workqueue_queue_work: work struct=000000008e85958b function=flush_to_ldisc workqueue=events_unbound req_cpu=8192 cpu=-1
            sudo-2677    [001] d..1.  9269.246400: workqueue_queue_work: work struct=00000000d4bb5238 function=flush_to_ldisc workqueue=events_unbound req_cpu=8192 cpu=-1
              vi-12138   [002] d..1.  9269.246516: workqueue_queue_work: work struct=000000008e85958b function=flush_to_ldisc workqueue=events_unbound req_cpu=8192 cpu=-1
            sudo-2677    [001] d..1.  9269.246604: workqueue_queue_work: work struct=00000000d4bb5238 function=flush_to_ldisc workqueue=events_unbound req_cpu=8192 cpu=-1
          <idle>-0       [002] D.s3.  9269.272828: workqueue_queue_work: work struct=00000000fa8fa0a3 function=cfg80211_wiphy_work [cfg80211] workqueue=events req_cpu=8192 cpu=2
      KMS thread-1775    [002] d..1.  9269.289427: workqueue_queue_work: work struct=0000000014b8e759 function=radeon_flip_work_func [radeon] workqueue=radeon-crtc req_cpu=8192 cpu=2
          <idle>-0       [001] d.h2.  9269.294723: workqueue_queue_work: work struct=00000000785aa91a function=radeon_unpin_work_func [radeon] workqueue=radeon-crtc req_cpu=8192 cpu=1
          <idle>-0       [000] d.s2.  9269.352939: workqueue_queue_work: work struct=000000008c357fe6 function=psi_avgs_work workqueue=events req_cpu=8192 cpu=0
          <idle>-0       [002] d.s2.  9269.352939: workqueue_queue_work: work struct=0000000003fdf169 function=psi_avgs_work workqueue=events req_cpu=8192 cpu=2
          <idle>-0       [001] d.s2.  9269.352939: workqueue_queue_work: work struct=00000000ce38c089 function=psi_avgs_work workqueue=events req_cpu=8192 cpu=1
          <idle>-0       [003] d.s2.  9269.352939: workqueue_queue_work: work struct=00000000c329e28f function=rtl_watchdog_wq_callback [rtlwifi] workqueue=rtl8723be_pci req_cpu=8192 cpu=3
          <idle>-0       [002] D.s3.  9269.375224: workqueue_queue_work: work struct=00000000fa8fa0a3 function=cfg80211_wiphy_work [cfg80211] workqueue=events req_cpu=8192 cpu=2
          <idle>-0       [002] d.h4.  9269.385521: workqueue_queue_work: work struct=0000000087ec34eb function=console_callback workqueue=events req_cpu=8192 cpu=2
          <idle>-0       [002] D.s3.  9269.477632: workqueue_queue_work: work struct=00000000fa8fa0a3 function=cfg80211_wiphy_work [cfg80211] workqueue=events req_cpu=8192 cpu=2
     gnome-shell-1740    [001] d.s1.  9269.572817: workqueue_queue_work: work struct=00000000e6261fad function=vmstat_update workqueue=mm_percpu_wq req_cpu=1 cpu=1
          <idle>-0       [000] d.s2.  9269.572821: workqueue_queue_work: work struct=00000000f2d653ed function=vmstat_shepherd workqueue=events req_cpu=8192 cpu=0
          <idle>-0       [000] d.s2.  9269.576928: workqueue_queue_work: work struct=00000000c9d0389d function=psi_avgs_work workqueue=events req_cpu=8192 cpu=0
          <idle>-0       [000] dNs2.  9269.576949: workqueue_queue_work: work struct=00000000b75a7c34 function=psi_avgs_work workqueue=events req_cpu=8192 cpu=0
          <idle>-0       [002] D.s3.  9269.580013: workqueue_queue_work: work struct=00000000fa8fa0a3 function=cfg80211_wiphy_work [cfg80211] workqueue=events req_cpu=8192 cpu=2
          <idle>-0       [002] dNs2.  9269.608965: workqueue_queue_work: work struct=000000002248c6cb function=psi_avgs_work workqueue=events req_cpu=8192 cpu=2
          <idle>-0       [003] d.s2.  9269.640834: workqueue_queue_work: work struct=00000000976a5310 function=psi_avgs_work workqueue=events req_cpu=8192 cpu=3
          <idle>-0       [002] D.s3.  9269.682411: workqueue_queue_work: work struct=00000000fa8fa0a3 function=cfg80211_wiphy_work [cfg80211] workqueue=events req_cpu=8192 cpu=2
          <idle>-0       [000] dNs2.  9269.768944: workqueue_queue_work: work struct=00000000490fc189 function=psi_avgs_work workqueue=events req_cpu=8192 cpu=0
          <idle>-0       [002] D.s3.  9269.784831: workqueue_queue_work: work struct=00000000fa8fa0a3 function=cfg80211_wiphy_work [cfg80211] workqueue=events req_cpu=8192 cpu=2
          <idle>-0       [000] d.s2.  9269.800827: workqueue_queue_work: work struct=000000008c357fe6 function=psi_avgs_work workqueue=events req_cpu=8192 cpu=0
          <idle>-0       [002] d.s2.  9269.800827: workqueue_queue_work: work struct=00000000c9c3d1d9 function=psi_avgs_work workqueue=events req_cpu=8192 cpu=2
          <idle>-0       [000] dNs2.  9269.800849: workqueue_queue_work: work struct=0000000035af1c45 function=radeon_fence_check_lockup [radeon] workqueue=events_power_efficient req_cpu=8192 cpu=-1
          <idle>-0       [001] d.s2.  9269.832917: workqueue_queue_work: work struct=000000005921ad65 function=psi_avgs_work workqueue=events req_cpu=8192 cpu=1
          <idle>-0       [000] d.s2.  9269.832917: workqueue_queue_work: work struct=00000000e4a1254c function=psi_avgs_work workqueue=events req_cpu=8192 cpu=0
          <idle>-0       [002] d.s2.  9269.832917: workqueue_queue_work: work struct=00000000ff412599 function=psi_avgs_work workqueue=events req_cpu=8192 cpu=2
     kworker/2:0-11861   [002] d.h4.  9269.833010: workqueue_queue_work: work struct=0000000087ec34eb function=console_callback workqueue=events req_cpu=8192 cpu=2
 gnome-terminal--2648    [003] d..1.  9269.837751: workqueue_queue_work: work struct=000000000eec7af9 function=flush_to_ldisc workqueue=events_unbound req_cpu=8192 cpu=-1
            sudo-2677    [001] d..1.  9269.837961: workqueue_queue_work: work struct=00000000526d5dbc function=flush_to_ldisc workqueue=events_unbound req_cpu=8192 cpu=-1
              vi-12138   [002] d..1.  9269.838237: workqueue_queue_work: work struct=000000008e85958b function=flush_to_ldisc workqueue=events_unbound req_cpu=8192 cpu=-1
            sudo-2677    [001] d..1.  9269.838360: workqueue_queue_work: work struct=00000000d4bb5238 function=flush_to_ldisc workqueue=events_unbound req_cpu=8192 cpu=-1
              vi-12138   [002] d..1.  9269.841282: workqueue_queue_work: work struct=000000008e85958b function=flush_to_ldisc workqueue=events_unbound req_cpu=8192 cpu=-1
            sudo-2677    [001] d..1.  9269.841455: workqueue_queue_work: work struct=00000000d4bb5238 function=flush_to_ldisc workqueue=events_unbound req_cpu=8192 cpu=-1
              vi-12138   [002] d..1.  9269.841581: workqueue_queue_work: work struct=000000008e85958b function=flush_to_ldisc workqueue=events_unbound req_cpu=8192 cpu=-1
            sudo-2677    [001] d..1.  9269.841705: workqueue_queue_work: work struct=00000000d4bb5238 function=flush_to_ldisc workqueue=events_unbound req_cpu=8192 cpu=-1
          <idle>-0       [002] D.s3.  9269.887214: workqueue_queue_work: work struct=00000000fa8fa0a3 function=cfg80211_wiphy_work [cfg80211] workqueue=events req_cpu=8192 cpu=2
      KMS thread-1775    [002] d..1.  9269.890288: workqueue_queue_work: work struct=00000000110e7fb5 function=radeon_flip_work_func [radeon] workqueue=radeon-crtc req_cpu=8192 cpu=2
          <idle>-0       [001] d.h2.  9269.894990: workqueue_queue_work: work struct=000000009756dce7 function=radeon_unpin_work_func [radeon] workqueue=radeon-crtc req_cpu=8192 cpu=1
          <idle>-0       [002] d.s2.  9269.960925: workqueue_queue_work: work struct=0000000049eabb6e function=wb_workfn workqueue=writeback req_cpu=8192 cpu=-1
          <idle>-0       [002] D.s3.  9269.989632: workqueue_queue_work: work struct=00000000fa8fa0a3 function=cfg80211_wiphy_work [cfg80211] workqueue=events req_cpu=8192 cpu=2
          <idle>-0       [000] d.s2.  9270.056833: workqueue_queue_work: work struct=000000007f97638c function=psi_avgs_work workqueue=events req_cpu=8192 cpu=0
          <idle>-0       [003] d.s2.  9270.056833: workqueue_queue_work: work struct=0000000043c150c1 function=psi_avgs_work workqueue=events req_cpu=8192 cpu=3
          <idle>-0       [000] d.s2.  9270.088904: workqueue_queue_work: work struct=000000006c0345f5 function=psi_avgs_work workqueue=events req_cpu=8192 cpu=0
          <idle>-0       [002] D.s3.  9270.091956: workqueue_queue_work: work struct=00000000fa8fa0a3 function=cfg80211_wiphy_work [cfg80211] workqueue=events req_cpu=8192 cpu=2
          <idle>-0       [002] d.h4.  9270.137967: workqueue_queue_work: work struct=0000000087ec34eb function=console_callback workqueue=events req_cpu=8192 cpu=2
          <idle>-0       [002] d.h4.  9270.173828: workqueue_queue_work: work struct=0000000087ec34eb function=console_callback workqueue=events req_cpu=8192 cpu=2
          <idle>-0       [000] d.s2.  9270.184904: workqueue_queue_work: work struct=0000000033d21aef function=psi_avgs_work workqueue=events req_cpu=8192 cpu=0
          <idle>-0       [002] D.s3.  9270.194414: workqueue_queue_work: work struct=00000000fa8fa0a3 function=cfg80211_wiphy_work [cfg80211] workqueue=events req_cpu=8192 cpu=2
          <idle>-0       [002] d.h4.  9270.210804: workqueue_queue_work: work struct=0000000087ec34eb function=console_callback workqueue=events req_cpu=8192 cpu=2
          <idle>-0       [002] d.h4.  9270.248557: workqueue_queue_work: work struct=0000000087ec34eb function=console_callback workqueue=events req_cpu=8192 cpu=2
          <idle>-0       [002] d.h4.  9270.284554: workqueue_queue_work: work struct=0000000087ec34eb function=console_callback workqueue=events req_cpu=8192 cpu=2
          <idle>-0       [002] D.s3.  9270.296814: workqueue_queue_work: work struct=00000000fa8fa0a3 function=cfg80211_wiphy_work [cfg80211] workqueue=events req_cpu=8192 cpu=2
          <idle>-0       [002] d.h4.  9270.321319: workqueue_queue_work: work struct=0000000087ec34eb function=console_callback workqueue=events req_cpu=8192 cpu=2
 gnome-terminal--2648    [003] d..1.  9270.337592: workqueue_queue_work: work struct=000000000eec7af9 function=flush_to_ldisc workqueue=events_unbound req_cpu=8192 cpu=-1
            sudo-2677    [002] d..1.  9270.337756: workqueue_queue_work: work struct=00000000526d5dbc function=flush_to_ldisc workqueue=events_unbound req_cpu=8192 cpu=-1
              vi-12138   [002] d..1.  9270.337963: workqueue_queue_work: work struct=000000008e85958b function=flush_to_ldisc workqueue=events_unbound req_cpu=8192 cpu=-1
            sudo-2677    [003] d..1.  9270.338067: workqueue_queue_work: work struct=00000000d4bb5238 function=flush_to_ldisc workqueue=events_unbound req_cpu=8192 cpu=-1
              vi-12138   [002] d..1.  9270.340959: workqueue_queue_work: work struct=000000008e85958b function=flush_to_ldisc workqueue=events_unbound req_cpu=8192 cpu=-1
            sudo-2677    [003] d..1.  9270.341148: workqueue_queue_work: work struct=00000000d4bb5238 function=flush_to_ldisc workqueue=events_unbound req_cpu=8192 cpu=-1
              vi-12138   [002] d..1.  9270.341254: workqueue_queue_work: work struct=000000008e85958b function=flush_to_ldisc workqueue=events_unbound req_cpu=8192 cpu=-1
            sudo-2677    [000] d..1.  9270.341389: workqueue_queue_work: work struct=00000000d4bb5238 function=flush_to_ldisc workqueue=events_unbound req_cpu=8192 cpu=-1
          <idle>-0       [002] d.h4.  9270.357345: workqueue_queue_work: work struct=0000000087ec34eb function=console_callback workqueue=events req_cpu=8192 cpu=2
 gnome-terminal--2648    [003] d..1.  9270.378738: workqueue_queue_work: work struct=000000000eec7af9 function=flush_to_ldisc workqueue=events_unbound req_cpu=8192 cpu=-1
            sudo-2677    [000] d..1.  9270.378916: workqueue_queue_work: work struct=00000000526d5dbc function=flush_to_ldisc workqueue=events_unbound req_cpu=8192 cpu=-1
              vi-12138   [002] d..1.  9270.379168: workqueue_queue_work: work struct=000000008e85958b function=flush_to_ldisc workqueue=events_unbound req_cpu=8192 cpu=-1
            sudo-2677    [000] d..1.  9270.379258: workqueue_queue_work: work struct=00000000d4bb5238 function=flush_to_ldisc workqueue=events_unbound req_cpu=8192 cpu=-1
              vi-12138   [002] d..1.  9270.382142: workqueue_queue_work: work struct=000000008e85958b function=flush_to_ldisc workqueue=events_unbound req_cpu=8192 cpu=-1
